Component: ARM Compiler 5.06 update 6 (build 750) Tool: armlink [4d35ed]

==============================================================================

Section Cross References

    startup_stm32f407xx.o(STACK) refers (Special) to heapauxi.o(.text) for __use_two_region_memory
    startup_stm32f407xx.o(HEAP) refers (Special) to heapauxi.o(.text) for __use_two_region_memory
    startup_stm32f407xx.o(RESET) refers (Special) to heapauxi.o(.text) for __use_two_region_memory
    startup_stm32f407xx.o(RESET) refers to startup_stm32f407xx.o(STACK) for __initial_sp
    startup_stm32f407xx.o(RESET) refers to startup_stm32f407xx.o(.text) for Reset_Handler
    startup_stm32f407xx.o(RESET) refers to stm32f4xx_it.o(i.NMI_Handler) for NMI_Handler
    startup_stm32f407xx.o(RESET) refers to stm32f4xx_it.o(i.HardFault_Handler) for HardFault_Handler
    startup_stm32f407xx.o(RESET) refers to stm32f4xx_it.o(i.MemManage_Handler) for MemManage_Handler
    startup_stm32f407xx.o(RESET) refers to stm32f4xx_it.o(i.BusFault_Handler) for BusFault_Handler
    startup_stm32f407xx.o(RESET) refers to stm32f4xx_it.o(i.UsageFault_Handler) for UsageFault_Handler
    startup_stm32f407xx.o(RESET) refers to port.o(.emb_text) for SVC_Handler
    startup_stm32f407xx.o(RESET) refers to stm32f4xx_it.o(i.DebugMon_Handler) for DebugMon_Handler
    startup_stm32f407xx.o(RESET) refers to cmsis_os2.o(i.SysTick_Handler) for SysTick_Handler
    startup_stm32f407xx.o(RESET) refers to stm32f4xx_it.o(i.DMA1_Stream1_IRQHandler) for DMA1_Stream1_IRQHandler
    startup_stm32f407xx.o(RESET) refers to stm32f4xx_it.o(i.DMA1_Stream2_IRQHandler) for DMA1_Stream2_IRQHandler
    startup_stm32f407xx.o(RESET) refers to stm32f4xx_it.o(i.DMA1_Stream3_IRQHandler) for DMA1_Stream3_IRQHandler
    startup_stm32f407xx.o(RESET) refers to stm32f4xx_it.o(i.DMA1_Stream4_IRQHandler) for DMA1_Stream4_IRQHandler
    startup_stm32f407xx.o(RESET) refers to stm32f4xx_it.o(i.DMA1_Stream5_IRQHandler) for DMA1_Stream5_IRQHandler
    startup_stm32f407xx.o(RESET) refers to stm32f4xx_it.o(i.DMA1_Stream6_IRQHandler) for DMA1_Stream6_IRQHandler
    startup_stm32f407xx.o(RESET) refers to stm32f4xx_it.o(i.CAN1_TX_IRQHandler) for CAN1_TX_IRQHandler
    startup_stm32f407xx.o(RESET) refers to stm32f4xx_it.o(i.CAN1_RX0_IRQHandler) for CAN1_RX0_IRQHandler
    startup_stm32f407xx.o(RESET) refers to stm32f4xx_it.o(i.EXTI9_5_IRQHandler) for EXTI9_5_IRQHandler
    startup_stm32f407xx.o(RESET) refers to stm32f4xx_it.o(i.TIM3_IRQHandler) for TIM3_IRQHandler
    startup_stm32f407xx.o(RESET) refers to stm32f4xx_it.o(i.TIM4_IRQHandler) for TIM4_IRQHandler
    startup_stm32f407xx.o(RESET) refers to stm32f4xx_it.o(i.USART1_IRQHandler) for USART1_IRQHandler
    startup_stm32f407xx.o(RESET) refers to stm32f4xx_it.o(i.USART2_IRQHandler) for USART2_IRQHandler
    startup_stm32f407xx.o(RESET) refers to stm32f4xx_it.o(i.USART3_IRQHandler) for USART3_IRQHandler
    startup_stm32f407xx.o(RESET) refers to stm32f4xx_it.o(i.UART4_IRQHandler) for UART4_IRQHandler
    startup_stm32f407xx.o(RESET) refers to stm32f4xx_it.o(i.TIM6_DAC_IRQHandler) for TIM6_DAC_IRQHandler
    startup_stm32f407xx.o(RESET) refers to stm32f4xx_it.o(i.DMA2_Stream1_IRQHandler) for DMA2_Stream1_IRQHandler
    startup_stm32f407xx.o(RESET) refers to stm32f4xx_it.o(i.DMA2_Stream2_IRQHandler) for DMA2_Stream2_IRQHandler
    startup_stm32f407xx.o(RESET) refers to stm32f4xx_it.o(i.DMA2_Stream3_IRQHandler) for DMA2_Stream3_IRQHandler
    startup_stm32f407xx.o(RESET) refers to stm32f4xx_it.o(i.CAN2_TX_IRQHandler) for CAN2_TX_IRQHandler
    startup_stm32f407xx.o(RESET) refers to stm32f4xx_it.o(i.CAN2_RX0_IRQHandler) for CAN2_RX0_IRQHandler
    startup_stm32f407xx.o(RESET) refers to stm32f4xx_it.o(i.DMA2_Stream6_IRQHandler) for DMA2_Stream6_IRQHandler
    startup_stm32f407xx.o(RESET) refers to stm32f4xx_it.o(i.DMA2_Stream7_IRQHandler) for DMA2_Stream7_IRQHandler
    startup_stm32f407xx.o(RESET) refers to stm32f4xx_it.o(i.USART6_IRQHandler) for USART6_IRQHandler
    startup_stm32f407xx.o(.text) refers (Special) to heapauxi.o(.text) for __use_two_region_memory
    startup_stm32f407xx.o(.text) refers to system_stm32f4xx.o(i.SystemInit) for SystemInit
    startup_stm32f407xx.o(.text) refers to __main.o(!!!main) for __main
    startup_stm32f407xx.o(.text) refers to startup_stm32f407xx.o(HEAP) for Heap_Mem
    startup_stm32f407xx.o(.text) refers to startup_stm32f407xx.o(STACK) for Stack_Mem
    main.o(i.HAL_TIM_PeriodElapsedCallback) refers to stm32f4xx_hal.o(i.HAL_IncTick) for HAL_IncTick
    main.o(i.HAL_TIM_PeriodElapsedCallback) refers to drive_tim.o(i.Update_SystemTick) for Update_SystemTick
    main.o(i.SystemClock_Config) refers to rt_memclr_w.o(.text) for __aeabi_memclr4
    main.o(i.SystemClock_Config) refers to stm32f4xx_hal_rcc.o(i.HAL_RCC_OscConfig) for HAL_RCC_OscConfig
    main.o(i.SystemClock_Config) refers to main.o(i.Error_Handler) for Error_Handler
[...]
    SystemTimerCnt                           0x200000c4   Data           4  drive_tim.o(.data)
    Timer_Manager                            0x200000c8   Data           8  drive_tim.o(.data)
    valid_num1                               0x200000d4   Data           4  drive_atk_mw1278d_uart.o(.data)
    valid_num2                               0x200000d8   Data           4  drive_atk_mw1278d_uart.o(.data)
    valid_num3                               0x200000dc   Data           4  drive_atk_mw1278d_uart.o(.data)
    temp                                     0x200000fc   Data           4  drive_atk_mw1278d_uart.o(.data)
    flt1                                     0x20000100   Data           4  drive_atk_mw1278d_uart.o(.data)
    flt2                                     0x20000104   Data           4  drive_atk_mw1278d_uart.o(.data)
    gWs2812bDat                              0x2000010a   Data         120  drive_ws2812.o(.data)
    PidTimer::get_systemTick                 0x20000184   Data           4  pid.o(.data)
    catch_ang                                0x20000198   Data           4  launcher.o(.data)
    kp                                       0x2000019c   Data           4  launcher.o(.data)
    ki                                       0x200001a0   Data           4  launcher.o(.data)
    kd                                       0x200001a4   Data           4  launcher.o(.data)
    I_max                                    0x200001a8   Data           4  launcher.o(.data)
    out_max                                  0x200001ac   Data           4  launcher.o(.data)
    shoot_time                               0x200001b0   Data           4  launcher.o(.data)
    test_start_angle                         0x200001b4   Data           4  launcher.o(.data)
    test_in_motion                           0x200001b8   Data           1  launcher.o(.data)
    total                                    0x200001bc   Data           4  launcher.o(.data)
    test_remain_dis                          0x200001c0   Data           4  launcher.o(.data)
    test_toal_dis                            0x200001c4   Data           4  launcher.o(.data)
    test_target                              0x200001c8   Data           4  launcher.o(.data)
    test_real                                0x200001cc   Data           4  launcher.o(.data)
    test_reach                               0x200001d0   Data           1  launcher.o(.data)
    test_plan                                0x200001d1   Data           1  launcher.o(.data)
    kp_1                                     0x200001d4   Data           4  launcher.o(.data)
    ki_1                                     0x200001d8   Data           4  launcher.o(.data)
    kd_1                                     0x200001dc   Data           4  launcher.o(.data)
    I_max_1                                  0x200001e0   Data           4  launcher.o(.data)
    out_max_1                                0x200001e4   Data           4  launcher.o(.data)
    test_read                                0x200001fc   Data           4  speed_action.o(.data)
    center_point                             0x20000200   Data           8  speed_action.o(.data)
    nor_dir                                  0x20000208   Data           8  speed_action.o(.data)
    tan_dir                                  0x20000210   Data           8  speed_action.o(.data)
    dis_2_center                             0x20000218   Data           4  speed_action.o(.data)
    center_heading                           0x2000021c   Data           4  speed_action.o(.data)
    nor_speed                                0x20000220   Data           4  speed_action.o(.data)
    now_point                                0x20000224   Data           8  speed_action.o(.data)
    W                                        0x2000022c   Data           4  speed_action.o(.data)
    test_speed                               0x20000230   Data           4  speed_action.o(.data)
    delta                                    0x20000234   Data           4  speed_action.o(.data)
    target_point                             0x20000238   Data           8  speed_action.o(.data)
    temp_heading                             0x20000240   Data           4  speed_action.o(.data)
    target_Yawspeed                          0x20000244   Data           4  speed_action.o(.data)
    error                                    0x20000248   Data           4  speed_action.o(.data)
    road                                     0x2000024c   Data           4  speed_action.o(.data)
    road_rate                                0x20000250   Data           4  speed_action.o(.data)
    test_W                                   0x20000254   Data           4  speed_action.o(.data)
    radar_point                              0x20000258   Data           8  speed_action.o(.data)
    real_yaw                                 0x20000260   Data           4  speed_action.o(.data)
    receivex                                 0x20000264   Data           4  viewcommunication.o(.data)
    receivey                                 0x20000268   Data           4  viewcommunication.o(.data)
    receiveyaw                               0x2000026c   Data           4  viewcommunication.o(.data)
    dt                                       0x20000274   Data           4  speed_calculate.o(.data)
    last_time                                0x20000278   Data           4  speed_calculate.o(.data)
    now_time                                 0x2000027c   Data           4  speed_calculate.o(.data)
    Port                                     0x200002d4   Data           4  data_pool.o(.data)
    CAN1_TxPort                              0x200002d8   Data           4  data_pool.o(.data)
    CAN2_TxPort                              0x200002dc   Data           4  data_pool.o(.data)
    UART_TxPort                              0x200002e0   Data           4  data_pool.o(.data)
    Recieve_ROS_Port                         0x200002e4   Data           4  data_pool.o(.data)
    Send_ROS_Port                            0x200002e8   Data           4  data_pool.o(.data)
    Chassia_Port                             0x200002ec   Data           4  data_pool.o(.data)
    Broadcast_Port                           0x200002f0   Data           4  data_pool.o(.data)
    Receive_LaserModuleData_1_Port           0x200002f4   Data           4  data_pool.o(.data)
    Receive_LaserModuleData_2_Port           0x200002f8   Data           4  data_pool.o(.data)
    Enable_LaserModule_Port                  0x200002fc   Data           4  data_pool.o(.data)
    Relocate_Port                            0x20000300   Data           4  data_pool.o(.data)
    LED_Port                                 0x20000304   Data           4  data_pool.o(.data)
    VISION_TO_REAL_Port                      0x20000308   Data           4  data_pool.o(.data)
    VISION_TO_TARGET_Port                    0x2000030c   Data           4  data_pool.o(.data)
    Laser_Y                                  0x20000330   Data           4  laserpositioning_task.o(.data)
    Laser_X                                  0x20000334   Data           4  laserpositioning_task.o(.data)
    Laser_Y_return                           0x20000338   Data           4  laserpositioning_task.o(.data)
    Laser_X_return                           0x2000033c   Data           4  laserpositioning_task.o(.data)
    delta_hoop_x                             0x20000340   Data           4  laserpositioning_task.o(.data)
    delta_hoop_y                             0x20000344   Data           4  laserpositioning_task.o(.data)
    deltaX                                   0x20000348   Data           2  laserpositioning_task.o(.data)
    deltaY                                   0x2000034a   Data           2  laserpositioning_task.o(.data)
    YYY                                      0x2000034c   Data           4  laserpositioning_task.o(.data)
    XXX                                      0x20000350   Data           4  laserpositioning_task.o(.data)
    HOOP_X                                   0x20000364   Data           4  chassis_task.o(.data)
    HOOP_Y                                   0x20000368   Data           4  chassis_task.o(.data)
    error_read                               0x2000036c   Data           4  chassis_task.o(.data)
    cnt1                                     0x20000388   Data           4  fsm_joy.o(.data)
    cnt2                                     0x2000038c   Data           4  fsm_joy.o(.data)
    test                                     0x20000390   Data           4  fsm_joy.o(.data)
    signal                                   0x2000039b   Data           1  led.o(.data)
    relocate                                 0x200003ac   Data           8  relocate_task.o(.data)
    relocate_signal                          0x200003b4   Data           1  relocate_task.o(.data)
    hcan1                                    0x200003b8   Data          40  can.o(.bss)
    hcan2                                    0x200003e0   Data          40  can.o(.bss)
    hspi1                                    0x20000408   Data          88  spi.o(.bss)
    hdma_spi1_tx                             0x20000460   Data          96  spi.o(.bss)
    htim4                                    0x200004c0   Data          72  tim.o(.bss)
    htim6                                    0x20000508   Data          72  tim.o(.bss)
    htim10                                   0x20000550   Data          72  tim.o(.bss)
    huart4                                   0x20000598   Data          72  usart.o(.bss)
    huart1                                   0x200005e0   Data          72  usart.o(.bss)
    huart2                                   0x20000628   Data          72  usart.o(.bss)
    huart3                                   0x20000670   Data          72  usart.o(.bss)
    huart6                                   0x200006b8   Data          72  usart.o(.bss)
    hdma_uart4_rx                            0x20000700   Data          96  usart.o(.bss)
    hdma_uart4_tx                            0x20000760   Data          96  usart.o(.bss)
    hdma_usart1_tx                           0x200007c0   Data          96  usart.o(.bss)
    hdma_usart1_rx                           0x20000820   Data          96  usart.o(.bss)
    hdma_usart2_rx                           0x20000880   Data          96  usart.o(.bss)
    hdma_usart2_tx                           0x200008e0   Data          96  usart.o(.bss)
    hdma_usart3_rx                           0x20000940   Data          96  usart.o(.bss)
    hdma_usart3_tx                           0x200009a0   Data          96  usart.o(.bss)
    hdma_usart6_rx                           0x20000a00   Data          96  usart.o(.bss)
    hdma_usart6_tx                           0x20000a60   Data          96  usart.o(.bss)
    htim3                                    0x20000ac0   Data          72  stm32f4xx_hal_timebase_tim.o(.bss)
    xQueueRegistry                           0x20000b08   Data          64  queue.o(.bss)
    usart1_manager                           0x20005444   Data          16  drive_uart.o(.bss)
    usart2_manager                           0x20005454   Data          16  drive_uart.o(.bss)
    usart3_manager                           0x20005464   Data          16  drive_uart.o(.bss)
    usart4_manager                           0x20005474   Data          16  drive_uart.o(.bss)
    usart6_manager                           0x20005484   Data          16  drive_uart.o(.bss)
    Sendbuf                                  0x20005494   Data         100  drive_uart.o(.bss)
    Sendbuf1                                 0x200054f8   Data         100  drive_atk_mw1278d_uart.o(.bss)
    g_parse_buf                              0x20005580   Data          32  drive_atk_mw1278d_uart.o(.bss)
    g_rx_buf                                 0x200055a0   Data         128  drive_atk_mw1278d_uart.o(.bss)
    gWs2812bDat_SPI                          0x20005620   Data         960  drive_ws2812.o(.bss)
    air_joy                                  0x200059e0   Data          60  air_joy.o(.bss)
    RawPosData                               0x20005a1c   Data          48  position.o(.bss)
    RealPosData                              0x20005a4c   Data          24  position.o(.bss)
    posture                                  0x20005a64   Data          24  position.o(.bss)
    ominiPlanner                             0x20005a7c   Data          76  speed_action.o(.bss)
    Pos_Now                                  0x20005adc   Data          20  viewcommunication.o(.bss)
    Pos_Target                               0x20005af0   Data          20  viewcommunication.o(.bss)
    ReceiveData_total                        0x20005b04   Data          40  viewcommunication.o(.bss)
    point_X_pid                              0x20005b5c   Data         104  speed_calculate.o(.bss)
    point_Y_pid                              0x20005bc4   Data         104  speed_calculate.o(.bss)
    Uart3_Rx_Buff_for_action                 0x20005c2c   Data          35  data_pool.o(.bss)
    Uart3_Rx_Buff_for_position               0x20005c4f   Data          35  data_pool.o(.bss)
    Uart6_Rx_Buff                            0x20005c72   Data          15  data_pool.o(.bss)
    Uart2_Rx_Buff_for_lora                   0x20005c81   Data          35  data_pool.o(.bss)
    Uart1_Rx_Buff_for_view                   0x20005ca4   Data          50  data_pool.o(.bss)
    Uart4_Rx_Buff                            0x20005cd6   Data          15  data_pool.o(.bss)
    M3508                                    0x20005ce8   Data          44  user_debug.o(.bss)
    MD4219                                   0x20005d14   Data          56  user_debug.o(.bss)
    DM43                                     0x20005d4c   Data          88  user_debug.o(.bss)
    yaw_pid                                  0x20005de0   Data         104  chassis_task.o(.bss)
    omega_pid                                0x20005e48   Data         104  chassis_task.o(.bss)
    vision_pid                               0x20005eb0   Data         104  chassis_task.o(.bss)
    vision_yaw_pid                           0x20005f18   Data         104  chassis_task.o(.bss)
    chassis                                  0x20005f80   Data         808  chassis_task.o(.bss)
    ctrl                                     0x200062a8   Data          36  chassis_task.o(.bss)
    __libspace_start                         0x20006318   Data          96  libspace.o(.bss)
    __temporary_stack_top$libspace           0x20006378   Data           0  libspace.o(.bss)



==============================================================================

Memory Map of the image

  Image Entry point : 0x08000189

  Load Region LR_IROM1 (Base: 0x08000000, Size: 0x0000d23c, Max: 0x00100000, ABSOLUTE, COMPRESSED[0x0000cef8])

    Execution Region ER_IROM1 (Exec base: 0x08000000, Load base: 0x08000000, Size: 0x0000ce84, Max: 0x00100000, ABSOLUTE)

    Exec Addr    Load Addr    Size         Type   Attr      Idx    E Section Name        Object

    0x08000000   0x08000000   0x00000188   Data   RO            3    RESET               startup_stm32f407xx.o
    0x08000188   0x08000188   0x00000008   Code   RO         9289  * !!!main             c_w.l(__main.o)
    0x08000190   0x08000190   0x00000034   Code   RO        10069    !!!scatter          c_w.l(__scatter.o)
    0x080001c4   0x080001c4   0x0000005a   Code   RO        10067    !!dczerorl2         c_w.l(__dczerorl2.o)
    0x0800021e   0x0800021e   0x00000002   PAD
    0x08000220   0x08000220   0x0000001c   Code   RO        10071    !!handler_zi        c_w.l(__scatter_zi.o)
    0x0800023c   0x0800023c   0x00000002   Code   RO        10005    .ARM.Collect$$libinit$$00000000  c_w.l(libinit.o)
    0x0800023e   0x0800023e   0x00000004   Code   RO         9706    .ARM.Collect$$libinit$$00000001  c_w.l(libinit2.o)
    0x08000242   0x08000242   0x00000000   Code   RO         9709    .ARM.Collect$$libinit$$00000004  c_w.l(libinit2.o)
    0x08000242   0x08000242   0x00000008   Code   RO         9710    .ARM.Collect$$libinit$$00000005  c_w.l(libinit2.o)
    0x0800024a   0x0800024a   0x00000000   Code   RO         9712    .ARM.Collect$$libinit$$0000000A  c_w.l(libinit2.o)
    0x0800024a   0x0800024a   0x00000000   Code   RO         9714    .ARM.Collect$$libinit$$0000000C  c_w.l(libinit2.o)
    0x0800024a   0x0800024a   0x00000000   Code   RO         9716    .ARM.Collect$$libinit$$0000000E  c_w.l(libinit2.o)
    0x0800024a   0x0800024a   0x00000006   Code   RO         9717    .ARM.Collect$$libinit$$0000000F  c_w.l(libinit2.o)
    0x08000250   0x08000250   0x00000000   Code   RO         9719    .ARM.Collect$$libinit$$00000011  c_w.l(libinit2.o)
    0x08000250   0x08000250   0x0000000c   Code   RO         9720    .ARM.Collect$$libinit$$00000012  c_w.l(libinit2.o)
    0x0800025c   0x0800025c   0x00000000   Code   RO         9721    .ARM.Collect$$libinit$$00000013  c_w.l(libinit2.o)
    0x0800025c   0x0800025c   0x00000000   Code   RO         9723    .ARM.Collect$$libinit$$00000015  c_w.l(libinit2.o)
    0x0800025c   0x0800025c   0x00000000   Code   RO         9725    .ARM.Collect$$libinit$$00000017  c_w.l(libinit2.o)
    0x0800025c   0x0800025c   0x00000000   Code   RO         9727    .ARM.Collect$$libinit$$00000019  c_w.l(libinit2.o)
    0x0800025c   0x0800025c   0x00000000   Code   RO         9729    .ARM.Collect$$libinit$$0000001B  c_w.l(libinit2.o)
    0x0800025c   0x0800025c   0x00000000   Code   RO         9731    .ARM.Collect$$libinit$$0000001D  c_w.l(libinit2.o)
    0x0800025c   0x0800025c   0x00000000   Code   RO         9733    .ARM.Collect$$libinit$$0000001F  c_w.l(libinit2.o)
    0x0800025c   0x0800025c   0x00000000   Code   RO         9735    .ARM.Collect$$libinit$$00000021  c_w.l(libinit2.o)
    0x0800025c   0x0800025c   0x00000000   Code   RO         9737    .ARM.Collect$$libinit$$00000023  c_w.l(libinit2.o)
    0x0800025c   0x0800025c   0x00000000   Code   RO         9739    .ARM.Collect$$libinit$$00000025  c_w.l(libinit2.o)
    0x0800025c   0x0800025c   0x00000000   Code   RO         9743    .ARM.Collect$$libinit$$0000002C  c_w.l(libinit2.o)
    0x0800025c   0x0800025c   0x00000000   Code   RO         9745    .ARM.Collect$$libinit$$0000002E  c_w.l(libinit2.o)
    0x0800025c   0x0800025c   0x00000000   Code   RO         9747    .ARM.Collect$$libinit$$00000030  c_w.l(libinit2.o)
    0x0800025c   0x0800025c   0x00000004   Code   RO         9748    .ARM.Collect$$libinit$$00000031  c_w.l(libinit2.o)
    0x08000260   0x08000260   0x00000000   Code   RO         9749    .ARM.Collect$$libinit$$00000032  c_w.l(libinit2.o)
    0x08000260   0x08000260   0x00000002   Code   RO         9750    .ARM.Collect$$libinit$$00000033  c_w.l(libinit2.o)
    0x08000262   0x08000262   0x00000002   Code   RO        10064    .ARM.Collect$$libshutdown$$00000000  c_w.l(libshutdown.o)
    0x08000264   0x08000264   0x00000006   Code   RO         9892    .ARM.Collect$$libshutdown$$00000001  c_w.l(libshutdown2.o)
    0x0800026a   0x0800026a   0x00000000   Code   RO         9893    .ARM.Collect$$libshutdown$$00000002  c_w.l(libshutdown2.o)
    0x0800026a   0x0800026a   0x00000000   Code   RO         9895    .ARM.Collect$$libshutdown$$00000004  c_w.l(libshutdown2.o)
    0x0800026a   0x0800026a   0x00000000   Code   RO         9898    .ARM.Collect$$libshutdown$$00000007  c_w.l(libshutdown2.o)
    0x0800026a   0x0800026a   0x00000000   Code   RO         9901    .ARM.Collect$$libshutdown$$0000000A  c_w.l(libshutdown2.o)
    0x0800026a   0x0800026a   0x00000000   Code   RO         9903    .ARM.Collect$$libshutdown$$0000000C  c_w.l(libshutdown2.o)
    0x0800026a   0x0800026a   0x00000000   Code   RO         9906    .ARM.Collect$$libshutdown$$0000000F  c_w.l(libshutdown2.o)
    0x0800026a   0x0800026a   0x00000002   Code   RO         9907    .ARM.Collect$$libshutdown$$00000010  c_w.l(libshutdown2.o)
    0x0800026c   0x0800026c   0x00000000   Code   RO         9521    .ARM.Collect$$rtentry$$00000000  c_w.l(__rtentry.o)
    0x0800026c   0x0800026c   0x00000000   Code   RO         9813    .ARM.Collect$$rtentry$$00000002  c_w.l(__rtentry2.o)
    0x0800026c   0x0800026c   0x00000006   Code   RO         9825    .ARM.Collect$$rtentry$$00000004  c_w.l(__rtentry4.o)
    0x08000272   0x08000272   0x00000000   Code   RO         9815    .ARM.Collect$$rtentry$$00000009  c_w.l(__rtentry2.o)
    0x08000272   0x08000272   0x00000004   Code   RO         9816    .ARM.Collect$$rtentry$$0000000A  c_w.l(__rtentry2.o)
    0x08000276   0x08000276   0x00000000   Code   RO         9818    .ARM.Collect$$rtentry$$0000000C  c_w.l(__rtentry2.o)
    0x08000276   0x08000276   0x00000008   Code   RO         9819    .ARM.Collect$$rtentry$$0000000D  c_w.l(__rtentry2.o)
    0x0800027e   0x0800027e   0x00000002   Code   RO        10023    .ARM.Collect$$rtexit$$00000000  c_w.l(rtexit.o)
    0x08000280   0x08000280   0x00000000   Code   RO        10040    .ARM.Collect$$rtexit$$00000002  c_w.l(rtexit2.o)
    0x08000280   0x08000280   0x00000004   Code   RO        10041    .ARM.Collect$$rtexit$$00000003  c_w.l(rtexit2.o)
    0x08000284   0x08000284   0x00000006   Code   RO        10042    .ARM.Collect$$rtexit$$00000004  c_w.l(rtexit2.o)
    0x0800028a   0x0800028a   0x00000002   PAD
    0x0800028c   0x0800028c   0x000000be   Code   RO         5713    .emb_text           port.o
    0x0800034a   0x0800034a   0x00000002   PAD
    0x0800034c   0x0800034c   0x00000000   Code   RO         9939    .emb_text           c_w.l(maybetermalloc1.o)
    0x0800034c   0x0800034c   0x00000040   Code   RO            4    .text               startup_stm32f407xx.o
    0x0800038c   0x0800038c   0x000000ee   Code   RO         9257    .text               c_w.l(lludivv7m.o)
    0x0800047a   0x0800047a   0x0000001a   Code   RO         9263    .text               c_w.l(atoi.o)
    0x08000494   0x08000494   0x0000002e   Code   RO         9268    .text               c_w.l(aeabi_atexit.o)
    0x080004c2   0x080004c2   0x00000014   Code   RO         9271    .text               c_w.l(strchr.o)
    0x080004d6   0x080004d6   0x0000008a   Code   RO         9275    .text               c_w.l(rt_memcpy_v6.o)
    0x08000560   0x08000560   0x00000064   Code   RO         9277    .text               c_w.l(rt_memcpy_w.o)
    0x080005c4   0x080005c4   0x00000010   Code   RO         9281    .text               c_w.l(aeabi_memset.o)
    0x080005d4   0x080005d4   0x0000004e   Code   RO         9283    .text               c_w.l(rt_memclr_w.o)
    0x08000622   0x08000622   0x00000002   PAD
    0x08000624   0x08000624   0x00000080   Code   RO         9285    .text               c_w.l(strcmpv7m.o)
    0x080006a4   0x080006a4   0x00000006   Code   RO         9287    .text               c_w.l(heapauxi.o)
    0x080006aa   0x080006aa   0x00000002   PAD
    0x080006ac   0x080006ac   0x00000024   Code   RO         9294    .text               c_w.l(init_aeabi.o)
    0x080006d0   0x080006d0   0x00000022   Code   RO         9415    .text               cpprt_w.l(aeabi_vec_dtor_noexceptions.o)
    0x080006f2   0x080006f2   0x00000002   PAD
    0x080006f4   0x080006f4   0x00000010   Code   RO         9522    .text               c_w.l(rt_ctype_table.o)
    0x08000704   0x08000704   0x00000008   Code   RO         9531    .text               c_w.l(rt_ddtor_pointer_addr_intlibspace.o)
    0x0800070c   0x0800070c   0x00000008   Code   RO         9536    .text               c_w.l(rt_errno_addr_intlibspace.o)
    0x08000714   0x08000714   0x0000005e   Code   RO         9542    .text               c_w.l(h1_alloc.o)
    0x08000772   0x08000772   0x0000004e   Code   RO         9544    .text               c_w.l(h1_free.o)
    0x080007c0   0x080007c0   0x00000016   Code   RO         9600    .text               c_w.l(_rserrno.o)
    0x080007d6   0x080007d6   0x00000070   Code   RO         9695    .text               c_w.l(strtol.o)
    0x08000846   0x08000846   0x00000042   Code   RO         9697    .text               c_w.l(cxa_finalize.o)
    0x08000888   0x08000888   0x00000044   Code   RO         9704    .text               c_w.l(rt_memclr.o)
    0x080008cc   0x080008cc   0x00000008   Code   RO         9807    .text               c_w.l(libspace.o)
    0x080008d4   0x080008d4   0x00000008   Code   RO         9834    .text               c_w.l(rt_heap_descriptor_intlibspace.o)
    0x080008dc   0x080008dc   0x00000008   Code   RO         9839    .text               c_w.l(rt_locale_intlibspace.o)
    0x080008e4   0x080008e4   0x00000004   Code   RO         9841    .text               c_w.l(hguard.o)
    0x080008e8   0x080008e8   0x0000008a   Code   RO         9843    .text               c_w.l(init_alloc.o)
    0x08000972   0x08000972   0x0000000e   Code   RO         9847    .text               c_w.l(h1_init.o)
    0x08000980   0x08000980   0x0000009e   Code   RO         9877    .text               c_w.l(_strtoul.o)
    0x08000a1e   0x08000a1e   0x0000000a   Code   RO         9884    .text               c_w.l(defsig_exit.o)
    0x08000a28   0x08000a28   0x0000000c   Code   RO         9928    .text               c_w.l(sys_exit.o)
    0x08000a34   0x08000a34   0x0000004a   Code   RO         9930    .text               c_w.l(sys_stackheap_outer.o)
    0x08000a7e   0x08000a7e   0x00000034   Code   RO         9941    .text               c_w.l(h1_extend.o)
    0x08000ab2   0x08000ab2   0x0000001c   Code   RO         9947    .text               c_w.l(_chval.o)
    0x08000ace   0x08000ace   0x00000012   Code   RO         9977    .text               c_w.l(exit.o)
    0x08000ae0   0x08000ae0   0x00000032   Code   RO         9983    .text               c_w.l(defsig_general.o)
    0x08000b12   0x08000b12   0x0000000e   Code   RO         9989    .text               c_w.l(defsig_rtmem_outer.o)
    0x08000b20   0x08000b20   0x0000000e   Code   RO        10018    .text               c_w.l(sys_wrch.o)
    0x08000b2e   0x08000b2e   0x00000002   Code   RO        10020    .text               c_w.l(use_no_semi.o)
    0x08000b30   0x08000b30   0x00000000   Code   RO        10022    .text               c_w.l(indicate_semi.o)
    0x08000b30   0x08000b30   0x00000050   Code   RO        10035    .text               c_w.l(defsig_rtmem_inner.o)
    0x08000b80   0x08000b80   0x000003c0   Code   RO         9013    i.Air_Joy_Task      fsm_joy.o
    0x08000f40   0x08000f40   0x00000020   Code   RO         8430    i.App_Init          service_config.o
    0x08000f60   0x08000f60   0x00000004   Code   RO          569    i.BusFault_Handler  stm32f4xx_it.o
    0x08000f64   0x08000f64   0x00000010   Code   RO          570    i.CAN1_RX0_IRQHandler  stm32f4xx_it.o
    0x08000f74   0x08000f74   0x0000004c   Code   RO         8315    i.CAN1_RxCallBack   service_communication.o
    0x08000fc0   0x08000fc0   0x00000040   Code   RO         8316    i.CAN1_Send_Task    service_communication.o
    0x08001000   0x08001000   0x00000010   Code   RO          571    i.CAN1_TX_IRQHandler  stm32f4xx_it.o
    0x08001010   0x08001010   0x00000010   Code   RO          572    i.CAN2_RX0_IRQHandler  stm32f4xx_it.o
    0x08001020   0x08001020   0x00000002   Code   RO         8317    i.CAN2_RxCallBack   service_communication.o
    0x08001022   0x08001022   0x00000002   PAD
    0x08001024   0x08001024   0x00000040   Code   RO         8318    i.CAN2_Send_Task    service_communication.o
    0x08001064   0x08001064   0x00000010   Code   RO          573    i.CAN2_TX_IRQHandler  stm32f4xx_it.o
    0x08001074   0x08001074   0x00000074   Code   RO         5793    i.CAN_Filter_Init   drive_can.o
    0x080010e8   0x080010e8   0x00000070   Code   RO         5794    i.CAN_Init          drive_can.o
    0x08001158   0x08001158   0x00000078   Code   RO         8061    i.Camera_Calibration  viewcommunication.o
    0x080011d0   0x080011d0   0x00000214   Code   RO         8874    i.Chassis_Task      chassis_task.o
    0x080013e4   0x080013e4   0x00000010   Code   RO          574    i.DMA1_Stream1_IRQHandler  stm32f4xx_it.o
    0x080013f4   0x080013f4   0x00000010   Code   RO          575    i.DMA1_Stream2_IRQHandler  stm32f4xx_it.o
    0x08001404   0x08001404   0x00000010   Code   RO          576    i.DMA1_Stream3_IRQHandler  stm32f4xx_it.o
    0x08001414   0x08001414   0x00000010   Code   RO          577    i.DMA1_Stream4_IRQHandler  stm32f4xx_it.o
    0x08001424   0x08001424   0x00000010   Code   RO          578    i.DMA1_Stream5_IRQHandler  stm32f4xx_it.o
    0x08001434   0x08001434   0x00000010   Code   RO          579    i.DMA1_Stream6_IRQHandler  stm32f4xx_it.o
    0x08001444   0x08001444   0x00000010   Code   RO          580    i.DMA2_Stream1_IRQHandler  stm32f4xx_it.o
    0x08001454   0x08001454   0x00000010   Code   RO          581    i.DMA2_Stream2_IRQHandler  stm32f4xx_it.o
    0x08001464   0x08001464   0x00000010   Code   RO          582    i.DMA2_Stream3_IRQHandler  stm32f4xx_it.o
    0x08001474   0x08001474   0x00000010   Code   RO          583    i.DMA2_Stream6_IRQHandler  stm32f4xx_it.o
    0x08001484   0x08001484   0x00000010   Code   RO          584    i.DMA2_Stream7_IRQHandler  stm32f4xx_it.o
    0x08001494   0x08001494   0x00000034   Code   RO         2559    i.DMA_CalcBaseAndBitshift  stm32f4xx_hal_dma.o
    0x080014c8   0x080014c8   0x000000aa   Code   RO         2560    i.DMA_CheckFifoParam  stm32f4xx_hal_dma.o
    0x08001572   0x08001572   0x0000002c   Code   RO         2561    i.DMA_SetConfig     stm32f4xx_hal_dma.o
    0x0800159e   0x0800159e   0x00000002   PAD
    0x080015a0   0x080015a0   0x00000100   Code   RO         8229    i.DataPool_Init     data_pool.o
    0x080016a0   0x080016a0   0x00000002   Code   RO          585    i.DebugMon_Handler  stm32f4xx_it.o
    0x080016a2   0x080016a2   0x0000000a   Code   RO          586    i.EXTI9_5_IRQHandler  stm32f4xx_it.o
    0x080016ac   0x080016ac   0x00000006   Code   RO           13    i.Error_Handler     main.o
    0x080016b2   0x080016b2   0x00000004   Code   RO         5979    i.Error_Handler     drive_tim.o
    0x080016b6   0x080016b6   0x00000002   PAD
    0x080016b8   0x080016b8   0x0000001c   Code   RO         5980    i.Get_SystemTimer   drive_tim.o
    0x080016d4   0x080016d4   0x0000002a   Code   RO         1822    i.HAL_CAN_ActivateNotification  stm32f4xx_hal_can.o
    0x080016fe   0x080016fe   0x0000014a   Code   RO         1823    i.HAL_CAN_AddTxMessage  stm32f4xx_hal_can.o
    0x08001848   0x08001848   0x00000120   Code   RO         1824    i.HAL_CAN_ConfigFilter  stm32f4xx_hal_can.o
    0x08001968   0x08001968   0x00000002   Code   RO         1827    i.HAL_CAN_ErrorCallback  stm32f4xx_hal_can.o
    0x0800196a   0x0800196a   0x00000194   Code   RO         1830    i.HAL_CAN_GetRxMessage  stm32f4xx_hal_can.o
    0x08001afe   0x08001afe   0x00000036   Code   RO         1832    i.HAL_CAN_GetTxMailboxesFreeLevel  stm32f4xx_hal_can.o
    0x08001b34   0x08001b34   0x0000024e   Code   RO         1834    i.HAL_CAN_IRQHandler  stm32f4xx_hal_can.o
    0x08001d82   0x08001d82   0x00000174   Code   RO         1835    i.HAL_CAN_Init      stm32f4xx_hal_can.o
    0x08001ef6   0x08001ef6   0x00000002   PAD
    0x08001ef8   0x08001ef8   0x00000184   Code   RO          329    i.HAL_CAN_MspInit   can.o
    0x0800207c   0x0800207c   0x00000002   Code   RO         1842    i.HAL_CAN_RxFifo0FullCallback  stm32f4xx_hal_can.o
    0x0800207e   0x0800207e   0x00000002   PAD
    0x08002080   0x08002080   0x00000058   Code   RO         5795    i.HAL_CAN_RxFifo0MsgPendingCallback  drive_can.o
    0x080020d8   0x080020d8   0x00000002   Code   RO         1844    i.HAL_CAN_RxFifo1FullCallback  stm32f4xx_hal_can.o
    0x080020da   0x080020da   0x00000002   PAD
    0x080020dc   0x080020dc   0x00000058   Code   RO         5796    i.HAL_CAN_RxFifo1MsgPendingCallback  drive_can.o
    0x08002134   0x08002134   0x00000002   Code   RO         1846    i.HAL_CAN_SleepCallback  stm32f4xx_hal_can.o
    0x08002136   0x08002136   0x0000005e   Code   RO         1847    i.HAL_CAN_Start     stm32f4xx_hal_can.o
    0x08002194   0x08002194   0x00000002   Code   RO         1849    i.HAL_CAN_TxMailbox0AbortCallback  stm32f4xx_hal_can.o
    0x08002196   0x08002196   0x00000002   Code   RO         1850    i.HAL_CAN_TxMailbox0CompleteCallback  stm32f4xx_hal_can.o
    0x08002198   0x08002198   0x00000002   Code   RO         1851    i.HAL_CAN_TxMailbox1AbortCallback  stm32f4xx_hal_can.o
    0x0800219a   0x0800219a   0x00000002   Code   RO         1852    i.HAL_CAN_TxMailbox1CompleteCallback  stm32f4xx_hal_can.o
    0x0800219c   0x0800219c   0x00000002   Code   RO         1853    i.HAL_CAN_TxMailbox2AbortCallback  stm32f4xx_hal_can.o
    0x0800219e   0x0800219e   0x00000002   Code   RO         1854    i.HAL_CAN_TxMailbox2CompleteCallback  stm32f4xx_hal_can.o
    0x080021a0   0x080021a0   0x00000002   Code   RO         1856    i.HAL_CAN_WakeUpFromRxMsgCallback  stm32f4xx_hal_can.o
    0x080021a2   0x080021a2   0x000000ac   Code   RO         2562    i.HAL_DMA_Abort     stm32f4xx_hal_dma.o
    0x0800224e   0x0800224e   0x00000028   Code   RO         2563    i.HAL_DMA_Abort_IT  stm32f4xx_hal_dma.o
    0x08002276   0x08002276   0x00000002   PAD
    0x08002278   0x08002278   0x00000240   Code   RO         2567    i.HAL_DMA_IRQHandler  stm32f4xx_hal_dma.o
    0x080024b8   0x080024b8   0x000000ec   Code   RO         2568    i.HAL_DMA_Init      stm32f4xx_hal_dma.o
    0x080025a4   0x080025a4   0x00000092   Code   RO         2572    i.HAL_DMA_Start_IT  stm32f4xx_hal_dma.o
    0x08002636   0x08002636   0x00000002   PAD
    0x08002638   0x08002638   0x00000014   Code   RO         6953    i.HAL_GPIO_EXTI_Callback  air_joy.o
    0x0800264c   0x0800264c   0x0000001c   Code   RO         2454    i.HAL_GPIO_EXTI_IRQHandler  stm32f4xx_hal_gpio.o
    0x08002668   0x08002668   0x000001f4   Code   RO         2455    i.HAL_GPIO_Init     stm32f4xx_hal_gpio.o
    0x0800285c   0x0800285c   0x0000000c   Code   RO         2459    i.HAL_GPIO_WritePin  stm32f4xx_hal_gpio.o
    0x08002868   0x08002868   0x0000000c   Code   RO         3010    i.HAL_GetTick       stm32f4xx_hal.o
    0x08002874   0x08002874   0x00000018   Code   RO         3016    i.HAL_IncTick       stm32f4xx_hal.o
    0x0800288c   0x0800288c   0x0000003c   Code   RO         3017    i.HAL_Init          stm32f4xx_hal.o
    0x080028c8   0x080028c8   0x000000b4   Code   RO          798    i.HAL_InitTick      stm32f4xx_hal_timebase_tim.o
    0x0800297c   0x0800297c   0x00000054   Code   RO          774    i.HAL_MspInit       stm32f4xx_hal_msp.o
    0x080029d0   0x080029d0   0x00000028   Code   RO         2847    i.HAL_NVIC_EnableIRQ  stm32f4xx_hal_cortex.o
    0x080029f8   0x080029f8   0x0000007c   Code   RO         2853    i.HAL_NVIC_SetPriority  stm32f4xx_hal_cortex.o
    0x08002a74   0x08002a74   0x00000028   Code   RO         2854    i.HAL_NVIC_SetPriorityGrouping  stm32f4xx_hal_cortex.o
    0x08002a9c   0x08002a9c   0x00000184   Code   RO         2056    i.HAL_RCC_ClockConfig  stm32f4xx_hal_rcc.o
    0x08002c20   0x08002c20   0x00000044   Code   RO         2060    i.HAL_RCC_GetClockConfig  stm32f4xx_hal_rcc.o
    0x08002c64   0x08002c64   0x0000000c   Code   RO         2061    i.HAL_RCC_GetHCLKFreq  stm32f4xx_hal_rcc.o
    0x08002c70   0x08002c70   0x00000020   Code   RO         2063    i.HAL_RCC_GetPCLK1Freq  stm32f4xx_hal_rcc.o
    0x08002c90   0x08002c90   0x00000020   Code   RO         2064    i.HAL_RCC_GetPCLK2Freq  stm32f4xx_hal_rcc.o
    0x08002cb0   0x08002cb0   0x000000b0   Code   RO         2065    i.HAL_RCC_GetSysClockFreq  stm32f4xx_hal_rcc.o
    0x08002d60   0x08002d60   0x0000049c   Code   RO         2068    i.HAL_RCC_OscConfig  stm32f4xx_hal_rcc.o
    0x080031fc   0x080031fc   0x00000002   Code   RO         3262    i.HAL_SPI_ErrorCallback  stm32f4xx_hal_spi.o
    0x080031fe   0x080031fe   0x000000c8   Code   RO         3266    i.HAL_SPI_Init      stm32f4xx_hal_spi.o
    0x080032c6   0x080032c6   0x00000002   PAD
    0x080032c8   0x080032c8   0x000000cc   Code   RO          402    i.HAL_SPI_MspInit   spi.o
    0x08003394   0x08003394   0x000000fc   Code   RO         3278    i.HAL_SPI_Transmit_DMA  stm32f4xx_hal_spi.o
    0x08003490   0x08003490   0x00000002   Code   RO         3280    i.HAL_SPI_TxCpltCallback  stm32f4xx_hal_spi.o
    0x08003492   0x08003492   0x00000002   Code   RO         3281    i.HAL_SPI_TxHalfCpltCallback  stm32f4xx_hal_spi.o
    0x08003494   0x08003494   0x00000002   Code   RO         1554    i.HAL_TIMEx_BreakCallback  stm32f4xx_hal_tim_ex.o
    0x08003496   0x08003496   0x00000002   Code   RO         1555    i.HAL_TIMEx_CommutCallback  stm32f4xx_hal_tim_ex.o
    0x08003498   0x08003498   0x000000b4   Code   RO         1573    i.HAL_TIMEx_MasterConfigSynchronization  stm32f4xx_hal_tim_ex.o
    0x0800354c   0x0800354c   0x00000066   Code   RO          839    i.HAL_TIM_Base_Init  stm32f4xx_hal_tim.o
    0x080035b2   0x080035b2   0x00000002   PAD
    0x080035b4   0x080035b4   0x000000b8   Code   RO          444    i.HAL_TIM_Base_MspInit  tim.o
    0x0800366c   0x0800366c   0x000000a8   Code   RO          844    i.HAL_TIM_Base_Start_IT  stm32f4xx_hal_tim.o
    0x08003714   0x08003714   0x0000010c   Code   RO          848    i.HAL_TIM_ConfigClockSource  stm32f4xx_hal_tim.o
    0x08003820   0x08003820   0x00000002   Code   RO          873    i.HAL_TIM_IC_CaptureCallback  stm32f4xx_hal_tim.o
    0x08003822   0x08003822   0x0000016c   Code   RO          887    i.HAL_TIM_IRQHandler  stm32f4xx_hal_tim.o
    0x0800398e   0x0800398e   0x00000002   PAD
    0x08003990   0x08003990   0x00000060   Code   RO          445    i.HAL_TIM_MspPostInit  tim.o
    0x080039f0   0x080039f0   0x00000002   Code   RO          890    i.HAL_TIM_OC_DelayElapsedCallback  stm32f4xx_hal_tim.o
    0x080039f2   0x080039f2   0x00000104   Code   RO          911    i.HAL_TIM_PWM_ConfigChannel  stm32f4xx_hal_tim.o
    0x08003af6   0x08003af6   0x00000066   Code   RO          914    i.HAL_TIM_PWM_Init  stm32f4xx_hal_tim.o
    0x08003b5c   0x08003b5c   0x00000002   Code   RO          916    i.HAL_TIM_PWM_MspInit  stm32f4xx_hal_tim.o
    0x08003b5e   0x08003b5e   0x00000002   Code   RO          917    i.HAL_TIM_PWM_PulseFinishedCallback  stm32f4xx_hal_tim.o
    0x08003b60   0x08003b60   0x0000010c   Code   RO          919    i.HAL_TIM_PWM_Start  stm32f4xx_hal_tim.o
    0x08003c6c   0x08003c6c   0x00000028   Code   RO           14    i.HAL_TIM_PeriodElapsedCallback  main.o
    0x08003c94   0x08003c94   0x00000002   Code   RO          930    i.HAL_TIM_TriggerCallback  stm32f4xx_hal_tim.o
    0x08003c96   0x08003c96   0x00000002   Code   RO         3589    i.HAL_UARTEx_RxEventCallback  stm32f4xx_hal_uart.o
    0x08003c98   0x08003c98   0x0000008a   Code   RO         3601    i.HAL_UART_DMAStop  stm32f4xx_hal_uart.o
    0x08003d22   0x08003d22   0x00000002   Code   RO         3603    i.HAL_UART_ErrorCallback  stm32f4xx_hal_uart.o
    0x08003d24   0x08003d24   0x00000308   Code   RO         3606    i.HAL_UART_IRQHandler  stm32f4xx_hal_uart.o
    0x0800402c   0x0800402c   0x00000076   Code   RO         3607    i.HAL_UART_Init     stm32f4xx_hal_uart.o
    0x080040a2   0x080040a2   0x00000002   PAD
    0x080040a4   0x080040a4   0x00000544   Code   RO          504    i.HAL_UART_MspInit  usart.o
    0x080045e8   0x080045e8   0x0000002c   Code   RO         3611    i.HAL_UART_Receive_DMA  stm32f4xx_hal_uart.o
    0x08004614   0x08004614   0x00000002   Code   RO         3613    i.HAL_UART_RxCpltCallback  stm32f4xx_hal_uart.o
    0x08004616   0x08004616   0x00000002   Code   RO         3614    i.HAL_UART_RxHalfCpltCallback  stm32f4xx_hal_uart.o
    0x08004618   0x08004618   0x000000be   Code   RO         3615    i.HAL_UART_Transmit  stm32f4xx_hal_uart.o
    0x080046d6   0x080046d6   0x00000002   PAD
    0x080046d8   0x080046d8   0x0000009c   Code   RO         3616    i.HAL_UART_Transmit_DMA  stm32f4xx_hal_uart.o
    0x08004774   0x08004774   0x00000002   Code   RO         3618    i.HAL_UART_TxCpltCallback  stm32f4xx_hal_uart.o
    0x08004776   0x08004776   0x00000002   Code   RO         3619    i.HAL_UART_TxHalfCpltCallback  stm32f4xx_hal_uart.o
    0x08004778   0x08004778   0x00000004   Code   RO          587    i.HardFault_Handler  stm32f4xx_it.o
    0x0800477c   0x0800477c   0x0000000e   Code   RO         6199    i.LED_CATCH         drive_ws2812.o
    0x0800478a   0x0800478a   0x0000000e   Code   RO         6200    i.LED_FAIL          drive_ws2812.o
    0x08004798   0x08004798   0x0000000e   Code   RO         6201    i.LED_NORMAL        drive_ws2812.o
    0x080047a6   0x080047a6   0x0000000e   Code   RO         6202    i.LED_OFF           drive_ws2812.o
    0x080047b4   0x080047b4   0x0000000e   Code   RO         6203    i.LED_SHOOT         drive_ws2812.o
    0x080047c2   0x080047c2   0x00000002   PAD
    0x080047c4   0x080047c4   0x000000e0   Code   RO         9073    i.LED_Task          led.o
    0x080048a4   0x080048a4   0x0000000e   Code   RO         6204    i.LED_WAIT          drive_ws2812.o
    0x080048b2   0x080048b2   0x0000001c   Code   RO         8764    i.LaserModuleGroup_AnalysisModulesMeasurementResults  laserpositioning_task.o
    0x080048ce   0x080048ce   0x00000002   PAD
    0x080048d0   0x080048d0   0x000000e4   Code   RO         8765    i.LaserModuleGroup_Init  laserpositioning_task.o
    0x080049b4   0x080049b4   0x0000007c   Code   RO         8766    i.LaserModule_AnalysisModulesMeasurementResults  laserpositioning_task.o
    0x08004a30   0x08004a30   0x00000060   Code   RO         8767    i.LaserModule_StateContinuousAutomaticMeasurement  laserpositioning_task.o
    0x08004a90   0x08004a90   0x00000024   Code   RO         8768    i.LaserModule_StopContinuousAutomaticMeasurement  laserpositioning_task.o
    0x08004ab4   0x08004ab4   0x00000094   Code   RO         8769    i.LaserModule_TurnOnTheLaserPointer  laserpositioning_task.o
    0x08004b48   0x08004b48   0x00000040   Code   RO         8319    i.LaserPositionin_UART4_RxCallback  service_communication.o
    0x08004b88   0x08004b88   0x00000040   Code   RO         8320    i.LaserPositionin_UART6_RxCallback  service_communication.o
    0x08004bc8   0x08004bc8   0x000000e0   Code   RO         8772    i.LaserPositioning_Task  laserpositioning_task.o
    0x08004ca8   0x08004ca8   0x0000000c   Code   RO         8709    i.Lora_Task1        lora.o
    0x08004cb4   0x08004cb4   0x000000c8   Code   RO         6146    i.Lora_UART2_RxCallback  drive_atk_mw1278d_uart.o
    0x08004d7c   0x08004d7c   0x00000044   Code   RO          330    i.MX_CAN1_Init      can.o
    0x08004dc0   0x08004dc0   0x00000044   Code   RO          331    i.MX_CAN2_Init      can.o
    0x08004e04   0x08004e04   0x000000f8   Code   RO          377    i.MX_DMA_Init       dma.o
    0x08004efc   0x08004efc   0x00000108   Code   RO          286    i.MX_FREERTOS_Init  freertos.o
    0x08005004   0x08005004   0x00000150   Code   RO          261    i.MX_GPIO_Init      gpio.o
    0x08005154   0x08005154   0x00000044   Code   RO          403    i.MX_SPI1_Init      spi.o
    0x08005198   0x08005198   0x0000006c   Code   RO          446    i.MX_TIM10_Init     tim.o
    0x08005204   0x08005204   0x0000006c   Code   RO          447    i.MX_TIM4_Init      tim.o
    0x08005270   0x08005270   0x0000004c   Code   RO          448    i.MX_TIM6_Init      tim.o
    0x080052bc   0x080052bc   0x00000038   Code   RO          505    i.MX_UART4_Init     usart.o
    0x080052f4   0x080052f4   0x00000038   Code   RO          506    i.MX_USART1_UART_Init  usart.o
    0x0800532c   0x0800532c   0x00000038   Code   RO          507    i.MX_USART2_UART_Init  usart.o
    0x08005364   0x08005364   0x00000038   Code   RO          508    i.MX_USART3_UART_Init  usart.o
    0x0800539c   0x0800539c   0x00000038   Code   RO          509    i.MX_USART6_UART_Init  usart.o
    0x080053d4   0x080053d4   0x00000004   Code   RO          588    i.MemManage_Handler  stm32f4xx_it.o
    0x080053d8   0x080053d8   0x0000002e   Code   RO         8777    i.MyUART_Transmit   laserpositioning_task.o
    0x08005406   0x08005406   0x00000004   Code   RO          589    i.NMI_Handler       stm32f4xx_it.o
    0x0800540a   0x0800540a   0x00000022   Code   RO         5981    i.PWM_ReInit        drive_tim.o
    0x0800542c   0x0800542c   0x000000ec   Code   RO         7678    i.Position_UART3_RxCallback  position.o
    0x08005518   0x08005518   0x000000ac   Code   RO         7679    i.Reposition_SendData  position.o
    0x080055c4   0x080055c4   0x00000028   Code   RO         3294    i.SPI_DMAError      stm32f4xx_hal_spi.o
    0x080055ec   0x080055ec   0x0000000e   Code   RO         3296    i.SPI_DMAHalfTransmitCplt  stm32f4xx_hal_spi.o
    0x080055fa   0x080055fa   0x00000080   Code   RO         3300    i.SPI_DMATransmitCplt  stm32f4xx_hal_spi.o
    0x0800567a   0x0800567a   0x00000002   PAD
    0x0800567c   0x0800567c   0x00000088   Code   RO         3304    i.SPI_EndRxTxTransaction  stm32f4xx_hal_spi.o
    0x08005704   0x08005704   0x000000d8   Code   RO         3309    i.SPI_WaitFlagStateUntilTimeout  stm32f4xx_hal_spi.o
    0x080057dc   0x080057dc   0x00000036   Code   RO         5982    i.Set_PwmDuty       drive_tim.o
    0x08005812   0x08005812   0x0000000a   Code   RO         8875    i.Shoot_JudgeTask   chassis_task.o
    0x0800581c   0x0800581c   0x00000016   Code   RO         5128    i.SysTick_Handler   cmsis_os2.o
    0x08005832   0x08005832   0x00000002   PAD
    0x08005834   0x08005834   0x000000b4   Code   RO           15    i.SystemClock_Config  main.o
    0x080058e8   0x080058e8   0x00000014   Code   RO         3951    i.SystemInit        system_stm32f4xx.o
    0x080058fc   0x080058fc   0x000000f4   Code   RO         8431    i.System_Resource_Init  service_config.o
    0x080059f0   0x080059f0   0x00000010   Code   RO          590    i.TIM3_IRQHandler   stm32f4xx_it.o
    0x08005a00   0x08005a00   0x00000010   Code   RO          591    i.TIM4_IRQHandler   stm32f4xx_it.o
    0x08005a10   0x08005a10   0x00000010   Code   RO          592    i.TIM6_DAC_IRQHandler  stm32f4xx_it.o
    0x08005a20   0x08005a20   0x000000e0   Code   RO          932    i.TIM_Base_SetConfig  stm32f4xx_hal_tim.o
    0x08005b00   0x08005b00   0x00000022   Code   RO          933    i.TIM_CCxChannelCmd  stm32f4xx_hal_tim.o
    0x08005b22   0x08005b22   0x00000016   Code   RO          943    i.TIM_ETR_SetConfig  stm32f4xx_hal_tim.o
    0x08005b38   0x08005b38   0x00000012   Code   RO          944    i.TIM_ITRx_SetConfig  stm32f4xx_hal_tim.o
    0x08005b4a   0x08005b4a   0x00000002   PAD
    0x08005b4c   0x08005b4c   0x00000070   Code   RO          945    i.TIM_OC1_SetConfig  stm32f4xx_hal_tim.o
    0x08005bbc   0x08005bbc   0x0000007c   Code   RO          946    i.TIM_OC2_SetConfig  stm32f4xx_hal_tim.o
    0x08005c38   0x08005c38   0x00000078   Code   RO          947    i.TIM_OC3_SetConfig  stm32f4xx_hal_tim.o
    0x08005cb0   0x08005cb0   0x00000054   Code   RO          948    i.TIM_OC4_SetConfig  stm32f4xx_hal_tim.o
    0x08005d04   0x08005d04   0x00000026   Code   RO          950    i.TIM_TI1_ConfigInputStage  stm32f4xx_hal_tim.o
    0x08005d2a   0x08005d2a   0x00000028   Code   RO          952    i.TIM_TI2_ConfigInputStage  stm32f4xx_hal_tim.o
    0x08005d52   0x08005d52   0x00000002   PAD
    0x08005d54   0x08005d54   0x00000020   Code   RO         5984    i.Timer_Init        drive_tim.o
    0x08005d74   0x08005d74   0x00000018   Code   RO          593    i.UART4_IRQHandler  stm32f4xx_it.o
    0x08005d8c   0x08005d8c   0x00000012   Code   RO         3620    i.UART_DMAAbortOnError  stm32f4xx_hal_uart.o
    0x08005d9e   0x08005d9e   0x00000050   Code   RO         3621    i.UART_DMAError     stm32f4xx_hal_uart.o
    0x08005dee   0x08005dee   0x000000b4   Code   RO         3622    i.UART_DMAReceiveCplt  stm32f4xx_hal_uart.o
    0x08005ea2   0x08005ea2   0x00000024   Code   RO         3624    i.UART_DMARxHalfCplt  stm32f4xx_hal_uart.o
    0x08005ec6   0x08005ec6   0x00000058   Code   RO         3626    i.UART_DMATransmitCplt  stm32f4xx_hal_uart.o
    0x08005f1e   0x08005f1e   0x0000000e   Code   RO         3628    i.UART_DMATxHalfCplt  stm32f4xx_hal_uart.o
    0x08005f2c   0x08005f2c   0x0000006c   Code   RO         3630    i.UART_EndRxTransfer  stm32f4xx_hal_uart.o
    0x08005f98   0x08005f98   0x00000020   Code   RO         3631    i.UART_EndTransmit_IT  stm32f4xx_hal_uart.o
    0x08005fb8   0x08005fb8   0x00000026   Code   RO         3632    i.UART_EndTxTransfer  stm32f4xx_hal_uart.o
    0x08005fde   0x08005fde   0x000000fc   Code   RO         3633    i.UART_Receive_IT   stm32f4xx_hal_uart.o
    0x080060da   0x080060da   0x00000002   PAD
    0x080060dc   0x080060dc   0x0000022c   Code   RO         3634    i.UART_SetConfig    stm32f4xx_hal_uart.o
    0x08006308   0x08006308   0x000000d8   Code   RO         3635    i.UART_Start_Receive_DMA  stm32f4xx_hal_uart.o
    0x080063e0   0x080063e0   0x00000060   Code   RO         3637    i.UART_Transmit_IT  stm32f4xx_hal_uart.o
    0x08006440   0x08006440   0x0000008c   Code   RO         3638    i.UART_WaitOnFlagUntilTimeout  stm32f4xx_hal_uart.o
    0x080064cc   0x080064cc   0x00000018   Code   RO          594    i.USART1_IRQHandler  stm32f4xx_it.o
    0x080064e4   0x080064e4   0x00000018   Code   RO          595    i.USART2_IRQHandler  stm32f4xx_it.o
    0x080064fc   0x080064fc   0x00000018   Code   RO          596    i.USART3_IRQHandler  stm32f4xx_it.o
    0x08006514   0x08006514   0x00000018   Code   RO          597    i.USART6_IRQHandler  stm32f4xx_it.o
    0x0800652c   0x0800652c   0x00000194   Code   RO         6053    i.Uart_Init         drive_uart.o
    0x080066c0   0x080066c0   0x00000018   Code   RO         6054    i.Uart_Receive_Handler  drive_uart.o
    0x080066d8   0x080066d8   0x00000050   Code   RO         6055    i.Uart_Rx_Idle_Callback  drive_uart.o
    0x08006728   0x08006728   0x00000088   Code   RO         7680    i.Update_RawPosition  position.o
    0x080067b0   0x080067b0   0x000000d8   Code   RO         8062    i.Update_ReceiveData  viewcommunication.o
    0x08006888   0x08006888   0x00000010   Code   RO         5985    i.Update_SystemTick  drive_tim.o
    0x08006898   0x08006898   0x00000004   Code   RO          598    i.UsageFault_Handler  stm32f4xx_it.o
    0x0800689c   0x0800689c   0x00000004   Code   RO         6056    i.Usart_Rx_Callback_Register  drive_uart.o
    0x080068a0   0x080068a0   0x0000000a   Code   RO         8492    i.User_Debug_Task   user_debug.o
    0x080068aa   0x080068aa   0x00000002   PAD
    0x080068ac   0x080068ac   0x000000c0   Code   RO         8063    i.View_UART1_RxCallback  viewcommunication.o
    0x0800696c   0x0800696c   0x00000030   Code   RO         6205    i.WS2812B_SetAllColor  drive_ws2812.o
    0x0800699c   0x0800699c   0x0000005c   Code   RO         6206    i.WS2812b_Send      drive_ws2812.o
    0x080069f8   0x080069f8   0x000000bc   Code   RO         6207    i.WS2812b_Set       drive_ws2812.o
    0x08006ab4   0x08006ab4   0x0000018c   Code   RO         8876    i._Z12PidParamInitv  chassis_task.o
    0x08006c40   0x08006c40   0x00000040   Code   RO         6375    i._Z14pid_param_initP6_PID_T6pid_stffffffff  pid.o
    0x08006c80   0x08006c80   0x000001dc   Code   RO         8112    i._Z14plan_manhattanPfS_fff  speed_calculate.o
    0x08006e5c   0x08006e5c   0x0000006c   Code   RO         8113    i._Z16plan_global_initv  speed_calculate.o
    0x08006ec8   0x08006ec8   0x00000088   Code   RO         8114    i._Z16update_timestampv  speed_calculate.o
    0x08006f50   0x08006f50   0x0000013c   Code   RO         8115    i._Z17Plan_Global_AccelffPfS_i  speed_calculate.o
    0x0800708c   0x0800708c   0x00000414   Code   RO         8116    i._Z17plan_global_speedffffPfS_  speed_calculate.o
    0x080074a0   0x080074a0   0x00000088   Code   RO         8117    i._Z21speed_world_calculatePfS_  speed_calculate.o
    0x08007528   0x08007528   0x0000001c   Code   RO         6523    i._Z22_tool_buffer_get_int16PKhPi  tool.o
    0x08007544   0x08007544   0x00000030   Code   RO         6524    i._Z22_tool_buffer_get_int32PKhPi  tool.o
    0x08007574   0x08007574   0x00000290   Code   RO         6377    i._Z8pid_calcP6_PID_Tff  pid.o
    0x08007804   0x08007804   0x000000dc   Code   RO         7489    i._ZN10Motor_Base12update_angleEPh  chassis_swerve.o
    0x080078e0   0x080078e0   0x0000004e   Code   RO         8597    i._ZN10Motor_C62014CanMsg_ProcessER9CAN_TxMsg  user_debug.o
    0x0800792e   0x0800792e   0x00000028   Code   RO         8389    i._ZN10Motor_C6206updateEPh  service_communication.o
    0x08007956   0x08007956   0x00000002   PAD
    0x08007958   0x08007958   0x00000034   Code   RO         8916    i._ZN10Motor_C620C1Eh  chassis_task.o
    0x0800798c   0x0800798c   0x0000000e   Code   RO         8531    i._ZN10Motor_C620D1Ev  user_debug.o
    0x0800799a   0x0800799a   0x00000002   PAD
    0x0800799c   0x0800799c   0x00000110   Code   RO         6729    i._ZN10Reposition19Reposition_Calc_VPCEff  relocate.o
    0x08007aac   0x08007aac   0x0000000e   Code   RO         7523    i._ZN11Motor_Speed12update_speedEPh  chassis_swerve.o
    0x08007aba   0x08007aba   0x00000002   PAD
    0x08007abc   0x08007abc   0x00000048   Code   RO         8525    i._ZN11Motor_SpeedC2Eh  user_debug.o
    0x08007b04   0x08007b04   0x00000008   Code   RO         7437    i._ZN11Motor_SpeedD2Ev  chassis_swerve.o
    0x08007b0c   0x08007b0c   0x00000024   Code   RO         7130    i._ZN12Chassis_Base25ChassisVel_Trans_MotorRPMEff  omni_chassis.o
    0x08007b30   0x08007b30   0x00000014   Code   RO         7076    i._ZN12Omni_Chassis13Motor_ControlEv  omni_chassis.o
    0x08007b44   0x08007b44   0x00000026   Code   RO         7077    i._ZN12Omni_Chassis13Pid_Mode_InitEiffbb  omni_chassis.o
    0x08007b6a   0x08007b6a   0x00000052   Code   RO         7078    i._ZN12Omni_Chassis14Pid_Param_InitEiffffff  omni_chassis.o
    0x08007bbc   0x08007bbc   0x00000384   Code   RO         7079    i._ZN12Omni_Chassis18Velocity_CalculateE13Robot_Twist_t  omni_chassis.o
    0x08007f40   0x08007f40   0x0000009e   Code   RO         7080    i._ZN12Omni_Chassis7ControlE13Robot_Twist_t  omni_chassis.o
    0x08007fde   0x08007fde   0x00000002   PAD
    0x08007fe0   0x08007fe0   0x00000134   Code   RO         8922    i._ZN12Omni_ChassisC1Effif  chassis_task.o
    0x08008114   0x08008114   0x0000002c   Code   RO         8934    i._ZN12Omni_ChassisD1Ev  chassis_task.o
    0x08008140   0x08008140   0x00000048   Code   RO         7981    i._ZN12TrapePlannerC1Efffff  speed_action.o
    0x08008188   0x08008188   0x0000001a   Code   RO         6272    i._ZN13LowPassFilter1fEf  filter.o
    0x080081a2   0x080081a2   0x0000000e   Code   RO         6273    i._ZN13LowPassFilter2inEf  filter.o
    0x080081b0   0x080081b0   0x00000022   Code   RO         6274    i._ZN13LowPassFilter3outEv  filter.o
    0x080081d2   0x080081d2   0x00000002   PAD
    0x080081d4   0x080081d4   0x00000018   Code   RO         8937    i._ZN13LowPassFilterC1Ef  chassis_task.o
    0x080081ec   0x080081ec   0x00000018   Code   RO         6379    i._ZN3PID14PID_Param_InitEffffff  pid.o
    0x08008204   0x08008204   0x000002b8   Code   RO         6380    i._ZN3PID6AdjustEv  pid.o
    0x080084bc   0x080084bc   0x000000e0   Code   RO         8928    i._ZN3PIDC1Ev       chassis_task.o
    0x0800859c   0x0800859c   0x00000014   Code   RO         8943    i._ZN3PIDD1Ev       chassis_task.o
    0x080085b0   0x080085b0   0x00000024   Code   RO         7557    i._ZN4VESC12update_angleEPh  chassis_swerve.o
    0x080085d4   0x080085d4   0x00000060   Code   RO         7551    i._ZN4VESC12update_speedEPh  chassis_swerve.o
    0x08008634   0x08008634   0x00000010   Code   RO         7416    i._ZN4VESCD1Ev      chassis_swerve.o
    0x08008644   0x08008644   0x000000c8   Code   RO         6954    i._ZN6AirJoy11data_updateEtt  air_joy.o
    0x0800870c   0x0800870c   0x0000007c   Code   RO         6381    i._ZN8PidTimer16update_timeStampEv  pid.o
    0x08008788   0x08008788   0x00000014   Code   RO         6382    i._ZN8PidTimer19getMicroTick_registEPFjvE  pid.o
    0x0800879c   0x0800879c   0x00000010   Code   RO         8534    i._ZN9DM_DriverD1Ev  user_debug.o
    0x080087ac   0x080087ac   0x00000010   Code   RO         8540    i._ZN9RM_CommonD2Ev  user_debug.o
    0x080087bc   0x080087bc   0x0000000c   Code   RO         7502    i._ZNK10Motor_Base19ENCODER_ANGLE_RATIOEv  chassis_swerve.o
    0x080087c8   0x080087c8   0x00000006   Code   RO         7483    i._ZNK10Motor_Base21GET_MOTOR_DESCRIPTIONEv  chassis_swerve.o
    0x080087ce   0x080087ce   0x00000002   PAD
    0x080087d0   0x080087d0   0x0000000c   Code   RO         8591    i._ZNK10Motor_C62011MAX_CURRENTEv  user_debug.o
    0x080087dc   0x080087dc   0x00000006   Code   RO         8604    i._ZNK10Motor_C62021GET_MOTOR_DESCRIPTIONEv  user_debug.o
    0x080087e2   0x080087e2   0x00000008   Code   RO         8579    i._ZNK9RM_Common11send_id_lowEv  user_debug.o
    0x080087ea   0x080087ea   0x00000008   Code   RO         8573    i._ZNK9RM_Common12send_id_highEv  user_debug.o
    0x080087f2   0x080087f2   0x00000070   Code   RO         8646    i._ZNK9RM_Common13prepareCANMsgER9CAN_TxMsgs  user_debug.o
    0x08008862   0x08008862   0x00000006   Code   RO         8558    i._ZNK9RM_Common14GET_MOTOR_FLAGEv  user_debug.o
    0x08008868   0x08008868   0x00000018   Code   RO         6775    i._ZSt3cosf         relocate.o
    0x08008880   0x08008880   0x00000022   Code   RO         8183    i._ZSt3powfi        speed_calculate.o
    0x080088a2   0x080088a2   0x00000018   Code   RO         6769    i._ZSt3sinf         relocate.o
    0x080088ba   0x080088ba   0x0000000a   Code   RO         8177    i._ZSt4fabsf        speed_calculate.o
    0x080088c4   0x080088c4   0x00000018   Code   RO         6480    i._ZSt4sqrtf        speed_plan.o
    0x080088dc   0x080088dc   0x00000026   Code   RO         9788    i.__ARM_fpclassifyf  m_wm.l(fpclassifyf.o)
    0x08008902   0x08008902   0x00000002   PAD
    0x08008904   0x08008904   0x00000010   Code   RO         2860    i.__NVIC_GetPriorityGrouping  stm32f4xx_hal_cortex.o
    0x08008914   0x08008914   0x00000028   Code   RO         2861    i.__NVIC_SetPriority  stm32f4xx_hal_cortex.o
    0x0800893c   0x0800893c   0x00000024   Code   RO         9418    i.__aeabi_vec_ctor_nocookie_nodtor  cpprt_w.l(aeabi_vec_ctor_nocookie_nodtor.o)
    0x08008960   0x08008960   0x00000010   Code   RO         9303    i.__cxa_guard_acquire  cpprt_w.l(cxa_guard_acquire.o)
    0x08008970   0x08008970   0x00000006   Code   RO         5130    i.__get_IPSR        cmsis_os2.o
    0x08008976   0x08008976   0x00000002   PAD
    0x08008978   0x08008978   0x00000150   Code   RO         9471    i.__hardfp_cosf     m_wm.l(cosf.o)
    0x08008ac8   0x08008ac8   0x00000664   Code   RO         9483    i.__hardfp_powf     m_wm.l(powf.o)
    0x0800912c   0x0800912c   0x00000190   Code   RO         9497    i.__hardfp_sinf     m_wm.l(sinf.o)
    0x080092bc   0x080092bc   0x0000003a   Code   RO         9509    i.__hardfp_sqrtf    m_wm.l(sqrtf.o)
    0x080092f6   0x080092f6   0x00000002   PAD
    0x080092f8   0x080092f8   0x00000014   Code   RO         9790    i.__mathlib_flt_divzero  m_wm.l(funder.o)
    0x0800930c   0x0800930c   0x00000006   Code   RO         9791    i.__mathlib_flt_infnan  m_wm.l(funder.o)
    0x08009312   0x08009312   0x00000006   Code   RO         9792    i.__mathlib_flt_infnan2  m_wm.l(funder.o)
    0x08009318   0x08009318   0x00000010   Code   RO         9793    i.__mathlib_flt_invalid  m_wm.l(funder.o)
    0x08009328   0x08009328   0x00000010   Code   RO         9794    i.__mathlib_flt_overflow  m_wm.l(funder.o)
    0x08009338   0x08009338   0x00000010   Code   RO         9796    i.__mathlib_flt_underflow  m_wm.l(funder.o)
    0x08009348   0x08009348   0x00000154   Code   RO         9804    i.__mathlib_rredf2  m_wm.l(rredf.o)
    0x0800949c   0x0800949c   0x00000038   Code   RO         6955    i.__sti___11_air_joy_cpp_air_joy  air_joy.o
    0x080094d4   0x080094d4   0x00000028   Code   RO         9014    i.__sti___11_fsm_joy_cpp_test  fsm_joy.o
    0x080094fc   0x080094fc   0x00000028   Code   RO         7733    i.__sti___12_launcher_cpp_5270b09b  launcher.o
    0x08009524   0x08009524   0x00000028   Code   RO         8230    i.__sti___13_data_pool_cpp_35791fe7  data_pool.o
    0x0800954c   0x0800954c   0x0000010c   Code   RO         8493    i.__sti___14_user_debug_cpp_M3508  user_debug.o
    0x08009658   0x08009658   0x00000068   Code   RO         8877    i.__sti___16_chassis_task_cpp_yaw_pid  chassis_task.o
    0x080096c0   0x080096c0   0x0000004c   Code   RO         7889    i.__sti___16_speed_action_cpp_0b24b1b6  speed_action.o
    0x0800970c   0x0800970c   0x0000005c   Code   RO         9219    i.__sti___17_relocate_task_cpp_relocate  relocate_task.o
    0x08009768   0x08009768   0x00000028   Code   RO         8432    i.__sti___18_service_config_cpp_be46bf9b  service_config.o
    0x08009790   0x08009790   0x00000028   Code   RO         8323    i.__sti___25_service_communication_cpp_06a294b1  service_communication.o
    0x080097b8   0x080097b8   0x0000003c   Code   RO         5797    i.comm_can_transmit_extid  drive_can.o
    0x080097f4   0x080097f4   0x0000003a   Code   RO         5798    i.comm_can_transmit_stdid  drive_can.o
    0x0800982e   0x0800982e   0x00000050   Code   RO           16    i.main              main.o
    0x0800987e   0x0800987e   0x0000001e   Code   RO         5131    i.osDelay           cmsis_os2.o
    0x0800989c   0x0800989c   0x0000002c   Code   RO         5145    i.osKernelInitialize  cmsis_os2.o
    0x080098c8   0x080098c8   0x00000060   Code   RO         5148    i.osKernelStart     cmsis_os2.o
    0x08009928   0x08009928   0x000000b8   Code   RO         5190    i.osThreadNew       cmsis_os2.o
    0x080099e0   0x080099e0   0x000000ac   Code   RO         6150    i.parse_data        drive_atk_mw1278d_uart.o
    0x08009a8c   0x08009a8c   0x0000007c   Code   RO         4568    i.prvAddCurrentTaskToDelayedList  tasks.o
    0x08009b08   0x08009b08   0x000000b8   Code   RO         4569    i.prvAddNewTaskToReadyList  tasks.o
    0x08009bc0   0x08009bc0   0x00000074   Code   RO         4944    i.prvCheckForValidListAndQueue  timers.o
    0x08009c34   0x08009c34   0x00000048   Code   RO         4570    i.prvCheckTasksWaitingTermination  tasks.o
    0x08009c7c   0x08009c7c   0x0000002a   Code   RO         4155    i.prvCopyDataFromQueue  queue.o
    0x08009ca6   0x08009ca6   0x0000007e   Code   RO         4156    i.prvCopyDataToQueue  queue.o
    0x08009d24   0x08009d24   0x00000050   Code   RO         4571    i.prvDeleteTCB      tasks.o
    0x08009d74   0x08009d74   0x00000028   Code   RO         4945    i.prvGetNextExpireTime  timers.o
    0x08009d9c   0x08009d9c   0x0000007c   Code   RO         5658    i.prvHeapInit       heap_4.o
    0x08009e18   0x08009e18   0x00000028   Code   RO         4572    i.prvIdleTask       tasks.o
    0x08009e40   0x08009e40   0x0000002a   Code   RO         4159    i.prvInitialiseNewQueue  queue.o
    0x08009e6a   0x08009e6a   0x000000be   Code   RO         4573    i.prvInitialiseNewTask  tasks.o
    0x08009f28   0x08009f28   0x00000068   Code   RO         4574    i.prvInitialiseTaskLists  tasks.o
    0x08009f90   0x08009f90   0x00000068   Code   RO         5659    i.prvInsertBlockIntoFreeList  heap_4.o
    0x08009ff8   0x08009ff8   0x00000058   Code   RO         4947    i.prvInsertTimerInActiveList  timers.o
    0x0800a050   0x0800a050   0x0000001a   Code   RO         4160    i.prvIsQueueEmpty   queue.o
    0x0800a06a   0x0800a06a   0x0000001e   Code   RO         4161    i.prvIsQueueFull    queue.o
    0x0800a088   0x0800a088   0x00000074   Code   RO         4948    i.prvProcessExpiredTimer  timers.o
    0x0800a0fc   0x0800a0fc   0x00000164   Code   RO         4949    i.prvProcessReceivedCommands  timers.o
    0x0800a260   0x0800a260   0x00000074   Code   RO         4950    i.prvProcessTimerOrBlockTask  timers.o
    0x0800a2d4   0x0800a2d4   0x00000034   Code   RO         4576    i.prvResetNextTaskUnblockTime  tasks.o
    0x0800a308   0x0800a308   0x0000002c   Code   RO         4951    i.prvSampleTimeNow  timers.o
    0x0800a334   0x0800a334   0x000000a4   Code   RO         4952    i.prvSwitchTimerLists  timers.o
    0x0800a3d8   0x0800a3d8   0x00000040   Code   RO         5714    i.prvTaskExitError  port.o
    0x0800a418   0x0800a418   0x0000001a   Code   RO         4953    i.prvTimerTask      timers.o
    0x0800a432   0x0800a432   0x0000007e   Code   RO         4162    i.prvUnlockQueue    queue.o
    0x0800a4b0   0x0800a4b0   0x0000014c   Code   RO         5660    i.pvPortMalloc      heap_4.o
    0x0800a5fc   0x0800a5fc   0x0000002c   Code   RO         5715    i.pxPortInitialiseStack  port.o
    0x0800a628   0x0800a628   0x000000bc   Code   RO         9220    i.relocate_task     relocate_task.o
    0x0800a6e4   0x0800a6e4   0x00000028   Code   RO         4115    i.uxListRemove      list.o
    0x0800a70c   0x0800a70c   0x00000018   Code   RO         5202    i.vApplicationGetIdleTaskMemory  cmsis_os2.o
    0x0800a724   0x0800a724   0x00000018   Code   RO         5203    i.vApplicationGetTimerTaskMemory  cmsis_os2.o
    0x0800a73c   0x0800a73c   0x0000001a   Code   RO         4116    i.vListInitialise   list.o
    0x0800a756   0x0800a756   0x00000006   Code   RO         4117    i.vListInitialiseItem  list.o
    0x0800a75c   0x0800a75c   0x00000034   Code   RO         4118    i.vListInsert       list.o
    0x0800a790   0x0800a790   0x00000018   Code   RO         4119    i.vListInsertEnd    list.o
    0x0800a7a8   0x0800a7a8   0x00000054   Code   RO         5717    i.vPortEnterCritical  port.o
    0x0800a7fc   0x0800a7fc   0x0000003c   Code   RO         5718    i.vPortExitCritical  port.o
    0x0800a838   0x0800a838   0x000000a4   Code   RO         5661    i.vPortFree         heap_4.o
    0x0800a8dc   0x0800a8dc   0x00000028   Code   RO         5719    i.vPortSetupTimerInterrupt  port.o
    0x0800a904   0x0800a904   0x00000078   Code   RO         5720    i.vPortValidateInterruptPriority  port.o
    0x0800a97c   0x0800a97c   0x0000002c   Code   RO         4168    i.vQueueAddToRegistry  queue.o
    0x0800a9a8   0x0800a9a8   0x0000004a   Code   RO         4172    i.vQueueWaitForMessageRestricted  queue.o
    0x0800a9f2   0x0800a9f2   0x00000002   PAD
    0x0800a9f4   0x0800a9f4   0x0000005c   Code   RO         4589    i.vTaskDelay        tasks.o
    0x0800aa50   0x0800aa50   0x000000d4   Code   RO         4590    i.vTaskDelayUntil   tasks.o
    0x0800ab24   0x0800ab24   0x00000018   Code   RO         4594    i.vTaskInternalSetTimeOutState  tasks.o
    0x0800ab3c   0x0800ab3c   0x0000000c   Code   RO         4595    i.vTaskMissedYield  tasks.o
    0x0800ab48   0x0800ab48   0x00000038   Code   RO         4597    i.vTaskPlaceOnEventList  tasks.o
    0x0800ab80   0x0800ab80   0x00000040   Code   RO         4598    i.vTaskPlaceOnEventListRestricted  tasks.o
    0x0800abc0   0x0800abc0   0x000000b8   Code   RO         4606    i.vTaskStartScheduler  tasks.o
    0x0800ac78   0x0800ac78   0x00000010   Code   RO         4608    i.vTaskSuspendAll   tasks.o
    0x0800ac88   0x0800ac88   0x00000090   Code   RO         4609    i.vTaskSwitchContext  tasks.o
    0x0800ad18   0x0800ad18   0x00000168   Code   RO         5721    i.xPortStartScheduler  port.o
    0x0800ae80   0x0800ae80   0x00000034   Code   RO         5722    i.xPortSysTickHandler  port.o
    0x0800aeb4   0x0800aeb4   0x0000005a   Code   RO         4177    i.xQueueGenericCreate  queue.o
    0x0800af0e   0x0800af0e   0x000000e0   Code   RO         4178    i.xQueueGenericCreateStatic  queue.o
    0x0800afee   0x0800afee   0x00000002   PAD
    0x0800aff0   0x0800aff0   0x00000098   Code   RO         4179    i.xQueueGenericReset  queue.o
    0x0800b088   0x0800b088   0x000001a8   Code   RO         4180    i.xQueueGenericSend  queue.o
    0x0800b230   0x0800b230   0x000000fc   Code   RO         4181    i.xQueueGenericSendFromISR  queue.o
    0x0800b32c   0x0800b32c   0x00000168   Code   RO         4190    i.xQueueReceive     queue.o
    0x0800b494   0x0800b494   0x0000008c   Code   RO         4611    i.xTaskCheckForTimeOut  tasks.o
    0x0800b520   0x0800b520   0x00000064   Code   RO         4612    i.xTaskCreate       tasks.o
    0x0800b584   0x0800b584   0x000000ba   Code   RO         4613    i.xTaskCreateStatic  tasks.o
    0x0800b63e   0x0800b63e   0x00000002   PAD
    0x0800b640   0x0800b640   0x00000020   Code   RO         4617    i.xTaskGetSchedulerState  tasks.o
    0x0800b660   0x0800b660   0x0000000c   Code   RO         4618    i.xTaskGetTickCount  tasks.o
    0x0800b66c   0x0800b66c   0x00000144   Code   RO         4620    i.xTaskIncrementTick  tasks.o
    0x0800b7b0   0x0800b7b0   0x000000a4   Code   RO         4623    i.xTaskPriorityDisinherit  tasks.o
    0x0800b854   0x0800b854   0x00000098   Code   RO         4625    i.xTaskRemoveFromEventList  tasks.o
    0x0800b8ec   0x0800b8ec   0x00000104   Code   RO         4626    i.xTaskResumeAll    tasks.o
    0x0800b9f0   0x0800b9f0   0x00000078   Code   RO         4962    i.xTimerCreateTimerTask  timers.o
    0x0800ba68   0x0800ba68   0x00000084   Code   RO         4963    i.xTimerGenericCommand  timers.o
    0x0800baec   0x0800baec   0x0000002c   Code   RO         9882    locale$$code        c_w.l(lc_ctype_c.o)
    0x0800bb18   0x0800bb18   0x000001a4   Code   RO         7122    t._Z14Motor_SendMsgsI10Motor_C620Li3EEvP17CAN_HandleTypeDefRAT0__T_  omni_chassis.o
    0x0800bcbc   0x0800bcbc   0x00000028   Code   RO         6445    t._Z15_tool_ConstrainIfEvPT_S0_S0_  pid.o
    0x0800bce4   0x0800bce4   0x00000028   Code   RO         8518    t._Z16motor_constraintIfEvPT_S0_S0_  user_debug.o
    0x0800bd0c   0x0800bd0c   0x0000001a   Code   RO         6438    t._Z9_tool_AbsIfET_S0_  pid.o
    0x0800bd26   0x0800bd26   0x0000000e   Code   RO         9041    t._Z9_tool_AbsIiET_S0_  fsm_joy.o
    0x0800bd34   0x0800bd34   0x00000062   Code   RO         9421    x$fpl$d2f           fz_wm.l(d2f.o)
    0x0800bd96   0x0800bd96   0x00000002   PAD
    0x0800bd98   0x0800bd98   0x00000150   Code   RO         9423    x$fpl$dadd          fz_wm.l(daddsub_clz.o)
    0x0800bee8   0x0800bee8   0x00000018   Code   RO         9767    x$fpl$dcmpinf       fz_wm.l(dcmpi.o)
    0x0800bf00   0x0800bf00   0x000002b0   Code   RO         9430    x$fpl$ddiv          fz_wm.l(ddiv.o)
    0x0800c1b0   0x0800c1b0   0x0000002e   Code   RO         9434    x$fpl$dflt          fz_wm.l(dflt_clz.o)
    0x0800c1de   0x0800c1de   0x00000002   PAD
    0x0800c1e0   0x0800c1e0   0x00000078   Code   RO         9439    x$fpl$dleqf         fz_wm.l(dleqf.o)
    0x0800c258   0x0800c258   0x00000154   Code   RO         9441    x$fpl$dmul          fz_wm.l(dmul.o)
    0x0800c3ac   0x0800c3ac   0x0000009c   Code   RO         9769    x$fpl$dnaninf       fz_wm.l(dnaninf.o)
    0x0800c448   0x0800c448   0x0000000c   Code   RO         9771    x$fpl$dretinf       fz_wm.l(dretinf.o)
    0x0800c454   0x0800c454   0x0000006c   Code   RO         9443    x$fpl$drleqf        fz_wm.l(drleqf.o)
    0x0800c4c0   0x0800c4c0   0x000001d4   Code   RO         9425    x$fpl$dsub          fz_wm.l(daddsub_clz.o)
    0x0800c694   0x0800c694   0x00000056   Code   RO         9445    x$fpl$f2d           fz_wm.l(f2d.o)
    0x0800c6ea   0x0800c6ea   0x0000008c   Code   RO         9773    x$fpl$fnaninf       fz_wm.l(fnaninf.o)
    0x0800c776   0x0800c776   0x0000000a   Code   RO         9924    x$fpl$fpinit        fz_wm.l(fpinit.o)
    0x0800c780   0x0800c780   0x0000000a   Code   RO         9775    x$fpl$fretinf       fz_wm.l(fretinf.o)
    0x0800c78a   0x0800c78a   0x00000000   Code   RO         9787    x$fpl$usenofp       fz_wm.l(usenofp.o)
    0x0800c78a   0x0800c78a   0x00000002   PAD
    0x0800c78c   0x0800c78c   0x00000168   Data   RO          287    .constdata          freertos.o
    0x0800c8f4   0x0800c8f4   0x00000008   Data   RO         2574    .constdata          stm32f4xx_hal_dma.o
    0x0800c8fc   0x0800c8fc   0x00000018   Data   RO         3952    .constdata          system_stm32f4xx.o
    0x0800c914   0x0800c914   0x00000014   Data   RO         6960    .constdata          air_joy.o
    0x0800c928   0x0800c928   0x00000060   Data   RO         8883    .constdata          chassis_task.o
    0x0800c988   0x0800c988   0x00000020   Data   RO         9018    .constdata          fsm_joy.o
    0x0800c9a8   0x0800c9a8   0x00000140   Data   RO         9486    .constdata          m_wm.l(powf.o)
    0x0800cae8   0x0800cae8   0x00000020   Data   RO         9805    .constdata          m_wm.l(rredf.o)
    0x0800cb08   0x0800cb08   0x00000038   Data   RO         7444    .constdata__ZTV10Motor_Base  chassis_swerve.o
    0x0800cb40   0x0800cb40   0x00000048   Data   RO         8549    .constdata__ZTV10Motor_C620  user_debug.o
    0x0800cb88   0x0800cb88   0x00000040   Data   RO         7446    .constdata__ZTV11Motor_Speed  chassis_swerve.o
    0x0800cbc8   0x0800cbc8   0x00000014   Data   RO         7988    .constdata__ZTV11PlannerBase  speed_action.o
    0x0800cbdc   0x0800cbdc   0x00000014   Data   RO         6479    .constdata__ZTV12TrapePlanner  speed_plan.o
    0x0800cbf0   0x0800cbf0   0x00000040   Data   RO         7448    .constdata__ZTV4VESC  chassis_swerve.o
    0x0800cc30   0x0800cc30   0x00000044   Data   RO         8551    .constdata__ZTV9DM_Driver  user_debug.o
    0x0800cc74   0x0800cc74   0x00000048   Data   RO         8547    .constdata__ZTV9RM_Common  user_debug.o
    0x0800ccbc   0x0800ccbc   0x00000070   Data   RO          288    .conststring        freertos.o
    0x0800cd2c   0x0800cd2c   0x00000020   Data   RO        10065    Region$$Table       anon$$obj.o
    0x0800cd4c   0x0800cd4c   0x00000110   Data   RO         9881    locale$$data        c_w.l(lc_ctype_c.o)
    0x0800ce5c   0x0800ce5c   0x00000004   Data   RO         6961    .init_array         air_joy.o
    0x0800ce60   0x0800ce5c   0x00000004   Data   RO         7744    .init_array         launcher.o
    0x0800ce64   0x0800ce5c   0x00000004   Data   RO         7905    .init_array         speed_action.o
    0x0800ce68   0x0800ce5c   0x00000004   Data   RO         8235    .init_array         data_pool.o
    0x0800ce6c   0x0800ce5c   0x00000004   Data   RO         8334    .init_array         service_communication.o
    0x0800ce70   0x0800ce5c   0x00000004   Data   RO         8437    .init_array         service_config.o
    0x0800ce74   0x0800ce5c   0x00000004   Data   RO         8497    .init_array         user_debug.o
    0x0800ce78   0x0800ce5c   0x00000004   Data   RO         8885    .init_array         chassis_task.o
    0x0800ce7c   0x0800ce5c   0x00000004   Data   RO         9020    .init_array         fsm_joy.o
    0x0800ce80   0x0800ce5c   0x00000004   Data   RO         9224    .init_array         relocate_task.o
    0x0800ce84   0x0800ce5c   0x00000000   Data   RO         9292    .init_array         c_w.l(init_aeabi.o)


    Execution Region RW_IRAM1 (Exec base: 0x20000000, Load base: 0x0800ce84, Size: 0x00006978, Max: 0x00020000, ABSOLUTE, COMPRESSED[0x00000074])

    Exec Addr    Load Addr    Size         Type   Attr      Idx    E Section Name        Object

    0x20000000   COMPRESSED   0x00000028   Data   RW          289    .data               freertos.o
    0x20000028   COMPRESSED   0x00000004   Data   RW          333    .data               can.o
    0x2000002c   COMPRESSED   0x00000009   Data   RW         3024    .data               stm32f4xx_hal.o
    0x20000035   COMPRESSED   0x00000003   PAD
    0x20000038   COMPRESSED   0x00000004   Data   RW         3953    .data               system_stm32f4xx.o
    0x2000003c   COMPRESSED   0x0000003c   Data   RW         4629    .data               tasks.o
    0x20000078   COMPRESSED   0x00000014   Data   RW         4971    .data               timers.o
    0x2000008c   COMPRESSED   0x00000004   Data   RW         5205    .data               cmsis_os2.o
    0x20000090   COMPRESSED   0x00000020   Data   RW         5667    .data               heap_4.o
    0x200000b0   COMPRESSED   0x0000000c   Data   RW         5723    .data               port.o
    0x200000bc   COMPRESSED   0x00000008   Data   RW         5800    .data               drive_can.o
    0x200000c4   COMPRESSED   0x0000000c   Data   RW         5988    .data               drive_tim.o
    0x200000d0   COMPRESSED   0x00000002   Data   RW         6061    .data               drive_uart.o
    0x200000d2   COMPRESSED   0x00000002   PAD
    0x200000d4   COMPRESSED   0x00000036   Data   RW         6152    .data               drive_atk_mw1278d_uart.o
    0x2000010a   COMPRESSED   0x00000078   Data   RW         6209    .data               drive_ws2812.o
    0x20000182   COMPRESSED   0x00000002   PAD
    0x20000184   COMPRESSED   0x00000004   Data   RW         6392    .data               pid.o
    0x20000188   COMPRESSED   0x00000074   Data   RW         7743    .data               launcher.o
    0x200001fc   COMPRESSED   0x00000068   Data   RW         7904    .data               speed_action.o
    0x20000264   COMPRESSED   0x00000010   Data   RW         8065    .data               viewcommunication.o
    0x20000274   COMPRESSED   0x00000050   Data   RW         8127    .data               speed_calculate.o
    0x200002c4   COMPRESSED   0x0000004c   Data   RW         8234    .data               data_pool.o
    0x20000310   COMPRESSED   0x00000010   Data   RW         8333    .data               service_communication.o
    0x20000320   COMPRESSED   0x00000010   Data   RW         8436    .data               service_config.o
    0x20000330   COMPRESSED   0x00000024   Data   RW         8781    .data               laserpositioning_task.o
    0x20000354   COMPRESSED   0x0000001c   Data   RW         8884    .data               chassis_task.o
    0x20000370   COMPRESSED   0x0000002a   Data   RW         9019    .data               fsm_joy.o
    0x2000039a   COMPRESSED   0x00000002   Data   RW         9075    .data               led.o
    0x2000039c   COMPRESSED   0x00000019   Data   RW         9223    .data               relocate_task.o
    0x200003b5   COMPRESSED   0x00000003   PAD
    0x200003b8        -       0x00000050   Zero   RW          332    .bss                can.o
    0x20000408        -       0x000000b8   Zero   RW          404    .bss                spi.o
    0x200004c0        -       0x000000d8   Zero   RW          449    .bss                tim.o
    0x20000598        -       0x00000528   Zero   RW          510    .bss                usart.o
    0x20000ac0        -       0x00000048   Zero   RW          801    .bss                stm32f4xx_hal_timebase_tim.o
    0x20000b08        -       0x00000040   Zero   RW         4194    .bss                queue.o
    0x20000b48        -       0x000004c4   Zero   RW         4628    .bss                tasks.o
    0x2000100c        -       0x00000118   Zero   RW         4970    .bss                timers.o
    0x20001124        -       0x000006d8   Zero   RW         5204    .bss                cmsis_os2.o
    0x200017fc        -       0x00003c00   Zero   RW         5666    .bss                heap_4.o
    0x200053fc        -       0x00000048   Zero   RW         5799    .bss                drive_can.o
    0x20005444        -       0x000000b4   Zero   RW         6060    .bss                drive_uart.o
    0x200054f8        -       0x00000128   Zero   RW         6151    .bss                drive_atk_mw1278d_uart.o
    0x20005620        -       0x000003c0   Zero   RW         6208    .bss                drive_ws2812.o
    0x200059e0        -       0x0000003c   Zero   RW         6959    .bss                air_joy.o
    0x20005a1c        -       0x00000060   Zero   RW         7681    .bss                position.o
    0x20005a7c        -       0x0000004c   Zero   RW         7903    .bss                speed_action.o
    0x20005ac8        -       0x00000094   Zero   RW         8064    .bss                viewcommunication.o
    0x20005b5c        -       0x000000d0   Zero   RW         8126    .bss                speed_calculate.o
    0x20005c2c        -       0x000000b9   Zero   RW         8233    .bss                data_pool.o
    0x20005ce5   COMPRESSED   0x00000003   PAD
    0x20005ce8        -       0x000000bc   Zero   RW         8496    .bss                user_debug.o
    0x20005da4        -       0x00000038   Zero   RW         8780    .bss                laserpositioning_task.o
    0x20005ddc   COMPRESSED   0x00000004   PAD
    0x20005de0        -       0x00000514   Zero   RW         8882    .bss                chassis_task.o
    0x200062f4        -       0x00000024   Zero   RW         9017    .bss                fsm_joy.o
    0x20006318        -       0x00000060   Zero   RW         9808    .bss                c_w.l(libspace.o)
    0x20006378        -       0x00000200   Zero   RW            2    HEAP                startup_stm32f407xx.o
    0x20006578        -       0x00000400   Zero   RW            1    STACK               startup_stm32f407xx.o


==============================================================================

Image component sizes


      Code (inc. data)   RO Data    RW Data    ZI Data      Debug   Object Name

       276         18         24          0         60       5883   air_joy.o
       524         46          0          4         80       2534   can.o
       408         32        184          0          0      13251   chassis_swerve.o
      1714        228        100         28       1300      21316   chassis_task.o
       430         38          0          4       1752      65331   cmsis_os2.o
       296         68          4         76        185      17679   data_pool.o
       248          6          0          0          0        918   dma.o
       372         56          0         54        296       3272   drive_atk_mw1278d_uart.o
       522         60          0          8         72       5185   drive_can.o
       168         16          0         12          0       4225   drive_tim.o
       512         46          0          2        180       4309   drive_uart.o
       412         24          0        120        960       6258   drive_ws2812.o
         0          0          0          0          0      19532   event_groups.o
        74          0          0          0          0       5532   filter.o
       264        120        472         40          0       2259   freertos.o
      1014         82         36         42         36       3484   fsm_joy.o
       336         14          0          0          0       1167   gpio.o
       724         74          0         32      15360       4963   heap_4.o
       930         88          0         36         56       9292   laserpositioning_task.o
        40         12          4        116          0      13945   launcher.o
       224         26          0          2          0       5058   led.o
       148          0          0          0          0       3662   list.o
        12          0          0          0          0        537   lora.o
       306         20          0          0          0     726788   main.o
      1654         42          0          0          0     624635   omni_chassis.o
      1650         34          0          4          0      10346   pid.o
      1014         92          0         12          0      11881   port.o
       544         32          0          0         96       4176   position.o
      2012         20          0          0         64      18686   queue.o
       320         20          0          0          0       7532   relocate.o
       280         60          4         25          0       2301   relocate_task.o
       414         54          4         16          0      17311   service_communication.o
       316        104          4         16          0      13839   service_config.o
         0          0          0          0          0        306   shoot.o
       148         48         24        104         76       4890   speed_action.o
      2260        202          0         80        208       9590   speed_calculate.o
        24          0         20          0          0        879   speed_plan.o
       272         30          0          0        184       1818   spi.o
        64         26        392          0       1536        860   startup_stm32f407xx.o
        96         20          0          9          0       8182   stm32f4xx_hal.o
      2196          4          0          0          0      14829   stm32f4xx_hal_can.o
       260         22          0          0          0      33654   stm32f4xx_hal_cortex.o
      1436         16          8          0          0       7174   stm32f4xx_hal_dma.o
       540         50          0          0          0       2807   stm32f4xx_hal_gpio.o
        84          6          0          0          0        894   stm32f4xx_hal_msp.o
      1888         94          0          0          0       6421   stm32f4xx_hal_rcc.o
       992         26          0          0          0       7824   stm32f4xx_hal_spi.o
      2358        142          0          0          0      16932   stm32f4xx_hal_tim.o
       184         30          0          0          0       2593   stm32f4xx_hal_tim_ex.o
       180         20          0          0         72       1519   stm32f4xx_hal_timebase_tim.o
      3288         40          0          0          0      20823   stm32f4xx_hal_uart.o
       440        148          0          0          0      15387   stm32f4xx_it.o
         0          0          0          0          0        392   stream_buffer.o
        20          6         24          4          0       1175   system_stm32f4xx.o
      3020        358          0         60       1220      29180   tasks.o
       572         56          0          0        216       3772   tim.o
      1318        124          0         20        280      30667   timers.o
        76          0          0          0          0       2974   tool.o
      1628        152          0          0       1320       5448   usart.o
       666         78        216          0        188      13797   user_debug.o
       528         44          0         16        148       4614   viewcommunication.o

    ----------------------------------------------------------------------
     42760       3274       1552        952      25952    1906488   Object Totals
         0          0         32          0          0          0   (incl. Generated)
        64          0          0         10          7          0   (incl. Padding)

    ----------------------------------------------------------------------

      Code (inc. data)   RO Data    RW Data    ZI Data      Debug   Library Member Name

        90          0          0          0          0          0   __dczerorl2.o
         8          0          0          0          0         68   __main.o
         0          0          0          0          0          0   __rtentry.o
        12          0          0          0          0          0   __rtentry2.o
         6          0          0          0          0          0   __rtentry4.o
        52          8          0          0          0          0   __scatter.o
        28          0          0          0          0          0   __scatter_zi.o
        28          0          0          0          0         68   _chval.o
        22          0          0          0          0        100   _rserrno.o
       158          0          0          0          0         92   _strtoul.o
        46          0          0          0          0         84   aeabi_atexit.o
        16          0          0          0          0         68   aeabi_memset.o
        26          0          0          0          0         80   atoi.o
        66          0          0          0          0         84   cxa_finalize.o
        10          0          0          0          0         68   defsig_exit.o
        50          0          0          0          0         88   defsig_general.o
        80         58          0          0          0         76   defsig_rtmem_inner.o
        14          0          0          0          0         80   defsig_rtmem_outer.o
        18          0          0          0          0         80   exit.o
        94          0          0          0          0         80   h1_alloc.o
        52          0          0          0          0         68   h1_extend.o
        78          0          0          0          0         80   h1_free.o
        14          0          0          0          0         84   h1_init.o
         6          0          0          0          0        152   heapauxi.o
         4          0          0          0          0        136   hguard.o
         0          0          0          0          0          0   indicate_semi.o
        36         10          0          0          0         80   init_aeabi.o
       138          0          0          0          0        168   init_alloc.o
        44         10        272          0          0         76   lc_ctype_c.o
         2          0          0          0          0          0   libinit.o
        36          0          0          0          0          0   libinit2.o
         2          0          0          0          0          0   libshutdown.o
         8          0          0          0          0          0   libshutdown2.o
         8          4          0          0         96         68   libspace.o
       238          0          0          0          0        100   lludivv7m.o
         0          0          0          0          0          0   maybetermalloc1.o
        16          4          0          0          0         76   rt_ctype_table.o
         8          4          0          0          0         68   rt_ddtor_pointer_addr_intlibspace.o
         8          4          0          0          0         68   rt_errno_addr_intlibspace.o
         8          4          0          0          0         68   rt_heap_descriptor_intlibspace.o
         8          4          0          0          0         68   rt_locale_intlibspace.o
        68          0          0          0          0         68   rt_memclr.o
        78          0          0          0          0         80   rt_memclr_w.o
       138          0          0          0          0         68   rt_memcpy_v6.o
       100          0          0          0          0         80   rt_memcpy_w.o
         2          0          0          0          0          0   rtexit.o
        10          0          0          0          0          0   rtexit2.o
        20          0          0          0          0         68   strchr.o
       128          0          0          0          0         68   strcmpv7m.o
       112          0          0          0          0         88   strtol.o
        12          4          0          0          0         68   sys_exit.o
        74          0          0          0          0         80   sys_stackheap_outer.o
        14          0          0          0          0         76   sys_wrch.o
         2          0          0          0          0         68   use_no_semi.o
        36          0          0          0          0         84   aeabi_vec_ctor_nocookie_nodtor.o
        34          0          0          0          0         84   aeabi_vec_dtor_noexceptions.o
        16          0          0          0          0         68   cxa_guard_acquire.o
        98          4          0          0          0        140   d2f.o
       804         16          0          0          0        368   daddsub_clz.o
        24          0          0          0          0        116   dcmpi.o
       688        140          0          0          0        256   ddiv.o
        46          0          0          0          0        116   dflt_clz.o
       120          4          0          0          0        140   dleqf.o
       340         12          0          0          0        152   dmul.o
       156          4          0          0          0        140   dnaninf.o
        12          0          0          0          0        116   dretinf.o
       108          0          0          0          0        128   drleqf.o
        86          4          0          0          0        132   f2d.o
       140          4          0          0          0        132   fnaninf.o
        10          0          0          0          0        116   fpinit.o
        10          0          0          0          0        116   fretinf.o
         0          0          0          0          0          0   usenofp.o
       336         56          0          0          0        136   cosf.o
        38          0          0          0          0        116   fpclassifyf.o
        80         24          0          0          0        696   funder.o
      1636        110        320          0          0        372   powf.o
       340         24         32          0          0        160   rredf.o
       400         56          0          0          0        212   sinf.o
        58          0          0          0          0        136   sqrtf.o

    ----------------------------------------------------------------------
      7932        572        624          0         96       7520   Library Totals
        20          0          0          0          0          0   (incl. Padding)

    ----------------------------------------------------------------------

      Code (inc. data)   RO Data    RW Data    ZI Data      Debug   Library Name

      2296        114        272          0         96       3288   c_w.l
        86          0          0          0          0        236   cpprt_w.l
      2642        188          0          0          0       2168   fz_wm.l
      2888        270        352          0          0       1828   m_wm.l

    ----------------------------------------------------------------------
      7932        572        624          0         96       7520   Library Totals

    ----------------------------------------------------------------------

==============================================================================


      Code (inc. data)   RO Data    RW Data    ZI Data      Debug   

     50692       3846       2176        952      26048    1873728   Grand Totals
     50692       3846       2176        116      26048    1873728   ELF Image Totals (compressed)
     50692       3846       2176        116          0          0   ROM Totals

==============================================================================

    Total RO  Size (Code + RO Data)                52868 (  51.63kB)
    Total RW  Size (RW Data + ZI Data)             27000 (  26.37kB)
    Total ROM Size (Code + RO Data + RW Data)      52984 (  51.74kB)

==============================================================================

