Component: ARM Compiler 5.06 update 5 (build 528) Tool: armlink [4d35e2]

==============================================================================

Section Cross References

    startup_stm32f407xx.o(STACK) refers (Special) to heapauxi.o(.text) for __use_two_region_memory
    startup_stm32f407xx.o(HEAP) refers (Special) to heapauxi.o(.text) for __use_two_region_memory
    startup_stm32f407xx.o(RESET) refers (Special) to heapauxi.o(.text) for __use_two_region_memory
    startup_stm32f407xx.o(RESET) refers to startup_stm32f407xx.o(STACK) for __initial_sp
    startup_stm32f407xx.o(RESET) refers to startup_stm32f407xx.o(.text) for Reset_Handler
    startup_stm32f407xx.o(RESET) refers to stm32f4xx_it.o(i.NMI_Handler) for NMI_Handler
    startup_stm32f407xx.o(RESET) refers to stm32f4xx_it.o(i.HardFault_Handler) for HardFault_Handler
    startup_stm32f407xx.o(RESET) refers to stm32f4xx_it.o(i.MemManage_Handler) for MemManage_Handler
    startup_stm32f407xx.o(RESET) refers to stm32f4xx_it.o(i.BusFault_Handler) for BusFault_Handler
    startup_stm32f407xx.o(RESET) refers to stm32f4xx_it.o(i.UsageFault_Handler) for UsageFault_Handler
    startup_stm32f407xx.o(RESET) refers to port.o(.emb_text) for SVC_Handler
    startup_stm32f407xx.o(RESET) refers to stm32f4xx_it.o(i.DebugMon_Handler) for DebugMon_Handler
    startup_stm32f407xx.o(RESET) refers to cmsis_os2.o(i.SysTick_Handler) for SysTick_Handler
    startup_stm32f407xx.o(RESET) refers to stm32f4xx_it.o(i.DMA1_Stream1_IRQHandler) for DMA1_Stream1_IRQHandler
    startup_stm32f407xx.o(RESET) refers to stm32f4xx_it.o(i.DMA1_Stream2_IRQHandler) for DMA1_Stream2_IRQHandler
    startup_stm32f407xx.o(RESET) refers to stm32f4xx_it.o(i.DMA1_Stream3_IRQHandler) for DMA1_Stream3_IRQHandler
    startup_stm32f407xx.o(RESET) refers to stm32f4xx_it.o(i.DMA1_Stream4_IRQHandler) for DMA1_Stream4_IRQHandler
    startup_stm32f407xx.o(RESET) refers to stm32f4xx_it.o(i.DMA1_Stream5_IRQHandler) for DMA1_Stream5_IRQHandler
    startup_stm32f407xx.o(RESET) refers to stm32f4xx_it.o(i.DMA1_Stream6_IRQHandler) for DMA1_Stream6_IRQHandler
    startup_stm32f407xx.o(RESET) refers to stm32f4xx_it.o(i.CAN1_TX_IRQHandler) for CAN1_TX_IRQHandler
    startup_stm32f407xx.o(RESET) refers to stm32f4xx_it.o(i.CAN1_RX0_IRQHandler) for CAN1_RX0_IRQHandler
    startup_stm32f407xx.o(RESET) refers to stm32f4xx_it.o(i.EXTI9_5_IRQHandler) for EXTI9_5_IRQHandler
    startup_stm32f407xx.o(RESET) refers to stm32f4xx_it.o(i.TIM3_IRQHandler) for TIM3_IRQHandler
    startup_stm32f407xx.o(RESET) refers to stm32f4xx_it.o(i.TIM4_IRQHandler) for TIM4_IRQHandler
    startup_stm32f407xx.o(RESET) refers to stm32f4xx_it.o(i.USART1_IRQHandler) for USART1_IRQHandler
    startup_stm32f407xx.o(RESET) refers to stm32f4xx_it.o(i.USART2_IRQHandler) for USART2_IRQHandler
    startup_stm32f407xx.o(RESET) refers to stm32f4xx_it.o(i.USART3_IRQHandler) for USART3_IRQHandler
    startup_stm32f407xx.o(RESET) refers to stm32f4xx_it.o(i.UART4_IRQHandler) for UART4_IRQHandler
    startup_stm32f407xx.o(RESET) refers to stm32f4xx_it.o(i.TIM6_DAC_IRQHandler) for TIM6_DAC_IRQHandler
    startup_stm32f407xx.o(RESET) refers to stm32f4xx_it.o(i.DMA2_Stream1_IRQHandler) for DMA2_Stream1_IRQHandler
    startup_stm32f407xx.o(RESET) refers to stm32f4xx_it.o(i.DMA2_Stream2_IRQHandler) for DMA2_Stream2_IRQHandler
    startup_stm32f407xx.o(RESET) refers to stm32f4xx_it.o(i.DMA2_Stream3_IRQHandler) for DMA2_Stream3_IRQHandler
    startup_stm32f407xx.o(RESET) refers to stm32f4xx_it.o(i.CAN2_TX_IRQHandler) for CAN2_TX_IRQHandler
    startup_stm32f407xx.o(RESET) refers to stm32f4xx_it.o(i.CAN2_RX0_IRQHandler) for CAN2_RX0_IRQHandler
    startup_stm32f407xx.o(RESET) refers to stm32f4xx_it.o(i.DMA2_Stream6_IRQHandler) for DMA2_Stream6_IRQHandler
    startup_stm32f407xx.o(RESET) refers to stm32f4xx_it.o(i.DMA2_Stream7_IRQHandler) for DMA2_Stream7_IRQHandler
    startup_stm32f407xx.o(RESET) refers to stm32f4xx_it.o(i.USART6_IRQHandler) for USART6_IRQHandler
    startup_stm32f407xx.o(.text) refers (Special) to heapauxi.o(.text) for __use_two_region_memory
    startup_stm32f407xx.o(.text) refers to system_stm32f4xx.o(i.SystemInit) for SystemInit
    startup_stm32f407xx.o(.text) refers to __main.o(!!!main) for __main
    startup_stm32f407xx.o(.text) refers to startup_stm32f407xx.o(HEAP) for Heap_Mem
    startup_stm32f407xx.o(.text) refers to startup_stm32f407xx.o(STACK) for Stack_Mem
    main.o(i.HAL_TIM_PeriodElapsedCallback) refers to stm32f4xx_hal.o(i.HAL_IncTick) for HAL_IncTick
    main.o(i.HAL_TIM_PeriodElapsedCallback) refers to drive_tim.o(i.Update_SystemTick) for Update_SystemTick
    main.o(i.SystemClock_Config) refers to rt_memclr_w.o(.text) for __aeabi_memclr4
    main.o(i.SystemClock_Config) refers to stm32f4xx_hal_rcc.o(i.HAL_RCC_OscConfig) for HAL_RCC_OscConfig
    main.o(i.SystemClock_Config) refers to main.o(i.Error_Handler) for Error_Handler
[...]
    test_reach                               0x200001d0   Data           1  launcher.o(.data)
    test_plan                                0x200001d1   Data           1  launcher.o(.data)
    kp_1                                     0x200001d4   Data           4  launcher.o(.data)
    ki_1                                     0x200001d8   Data           4  launcher.o(.data)
    kd_1                                     0x200001dc   Data           4  launcher.o(.data)
    I_max_1                                  0x200001e0   Data           4  launcher.o(.data)
    out_max_1                                0x200001e4   Data           4  launcher.o(.data)
    test_read                                0x200001fc   Data           4  speed_action.o(.data)
    center_point                             0x20000200   Data           8  speed_action.o(.data)
    nor_dir                                  0x20000208   Data           8  speed_action.o(.data)
    tan_dir                                  0x20000210   Data           8  speed_action.o(.data)
    dis_2_center                             0x20000218   Data           4  speed_action.o(.data)
    center_heading                           0x2000021c   Data           4  speed_action.o(.data)
    nor_speed                                0x20000220   Data           4  speed_action.o(.data)
    now_point                                0x20000224   Data           8  speed_action.o(.data)
    W                                        0x2000022c   Data           4  speed_action.o(.data)
    test_speed                               0x20000230   Data           4  speed_action.o(.data)
    delta                                    0x20000234   Data           4  speed_action.o(.data)
    target_point                             0x20000238   Data           8  speed_action.o(.data)
    temp_heading                             0x20000240   Data           4  speed_action.o(.data)
    target_Yawspeed                          0x20000244   Data           4  speed_action.o(.data)
    error                                    0x20000248   Data           4  speed_action.o(.data)
    road                                     0x2000024c   Data           4  speed_action.o(.data)
    road_rate                                0x20000250   Data           4  speed_action.o(.data)
    radar_point                              0x20000254   Data           8  speed_action.o(.data)
    real_yaw                                 0x2000025c   Data           4  speed_action.o(.data)
    receivex                                 0x20000260   Data           4  viewcommunication.o(.data)
    receivey                                 0x20000264   Data           4  viewcommunication.o(.data)
    receiveyaw                               0x20000268   Data           4  viewcommunication.o(.data)
    Port                                     0x20000290   Data           4  data_pool.o(.data)
    CAN1_TxPort                              0x20000294   Data           4  data_pool.o(.data)
    CAN2_TxPort                              0x20000298   Data           4  data_pool.o(.data)
    UART_TxPort                              0x2000029c   Data           4  data_pool.o(.data)
    Recieve_ROS_Port                         0x200002a0   Data           4  data_pool.o(.data)
    Send_ROS_Port                            0x200002a4   Data           4  data_pool.o(.data)
    Chassia_Port                             0x200002a8   Data           4  data_pool.o(.data)
    Broadcast_Port                           0x200002ac   Data           4  data_pool.o(.data)
    Receive_LaserModuleData_1_Port           0x200002b0   Data           4  data_pool.o(.data)
    Receive_LaserModuleData_2_Port           0x200002b4   Data           4  data_pool.o(.data)
    Enable_LaserModule_Port                  0x200002b8   Data           4  data_pool.o(.data)
    Relocate_Port                            0x200002bc   Data           4  data_pool.o(.data)
    LED_Port                                 0x200002c0   Data           4  data_pool.o(.data)
    Shoot_Judge_Port                         0x200002c4   Data           4  data_pool.o(.data)
    Shoot_ERROR_Port                         0x200002c8   Data           4  data_pool.o(.data)
    Laser_Y                                  0x200002ec   Data           4  laserpositioning_task.o(.data)
    Laser_X                                  0x200002f0   Data           4  laserpositioning_task.o(.data)
    Laser_Y_return                           0x200002f4   Data           4  laserpositioning_task.o(.data)
    Laser_X_return                           0x200002f8   Data           4  laserpositioning_task.o(.data)
    delta_hoop_x                             0x200002fc   Data           4  laserpositioning_task.o(.data)
    delta_hoop_y                             0x20000300   Data           4  laserpositioning_task.o(.data)
    deltaX                                   0x20000304   Data           2  laserpositioning_task.o(.data)
    deltaY                                   0x20000306   Data           2  laserpositioning_task.o(.data)
    YYY                                      0x20000308   Data           4  laserpositioning_task.o(.data)
    XXX                                      0x2000030c   Data           4  laserpositioning_task.o(.data)
    send_signal                              0x2000034c   Data           1  chassis_task.o(.data)
    dribble_speed_E                          0x20000350   Data           4  chassis_task.o(.data)
    target_speed                             0x20000354   Data           4  chassis_task.o(.data)
    shoot_judge                              0x20000358   Data           1  chassis_task.o(.data)
    HOOP_X                                   0x2000035c   Data           4  chassis_task.o(.data)
    HOOP_Y                                   0x20000360   Data           4  chassis_task.o(.data)
    auto_pitch                               0x20000364   Data           4  chassis_task.o(.data)
    pitch_level                              0x20000368   Data           4  chassis_task.o(.data)
    shoot_lock                               0x2000036c   Data           1  chassis_task.o(.data)
    i                                        0x20000370   Data           4  chassis_task.o(.data)
    error_read                               0x20000374   Data           4  chassis_task.o(.data)
    signal                                   0x20000381   Data           1  led.o(.data)
    relocate                                 0x20000394   Data           8  relocate_task.o(.data)
    relocate_signal                          0x2000039c   Data           1  relocate_task.o(.data)
    hcan1                                    0x200003a0   Data          40  can.o(.bss)
    hcan2                                    0x200003c8   Data          40  can.o(.bss)
    hspi1                                    0x200003f0   Data          88  spi.o(.bss)
    hdma_spi1_tx                             0x20000448   Data          96  spi.o(.bss)
    htim4                                    0x200004a8   Data          72  tim.o(.bss)
    htim6                                    0x200004f0   Data          72  tim.o(.bss)
    htim10                                   0x20000538   Data          72  tim.o(.bss)
    huart4                                   0x20000580   Data          72  usart.o(.bss)
    huart1                                   0x200005c8   Data          72  usart.o(.bss)
    huart2                                   0x20000610   Data          72  usart.o(.bss)
    huart3                                   0x20000658   Data          72  usart.o(.bss)
    huart6                                   0x200006a0   Data          72  usart.o(.bss)
    hdma_uart4_rx                            0x200006e8   Data          96  usart.o(.bss)
    hdma_uart4_tx                            0x20000748   Data          96  usart.o(.bss)
    hdma_usart1_tx                           0x200007a8   Data          96  usart.o(.bss)
    hdma_usart1_rx                           0x20000808   Data          96  usart.o(.bss)
    hdma_usart2_rx                           0x20000868   Data          96  usart.o(.bss)
    hdma_usart2_tx                           0x200008c8   Data          96  usart.o(.bss)
    hdma_usart3_rx                           0x20000928   Data          96  usart.o(.bss)
    hdma_usart3_tx                           0x20000988   Data          96  usart.o(.bss)
    hdma_usart6_rx                           0x200009e8   Data          96  usart.o(.bss)
    hdma_usart6_tx                           0x20000a48   Data          96  usart.o(.bss)
    htim3                                    0x20000aa8   Data          72  stm32f4xx_hal_timebase_tim.o(.bss)
    xQueueRegistry                           0x20000af0   Data          64  queue.o(.bss)
    usart1_manager                           0x2000542c   Data          16  drive_uart.o(.bss)
    usart2_manager                           0x2000543c   Data          16  drive_uart.o(.bss)
    usart3_manager                           0x2000544c   Data          16  drive_uart.o(.bss)
    usart4_manager                           0x2000545c   Data          16  drive_uart.o(.bss)
    usart6_manager                           0x2000546c   Data          16  drive_uart.o(.bss)
    Sendbuf                                  0x2000547c   Data         100  drive_uart.o(.bss)
    Sendbuf1                                 0x200054e0   Data         100  drive_atk_mw1278d_uart.o(.bss)
    g_parse_buf                              0x20005568   Data          32  drive_atk_mw1278d_uart.o(.bss)
    g_rx_buf                                 0x20005588   Data         128  drive_atk_mw1278d_uart.o(.bss)
    gWs2812bDat_SPI                          0x20005608   Data         960  drive_ws2812.o(.bss)
    air_joy                                  0x200059c8   Data          60  air_joy.o(.bss)
    RawPosData                               0x20005a04   Data          48  position.o(.bss)
    RealPosData                              0x20005a34   Data          24  position.o(.bss)
    posture                                  0x20005a4c   Data          24  position.o(.bss)
    ominiPlanner                             0x20005a64   Data          76  speed_action.o(.bss)
    ReceiveRealData                          0x20005ac4   Data          12  viewcommunication.o(.bss)
    ReceiveData                              0x20005ad0   Data          12  viewcommunication.o(.bss)
    point_X_pid                              0x20005adc   Data         104  speed_calculate.o(.bss)
    point_Y_pid                              0x20005b44   Data         104  speed_calculate.o(.bss)
    Uart3_Rx_Buff_for_action                 0x20005bac   Data          35  data_pool.o(.bss)
    Uart3_Rx_Buff_for_position               0x20005bcf   Data          35  data_pool.o(.bss)
    Uart6_Rx_Buff                            0x20005bf2   Data          15  data_pool.o(.bss)
    Uart2_Rx_Buff_for_lora                   0x20005c01   Data          35  data_pool.o(.bss)
    Uart1_Rx_Buff_for_view                   0x20005c24   Data          50  data_pool.o(.bss)
    Uart4_Rx_Buff                            0x20005c56   Data          15  data_pool.o(.bss)
    M3508                                    0x20005c68   Data          44  user_debug.o(.bss)
    MD4219                                   0x20005c94   Data          56  user_debug.o(.bss)
    DM43                                     0x20005ccc   Data          88  user_debug.o(.bss)
    yaw_pid                                  0x20005db8   Data         104  chassis_task.o(.bss)
    omega_pid                                0x20005e20   Data         104  chassis_task.o(.bss)
    vision_pid                               0x20005e88   Data         104  chassis_task.o(.bss)
    vision_yaw_pid                           0x20005ef0   Data         104  chassis_task.o(.bss)
    chassis                                  0x20005f58   Data         808  chassis_task.o(.bss)
    launch                                   0x20006280   Data        1488  chassis_task.o(.bss)
    ctrl                                     0x20006850   Data          44  chassis_task.o(.bss)
    SHOOT                                    0x2000687c   Data          44  chassis_task.o(.bss)
    shoot_info                               0x200068a8   Data          12  chassis_task.o(.bss)
    __libspace_start                         0x200068b4   Data          96  libspace.o(.bss)
    __temporary_stack_top$libspace           0x20006914   Data           0  libspace.o(.bss)



==============================================================================

Memory Map of the image

  Image Entry point : 0x08000189

  Load Region LR_IROM1 (Base: 0x08000000, Size: 0x0000e478, Max: 0x00100000, ABSOLUTE, COMPRESSED[0x0000e158])

    Execution Region ER_IROM1 (Exec base: 0x08000000, Load base: 0x08000000, Size: 0x0000e0d8, Max: 0x00100000, ABSOLUTE)

    Exec Addr    Load Addr    Size         Type   Attr      Idx    E Section Name        Object

    0x08000000   0x08000000   0x00000188   Data   RO            3    RESET               startup_stm32f407xx.o
    0x08000188   0x08000188   0x00000008   Code   RO         9293  * !!!main             c_w.l(__main.o)
    0x08000190   0x08000190   0x00000034   Code   RO        10087    !!!scatter          c_w.l(__scatter.o)
    0x080001c4   0x080001c4   0x0000005a   Code   RO        10085    !!dczerorl2         c_w.l(__dczerorl2.o)
    0x0800021e   0x0800021e   0x00000002   PAD
    0x08000220   0x08000220   0x0000001c   Code   RO        10089    !!handler_zi        c_w.l(__scatter_zi.o)
    0x0800023c   0x0800023c   0x00000002   Code   RO        10023    .ARM.Collect$$libinit$$00000000  c_w.l(libinit.o)
    0x0800023e   0x0800023e   0x00000004   Code   RO         9722    .ARM.Collect$$libinit$$00000001  c_w.l(libinit2.o)
    0x08000242   0x08000242   0x00000000   Code   RO         9725    .ARM.Collect$$libinit$$00000004  c_w.l(libinit2.o)
    0x08000242   0x08000242   0x00000008   Code   RO         9726    .ARM.Collect$$libinit$$00000005  c_w.l(libinit2.o)
    0x0800024a   0x0800024a   0x00000000   Code   RO         9728    .ARM.Collect$$libinit$$0000000A  c_w.l(libinit2.o)
    0x0800024a   0x0800024a   0x00000000   Code   RO         9730    .ARM.Collect$$libinit$$0000000C  c_w.l(libinit2.o)
    0x0800024a   0x0800024a   0x00000000   Code   RO         9732    .ARM.Collect$$libinit$$0000000E  c_w.l(libinit2.o)
    0x0800024a   0x0800024a   0x00000006   Code   RO         9733    .ARM.Collect$$libinit$$0000000F  c_w.l(libinit2.o)
    0x08000250   0x08000250   0x00000000   Code   RO         9735    .ARM.Collect$$libinit$$00000011  c_w.l(libinit2.o)
    0x08000250   0x08000250   0x0000000c   Code   RO         9736    .ARM.Collect$$libinit$$00000012  c_w.l(libinit2.o)
    0x0800025c   0x0800025c   0x00000000   Code   RO         9737    .ARM.Collect$$libinit$$00000013  c_w.l(libinit2.o)
    0x0800025c   0x0800025c   0x00000000   Code   RO         9739    .ARM.Collect$$libinit$$00000015  c_w.l(libinit2.o)
    0x0800025c   0x0800025c   0x00000000   Code   RO         9741    .ARM.Collect$$libinit$$00000017  c_w.l(libinit2.o)
    0x0800025c   0x0800025c   0x00000000   Code   RO         9743    .ARM.Collect$$libinit$$00000019  c_w.l(libinit2.o)
    0x0800025c   0x0800025c   0x00000000   Code   RO         9745    .ARM.Collect$$libinit$$0000001B  c_w.l(libinit2.o)
    0x0800025c   0x0800025c   0x00000000   Code   RO         9747    .ARM.Collect$$libinit$$0000001D  c_w.l(libinit2.o)
    0x0800025c   0x0800025c   0x00000000   Code   RO         9749    .ARM.Collect$$libinit$$0000001F  c_w.l(libinit2.o)
    0x0800025c   0x0800025c   0x00000000   Code   RO         9751    .ARM.Collect$$libinit$$00000021  c_w.l(libinit2.o)
    0x0800025c   0x0800025c   0x00000000   Code   RO         9753    .ARM.Collect$$libinit$$00000023  c_w.l(libinit2.o)
    0x0800025c   0x0800025c   0x00000000   Code   RO         9755    .ARM.Collect$$libinit$$00000025  c_w.l(libinit2.o)
    0x0800025c   0x0800025c   0x00000000   Code   RO         9759    .ARM.Collect$$libinit$$0000002C  c_w.l(libinit2.o)
    0x0800025c   0x0800025c   0x00000000   Code   RO         9761    .ARM.Collect$$libinit$$0000002E  c_w.l(libinit2.o)
    0x0800025c   0x0800025c   0x00000000   Code   RO         9763    .ARM.Collect$$libinit$$00000030  c_w.l(libinit2.o)
    0x0800025c   0x0800025c   0x00000004   Code   RO         9764    .ARM.Collect$$libinit$$00000031  c_w.l(libinit2.o)
    0x08000260   0x08000260   0x00000000   Code   RO         9765    .ARM.Collect$$libinit$$00000032  c_w.l(libinit2.o)
    0x08000260   0x08000260   0x00000002   Code   RO         9766    .ARM.Collect$$libinit$$00000033  c_w.l(libinit2.o)
    0x08000262   0x08000262   0x00000002   Code   RO        10082    .ARM.Collect$$libshutdown$$00000000  c_w.l(libshutdown.o)
    0x08000264   0x08000264   0x00000006   Code   RO         9910    .ARM.Collect$$libshutdown$$00000001  c_w.l(libshutdown2.o)
    0x0800026a   0x0800026a   0x00000000   Code   RO         9911    .ARM.Collect$$libshutdown$$00000002  c_w.l(libshutdown2.o)
    0x0800026a   0x0800026a   0x00000000   Code   RO         9913    .ARM.Collect$$libshutdown$$00000004  c_w.l(libshutdown2.o)
    0x0800026a   0x0800026a   0x00000000   Code   RO         9916    .ARM.Collect$$libshutdown$$00000007  c_w.l(libshutdown2.o)
    0x0800026a   0x0800026a   0x00000000   Code   RO         9919    .ARM.Collect$$libshutdown$$0000000A  c_w.l(libshutdown2.o)
    0x0800026a   0x0800026a   0x00000000   Code   RO         9921    .ARM.Collect$$libshutdown$$0000000C  c_w.l(libshutdown2.o)
    0x0800026a   0x0800026a   0x00000000   Code   RO         9924    .ARM.Collect$$libshutdown$$0000000F  c_w.l(libshutdown2.o)
    0x0800026a   0x0800026a   0x00000002   Code   RO         9925    .ARM.Collect$$libshutdown$$00000010  c_w.l(libshutdown2.o)
    0x0800026c   0x0800026c   0x00000000   Code   RO         9537    .ARM.Collect$$rtentry$$00000000  c_w.l(__rtentry.o)
    0x0800026c   0x0800026c   0x00000000   Code   RO         9831    .ARM.Collect$$rtentry$$00000002  c_w.l(__rtentry2.o)
    0x0800026c   0x0800026c   0x00000006   Code   RO         9843    .ARM.Collect$$rtentry$$00000004  c_w.l(__rtentry4.o)
    0x08000272   0x08000272   0x00000000   Code   RO         9833    .ARM.Collect$$rtentry$$00000009  c_w.l(__rtentry2.o)
    0x08000272   0x08000272   0x00000004   Code   RO         9834    .ARM.Collect$$rtentry$$0000000A  c_w.l(__rtentry2.o)
    0x08000276   0x08000276   0x00000000   Code   RO         9836    .ARM.Collect$$rtentry$$0000000C  c_w.l(__rtentry2.o)
    0x08000276   0x08000276   0x00000008   Code   RO         9837    .ARM.Collect$$rtentry$$0000000D  c_w.l(__rtentry2.o)
    0x0800027e   0x0800027e   0x00000002   Code   RO        10041    .ARM.Collect$$rtexit$$00000000  c_w.l(rtexit.o)
    0x08000280   0x08000280   0x00000000   Code   RO        10058    .ARM.Collect$$rtexit$$00000002  c_w.l(rtexit2.o)
    0x08000280   0x08000280   0x00000004   Code   RO        10059    .ARM.Collect$$rtexit$$00000003  c_w.l(rtexit2.o)
    0x08000284   0x08000284   0x00000006   Code   RO        10060    .ARM.Collect$$rtexit$$00000004  c_w.l(rtexit2.o)
    0x0800028a   0x0800028a   0x00000002   PAD
    0x0800028c   0x0800028c   0x000000be   Code   RO         5709    .emb_text           port.o
    0x0800034a   0x0800034a   0x00000002   PAD
    0x0800034c   0x0800034c   0x00000000   Code   RO         9957    .emb_text           c_w.l(maybetermalloc1.o)
    0x0800034c   0x0800034c   0x00000040   Code   RO            4    .text               startup_stm32f407xx.o
    0x0800038c   0x0800038c   0x000000ee   Code   RO         9261    .text               c_w.l(lludivv7m.o)
    0x0800047a   0x0800047a   0x0000001a   Code   RO         9267    .text               c_w.l(atoi.o)
    0x08000494   0x08000494   0x0000002e   Code   RO         9272    .text               c_w.l(aeabi_atexit.o)
    0x080004c2   0x080004c2   0x00000014   Code   RO         9275    .text               c_w.l(strchr.o)
    0x080004d6   0x080004d6   0x0000008a   Code   RO         9279    .text               c_w.l(rt_memcpy_v6.o)
    0x08000560   0x08000560   0x00000064   Code   RO         9281    .text               c_w.l(rt_memcpy_w.o)
    0x080005c4   0x080005c4   0x00000010   Code   RO         9285    .text               c_w.l(aeabi_memset.o)
    0x080005d4   0x080005d4   0x0000004e   Code   RO         9287    .text               c_w.l(rt_memclr_w.o)
    0x08000622   0x08000622   0x00000002   PAD
    0x08000624   0x08000624   0x00000080   Code   RO         9289    .text               c_w.l(strcmpv7m.o)
    0x080006a4   0x080006a4   0x00000006   Code   RO         9291    .text               c_w.l(heapauxi.o)
    0x080006aa   0x080006aa   0x00000002   PAD
    0x080006ac   0x080006ac   0x00000024   Code   RO         9298    .text               c_w.l(init_aeabi.o)
    0x080006d0   0x080006d0   0x00000022   Code   RO         9422    .text               cpprt_w.l(aeabi_vec_dtor_noexceptions.o)
    0x080006f2   0x080006f2   0x00000002   PAD
    0x080006f4   0x080006f4   0x00000010   Code   RO         9538    .text               c_w.l(rt_ctype_table.o)
    0x08000704   0x08000704   0x00000008   Code   RO         9547    .text               c_w.l(rt_ddtor_pointer_addr_intlibspace.o)
    0x0800070c   0x0800070c   0x00000008   Code   RO         9552    .text               c_w.l(rt_errno_addr_intlibspace.o)
    0x08000714   0x08000714   0x0000005e   Code   RO         9558    .text               c_w.l(h1_alloc.o)
    0x08000772   0x08000772   0x0000004e   Code   RO         9560    .text               c_w.l(h1_free.o)
    0x080007c0   0x080007c0   0x00000016   Code   RO         9616    .text               c_w.l(_rserrno.o)
    0x080007d6   0x080007d6   0x00000070   Code   RO         9711    .text               c_w.l(strtol.o)
    0x08000846   0x08000846   0x00000042   Code   RO         9713    .text               c_w.l(cxa_finalize.o)
    0x08000888   0x08000888   0x00000044   Code   RO         9720    .text               c_w.l(rt_memclr.o)
    0x080008cc   0x080008cc   0x00000008   Code   RO         9825    .text               c_w.l(libspace.o)
    0x080008d4   0x080008d4   0x00000008   Code   RO         9852    .text               c_w.l(rt_heap_descriptor_intlibspace.o)
    0x080008dc   0x080008dc   0x00000008   Code   RO         9857    .text               c_w.l(rt_locale_intlibspace.o)
    0x080008e4   0x080008e4   0x00000004   Code   RO         9859    .text               c_w.l(hguard.o)
    0x080008e8   0x080008e8   0x0000008a   Code   RO         9861    .text               c_w.l(init_alloc.o)
    0x08000972   0x08000972   0x0000000e   Code   RO         9865    .text               c_w.l(h1_init.o)
    0x08000980   0x08000980   0x0000009e   Code   RO         9895    .text               c_w.l(_strtoul.o)
    0x08000a1e   0x08000a1e   0x0000000a   Code   RO         9902    .text               c_w.l(defsig_exit.o)
    0x08000a28   0x08000a28   0x0000000c   Code   RO         9946    .text               c_w.l(sys_exit.o)
    0x08000a34   0x08000a34   0x0000004a   Code   RO         9948    .text               c_w.l(sys_stackheap_outer.o)
    0x08000a7e   0x08000a7e   0x00000034   Code   RO         9959    .text               c_w.l(h1_extend.o)
    0x08000ab2   0x08000ab2   0x0000001c   Code   RO         9965    .text               c_w.l(_chval.o)
    0x08000ace   0x08000ace   0x00000012   Code   RO         9995    .text               c_w.l(exit.o)
    0x08000ae0   0x08000ae0   0x00000032   Code   RO        10001    .text               c_w.l(defsig_general.o)
    0x08000b12   0x08000b12   0x0000000e   Code   RO        10007    .text               c_w.l(defsig_rtmem_outer.o)
    0x08000b20   0x08000b20   0x0000000e   Code   RO        10036    .text               c_w.l(sys_wrch.o)
    0x08000b2e   0x08000b2e   0x00000002   Code   RO        10038    .text               c_w.l(use_no_semi.o)
    0x08000b30   0x08000b30   0x00000000   Code   RO        10040    .text               c_w.l(indicate_semi.o)
    0x08000b30   0x08000b30   0x00000050   Code   RO        10053    .text               c_w.l(defsig_rtmem_inner.o)
    0x08000b80   0x08000b80   0x000005f4   Code   RO         8842    i.Air_Joy_Task      fsm_joy.o
    0x08001174   0x08001174   0x00000020   Code   RO         8398    i.App_Init          service_config.o
    0x08001194   0x08001194   0x00000004   Code   RO          565    i.BusFault_Handler  stm32f4xx_it.o
    0x08001198   0x08001198   0x00000010   Code   RO          566    i.CAN1_RX0_IRQHandler  stm32f4xx_it.o
    0x080011a8   0x080011a8   0x0000008c   Code   RO         8276    i.CAN1_RxCallBack   service_communication.o
    0x08001234   0x08001234   0x00000040   Code   RO         8277    i.CAN1_Send_Task    service_communication.o
    0x08001274   0x08001274   0x00000010   Code   RO          567    i.CAN1_TX_IRQHandler  stm32f4xx_it.o
    0x08001284   0x08001284   0x00000010   Code   RO          568    i.CAN2_RX0_IRQHandler  stm32f4xx_it.o
    0x08001294   0x08001294   0x0000002c   Code   RO         8278    i.CAN2_RxCallBack   service_communication.o
    0x080012c0   0x080012c0   0x00000040   Code   RO         8279    i.CAN2_Send_Task    service_communication.o
    0x08001300   0x08001300   0x00000010   Code   RO          569    i.CAN2_TX_IRQHandler  stm32f4xx_it.o
    0x08001310   0x08001310   0x00000074   Code   RO         5789    i.CAN_Filter_Init   drive_can.o
    0x08001384   0x08001384   0x00000070   Code   RO         5790    i.CAN_Init          drive_can.o
    0x080013f4   0x080013f4   0x0000025c   Code   RO         8901    i.Chassis_Task      chassis_task.o
    0x08001650   0x08001650   0x00000010   Code   RO          570    i.DMA1_Stream1_IRQHandler  stm32f4xx_it.o
    0x08001660   0x08001660   0x00000010   Code   RO          571    i.DMA1_Stream2_IRQHandler  stm32f4xx_it.o
    0x08001670   0x08001670   0x00000010   Code   RO          572    i.DMA1_Stream3_IRQHandler  stm32f4xx_it.o
    0x08001680   0x08001680   0x00000010   Code   RO          573    i.DMA1_Stream4_IRQHandler  stm32f4xx_it.o
    0x08001690   0x08001690   0x00000010   Code   RO          574    i.DMA1_Stream5_IRQHandler  stm32f4xx_it.o
    0x080016a0   0x080016a0   0x00000010   Code   RO          575    i.DMA1_Stream6_IRQHandler  stm32f4xx_it.o
    0x080016b0   0x080016b0   0x00000010   Code   RO          576    i.DMA2_Stream1_IRQHandler  stm32f4xx_it.o
    0x080016c0   0x080016c0   0x00000010   Code   RO          577    i.DMA2_Stream2_IRQHandler  stm32f4xx_it.o
    0x080016d0   0x080016d0   0x00000010   Code   RO          578    i.DMA2_Stream3_IRQHandler  stm32f4xx_it.o
    0x080016e0   0x080016e0   0x00000010   Code   RO          579    i.DMA2_Stream6_IRQHandler  stm32f4xx_it.o
    0x080016f0   0x080016f0   0x00000010   Code   RO          580    i.DMA2_Stream7_IRQHandler  stm32f4xx_it.o
    0x08001700   0x08001700   0x00000034   Code   RO         2555    i.DMA_CalcBaseAndBitshift  stm32f4xx_hal_dma.o
    0x08001734   0x08001734   0x000000aa   Code   RO         2556    i.DMA_CheckFifoParam  stm32f4xx_hal_dma.o
    0x080017de   0x080017de   0x0000002c   Code   RO         2557    i.DMA_SetConfig     stm32f4xx_hal_dma.o
    0x0800180a   0x0800180a   0x00000002   PAD
    0x0800180c   0x0800180c   0x00000100   Code   RO         8190    i.DataPool_Init     data_pool.o
    0x0800190c   0x0800190c   0x00000002   Code   RO          581    i.DebugMon_Handler  stm32f4xx_it.o
    0x0800190e   0x0800190e   0x0000000a   Code   RO          582    i.EXTI9_5_IRQHandler  stm32f4xx_it.o
    0x08001918   0x08001918   0x00000006   Code   RO           13    i.Error_Handler     main.o
    0x0800191e   0x0800191e   0x00000004   Code   RO         5975    i.Error_Handler     drive_tim.o
    0x08001922   0x08001922   0x00000002   PAD
    0x08001924   0x08001924   0x0000001c   Code   RO         5976    i.Get_SystemTimer   drive_tim.o
    0x08001940   0x08001940   0x0000002a   Code   RO         1818    i.HAL_CAN_ActivateNotification  stm32f4xx_hal_can.o
    0x0800196a   0x0800196a   0x0000014a   Code   RO         1819    i.HAL_CAN_AddTxMessage  stm32f4xx_hal_can.o
    0x08001ab4   0x08001ab4   0x00000120   Code   RO         1820    i.HAL_CAN_ConfigFilter  stm32f4xx_hal_can.o
    0x08001bd4   0x08001bd4   0x00000002   Code   RO         1823    i.HAL_CAN_ErrorCallback  stm32f4xx_hal_can.o
    0x08001bd6   0x08001bd6   0x00000194   Code   RO         1826    i.HAL_CAN_GetRxMessage  stm32f4xx_hal_can.o
    0x08001d6a   0x08001d6a   0x00000036   Code   RO         1828    i.HAL_CAN_GetTxMailboxesFreeLevel  stm32f4xx_hal_can.o
    0x08001da0   0x08001da0   0x0000024e   Code   RO         1830    i.HAL_CAN_IRQHandler  stm32f4xx_hal_can.o
    0x08001fee   0x08001fee   0x00000174   Code   RO         1831    i.HAL_CAN_Init      stm32f4xx_hal_can.o
    0x08002162   0x08002162   0x00000002   PAD
    0x08002164   0x08002164   0x00000184   Code   RO          325    i.HAL_CAN_MspInit   can.o
    0x080022e8   0x080022e8   0x00000002   Code   RO         1838    i.HAL_CAN_RxFifo0FullCallback  stm32f4xx_hal_can.o
    0x080022ea   0x080022ea   0x00000002   PAD
    0x080022ec   0x080022ec   0x00000058   Code   RO         5791    i.HAL_CAN_RxFifo0MsgPendingCallback  drive_can.o
    0x08002344   0x08002344   0x00000002   Code   RO         1840    i.HAL_CAN_RxFifo1FullCallback  stm32f4xx_hal_can.o
    0x08002346   0x08002346   0x00000002   PAD
    0x08002348   0x08002348   0x00000058   Code   RO         5792    i.HAL_CAN_RxFifo1MsgPendingCallback  drive_can.o
    0x080023a0   0x080023a0   0x00000002   Code   RO         1842    i.HAL_CAN_SleepCallback  stm32f4xx_hal_can.o
    0x080023a2   0x080023a2   0x0000005e   Code   RO         1843    i.HAL_CAN_Start     stm32f4xx_hal_can.o
    0x08002400   0x08002400   0x00000002   Code   RO         1845    i.HAL_CAN_TxMailbox0AbortCallback  stm32f4xx_hal_can.o
    0x08002402   0x08002402   0x00000002   Code   RO         1846    i.HAL_CAN_TxMailbox0CompleteCallback  stm32f4xx_hal_can.o
    0x08002404   0x08002404   0x00000002   Code   RO         1847    i.HAL_CAN_TxMailbox1AbortCallback  stm32f4xx_hal_can.o
    0x08002406   0x08002406   0x00000002   Code   RO         1848    i.HAL_CAN_TxMailbox1CompleteCallback  stm32f4xx_hal_can.o
    0x08002408   0x08002408   0x00000002   Code   RO         1849    i.HAL_CAN_TxMailbox2AbortCallback  stm32f4xx_hal_can.o
    0x0800240a   0x0800240a   0x00000002   Code   RO         1850    i.HAL_CAN_TxMailbox2CompleteCallback  stm32f4xx_hal_can.o
    0x0800240c   0x0800240c   0x00000002   Code   RO         1852    i.HAL_CAN_WakeUpFromRxMsgCallback  stm32f4xx_hal_can.o
    0x0800240e   0x0800240e   0x000000ac   Code   RO         2558    i.HAL_DMA_Abort     stm32f4xx_hal_dma.o
    0x080024ba   0x080024ba   0x00000028   Code   RO         2559    i.HAL_DMA_Abort_IT  stm32f4xx_hal_dma.o
    0x080024e2   0x080024e2   0x00000002   PAD
    0x080024e4   0x080024e4   0x00000240   Code   RO         2563    i.HAL_DMA_IRQHandler  stm32f4xx_hal_dma.o
    0x08002724   0x08002724   0x000000ec   Code   RO         2564    i.HAL_DMA_Init      stm32f4xx_hal_dma.o
    0x08002810   0x08002810   0x00000092   Code   RO         2568    i.HAL_DMA_Start_IT  stm32f4xx_hal_dma.o
    0x080028a2   0x080028a2   0x00000002   PAD
    0x080028a4   0x080028a4   0x00000014   Code   RO         6949    i.HAL_GPIO_EXTI_Callback  air_joy.o
    0x080028b8   0x080028b8   0x0000001c   Code   RO         2450    i.HAL_GPIO_EXTI_IRQHandler  stm32f4xx_hal_gpio.o
    0x080028d4   0x080028d4   0x000001f4   Code   RO         2451    i.HAL_GPIO_Init     stm32f4xx_hal_gpio.o
    0x08002ac8   0x08002ac8   0x0000000c   Code   RO         2455    i.HAL_GPIO_WritePin  stm32f4xx_hal_gpio.o
    0x08002ad4   0x08002ad4   0x0000000c   Code   RO         3006    i.HAL_GetTick       stm32f4xx_hal.o
    0x08002ae0   0x08002ae0   0x00000018   Code   RO         3012    i.HAL_IncTick       stm32f4xx_hal.o
    0x08002af8   0x08002af8   0x0000003c   Code   RO         3013    i.HAL_Init          stm32f4xx_hal.o
    0x08002b34   0x08002b34   0x000000b4   Code   RO          794    i.HAL_InitTick      stm32f4xx_hal_timebase_tim.o
    0x08002be8   0x08002be8   0x00000054   Code   RO          770    i.HAL_MspInit       stm32f4xx_hal_msp.o
    0x08002c3c   0x08002c3c   0x00000028   Code   RO         2843    i.HAL_NVIC_EnableIRQ  stm32f4xx_hal_cortex.o
    0x08002c64   0x08002c64   0x0000007c   Code   RO         2849    i.HAL_NVIC_SetPriority  stm32f4xx_hal_cortex.o
    0x08002ce0   0x08002ce0   0x00000028   Code   RO         2850    i.HAL_NVIC_SetPriorityGrouping  stm32f4xx_hal_cortex.o
    0x08002d08   0x08002d08   0x00000184   Code   RO         2052    i.HAL_RCC_ClockConfig  stm32f4xx_hal_rcc.o
    0x08002e8c   0x08002e8c   0x00000044   Code   RO         2056    i.HAL_RCC_GetClockConfig  stm32f4xx_hal_rcc.o
    0x08002ed0   0x08002ed0   0x0000000c   Code   RO         2057    i.HAL_RCC_GetHCLKFreq  stm32f4xx_hal_rcc.o
    0x08002edc   0x08002edc   0x00000020   Code   RO         2059    i.HAL_RCC_GetPCLK1Freq  stm32f4xx_hal_rcc.o
    0x08002efc   0x08002efc   0x00000020   Code   RO         2060    i.HAL_RCC_GetPCLK2Freq  stm32f4xx_hal_rcc.o
    0x08002f1c   0x08002f1c   0x000000b0   Code   RO         2061    i.HAL_RCC_GetSysClockFreq  stm32f4xx_hal_rcc.o
    0x08002fcc   0x08002fcc   0x0000049c   Code   RO         2064    i.HAL_RCC_OscConfig  stm32f4xx_hal_rcc.o
    0x08003468   0x08003468   0x00000002   Code   RO         3258    i.HAL_SPI_ErrorCallback  stm32f4xx_hal_spi.o
    0x0800346a   0x0800346a   0x000000c8   Code   RO         3262    i.HAL_SPI_Init      stm32f4xx_hal_spi.o
    0x08003532   0x08003532   0x00000002   PAD
    0x08003534   0x08003534   0x000000cc   Code   RO          398    i.HAL_SPI_MspInit   spi.o
    0x08003600   0x08003600   0x000000fc   Code   RO         3274    i.HAL_SPI_Transmit_DMA  stm32f4xx_hal_spi.o
    0x080036fc   0x080036fc   0x00000002   Code   RO         3276    i.HAL_SPI_TxCpltCallback  stm32f4xx_hal_spi.o
    0x080036fe   0x080036fe   0x00000002   Code   RO         3277    i.HAL_SPI_TxHalfCpltCallback  stm32f4xx_hal_spi.o
    0x08003700   0x08003700   0x00000002   Code   RO         1550    i.HAL_TIMEx_BreakCallback  stm32f4xx_hal_tim_ex.o
    0x08003702   0x08003702   0x00000002   Code   RO         1551    i.HAL_TIMEx_CommutCallback  stm32f4xx_hal_tim_ex.o
    0x08003704   0x08003704   0x000000b4   Code   RO         1569    i.HAL_TIMEx_MasterConfigSynchronization  stm32f4xx_hal_tim_ex.o
    0x080037b8   0x080037b8   0x00000066   Code   RO          835    i.HAL_TIM_Base_Init  stm32f4xx_hal_tim.o
    0x0800381e   0x0800381e   0x00000002   PAD
    0x08003820   0x08003820   0x000000b8   Code   RO          440    i.HAL_TIM_Base_MspInit  tim.o
    0x080038d8   0x080038d8   0x000000a8   Code   RO          840    i.HAL_TIM_Base_Start_IT  stm32f4xx_hal_tim.o
    0x08003980   0x08003980   0x0000010c   Code   RO          844    i.HAL_TIM_ConfigClockSource  stm32f4xx_hal_tim.o
    0x08003a8c   0x08003a8c   0x00000002   Code   RO          869    i.HAL_TIM_IC_CaptureCallback  stm32f4xx_hal_tim.o
    0x08003a8e   0x08003a8e   0x0000016c   Code   RO          883    i.HAL_TIM_IRQHandler  stm32f4xx_hal_tim.o
    0x08003bfa   0x08003bfa   0x00000002   PAD
    0x08003bfc   0x08003bfc   0x00000060   Code   RO          441    i.HAL_TIM_MspPostInit  tim.o
    0x08003c5c   0x08003c5c   0x00000002   Code   RO          886    i.HAL_TIM_OC_DelayElapsedCallback  stm32f4xx_hal_tim.o
    0x08003c5e   0x08003c5e   0x00000104   Code   RO          907    i.HAL_TIM_PWM_ConfigChannel  stm32f4xx_hal_tim.o
    0x08003d62   0x08003d62   0x00000066   Code   RO          910    i.HAL_TIM_PWM_Init  stm32f4xx_hal_tim.o
    0x08003dc8   0x08003dc8   0x00000002   Code   RO          912    i.HAL_TIM_PWM_MspInit  stm32f4xx_hal_tim.o
    0x08003dca   0x08003dca   0x00000002   Code   RO          913    i.HAL_TIM_PWM_PulseFinishedCallback  stm32f4xx_hal_tim.o
    0x08003dcc   0x08003dcc   0x0000010c   Code   RO          915    i.HAL_TIM_PWM_Start  stm32f4xx_hal_tim.o
    0x08003ed8   0x08003ed8   0x00000028   Code   RO           14    i.HAL_TIM_PeriodElapsedCallback  main.o
    0x08003f00   0x08003f00   0x00000002   Code   RO          926    i.HAL_TIM_TriggerCallback  stm32f4xx_hal_tim.o
    0x08003f02   0x08003f02   0x00000002   Code   RO         3585    i.HAL_UARTEx_RxEventCallback  stm32f4xx_hal_uart.o
    0x08003f04   0x08003f04   0x0000008a   Code   RO         3597    i.HAL_UART_DMAStop  stm32f4xx_hal_uart.o
    0x08003f8e   0x08003f8e   0x00000002   Code   RO         3599    i.HAL_UART_ErrorCallback  stm32f4xx_hal_uart.o
    0x08003f90   0x08003f90   0x00000308   Code   RO         3602    i.HAL_UART_IRQHandler  stm32f4xx_hal_uart.o
    0x08004298   0x08004298   0x00000076   Code   RO         3603    i.HAL_UART_Init     stm32f4xx_hal_uart.o
    0x0800430e   0x0800430e   0x00000002   PAD
    0x08004310   0x08004310   0x00000544   Code   RO          500    i.HAL_UART_MspInit  usart.o
    0x08004854   0x08004854   0x0000002c   Code   RO         3607    i.HAL_UART_Receive_DMA  stm32f4xx_hal_uart.o
    0x08004880   0x08004880   0x00000002   Code   RO         3609    i.HAL_UART_RxCpltCallback  stm32f4xx_hal_uart.o
    0x08004882   0x08004882   0x00000002   Code   RO         3610    i.HAL_UART_RxHalfCpltCallback  stm32f4xx_hal_uart.o
    0x08004884   0x08004884   0x000000be   Code   RO         3611    i.HAL_UART_Transmit  stm32f4xx_hal_uart.o
    0x08004942   0x08004942   0x00000002   Code   RO         3614    i.HAL_UART_TxCpltCallback  stm32f4xx_hal_uart.o
    0x08004944   0x08004944   0x00000004   Code   RO          583    i.HardFault_Handler  stm32f4xx_it.o
    0x08004948   0x08004948   0x0000000e   Code   RO         6195    i.LED_CATCH         drive_ws2812.o
    0x08004956   0x08004956   0x0000000e   Code   RO         6196    i.LED_FAIL          drive_ws2812.o
    0x08004964   0x08004964   0x0000000e   Code   RO         6197    i.LED_NORMAL        drive_ws2812.o
    0x08004972   0x08004972   0x0000000e   Code   RO         6198    i.LED_OFF           drive_ws2812.o
    0x08004980   0x08004980   0x0000000e   Code   RO         6199    i.LED_SHOOT         drive_ws2812.o
    0x0800498e   0x0800498e   0x00000002   PAD
    0x08004990   0x08004990   0x000000e0   Code   RO         9081    i.LED_Task          led.o
    0x08004a70   0x08004a70   0x0000000e   Code   RO         6200    i.LED_WAIT          drive_ws2812.o
    0x08004a7e   0x08004a7e   0x0000001c   Code   RO         8732    i.LaserModuleGroup_AnalysisModulesMeasurementResults  laserpositioning_task.o
    0x08004a9a   0x08004a9a   0x00000002   PAD
    0x08004a9c   0x08004a9c   0x000000e4   Code   RO         8733    i.LaserModuleGroup_Init  laserpositioning_task.o
    0x08004b80   0x08004b80   0x0000007c   Code   RO         8734    i.LaserModule_AnalysisModulesMeasurementResults  laserpositioning_task.o
    0x08004bfc   0x08004bfc   0x00000060   Code   RO         8735    i.LaserModule_StateContinuousAutomaticMeasurement  laserpositioning_task.o
    0x08004c5c   0x08004c5c   0x00000024   Code   RO         8736    i.LaserModule_StopContinuousAutomaticMeasurement  laserpositioning_task.o
    0x08004c80   0x08004c80   0x00000094   Code   RO         8737    i.LaserModule_TurnOnTheLaserPointer  laserpositioning_task.o
    0x08004d14   0x08004d14   0x00000040   Code   RO         8280    i.LaserPositionin_UART4_RxCallback  service_communication.o
    0x08004d54   0x08004d54   0x00000040   Code   RO         8281    i.LaserPositionin_UART6_RxCallback  service_communication.o
    0x08004d94   0x08004d94   0x000000e0   Code   RO         8740    i.LaserPositioning_Task  laserpositioning_task.o
    0x08004e74   0x08004e74   0x0000000c   Code   RO         8677    i.Lora_Task1        lora.o
    0x08004e80   0x08004e80   0x000000c8   Code   RO         6142    i.Lora_UART2_RxCallback  drive_atk_mw1278d_uart.o
    0x08004f48   0x08004f48   0x00000044   Code   RO          326    i.MX_CAN1_Init      can.o
    0x08004f8c   0x08004f8c   0x00000044   Code   RO          327    i.MX_CAN2_Init      can.o
    0x08004fd0   0x08004fd0   0x000000f8   Code   RO          373    i.MX_DMA_Init       dma.o
    0x080050c8   0x080050c8   0x00000108   Code   RO          282    i.MX_FREERTOS_Init  freertos.o
    0x080051d0   0x080051d0   0x00000150   Code   RO          257    i.MX_GPIO_Init      gpio.o
    0x08005320   0x08005320   0x00000044   Code   RO          399    i.MX_SPI1_Init      spi.o
    0x08005364   0x08005364   0x0000006c   Code   RO          442    i.MX_TIM10_Init     tim.o
    0x080053d0   0x080053d0   0x0000006c   Code   RO          443    i.MX_TIM4_Init      tim.o
    0x0800543c   0x0800543c   0x0000004c   Code   RO          444    i.MX_TIM6_Init      tim.o
    0x08005488   0x08005488   0x00000038   Code   RO          501    i.MX_UART4_Init     usart.o
    0x080054c0   0x080054c0   0x00000038   Code   RO          502    i.MX_USART1_UART_Init  usart.o
    0x080054f8   0x080054f8   0x00000038   Code   RO          503    i.MX_USART2_UART_Init  usart.o
    0x08005530   0x08005530   0x00000038   Code   RO          504    i.MX_USART3_UART_Init  usart.o
    0x08005568   0x08005568   0x00000038   Code   RO          505    i.MX_USART6_UART_Init  usart.o
    0x080055a0   0x080055a0   0x00000004   Code   RO          584    i.MemManage_Handler  stm32f4xx_it.o
    0x080055a4   0x080055a4   0x0000002e   Code   RO         8745    i.MyUART_Transmit   laserpositioning_task.o
    0x080055d2   0x080055d2   0x00000004   Code   RO          585    i.NMI_Handler       stm32f4xx_it.o
    0x080055d6   0x080055d6   0x00000022   Code   RO         5977    i.PWM_ReInit        drive_tim.o
    0x080055f8   0x080055f8   0x000000ec   Code   RO         7670    i.Position_UART3_RxCallback  position.o
    0x080056e4   0x080056e4   0x000000ac   Code   RO         7671    i.Reposition_SendData  position.o
    0x08005790   0x08005790   0x00000028   Code   RO         3290    i.SPI_DMAError      stm32f4xx_hal_spi.o
    0x080057b8   0x080057b8   0x0000000e   Code   RO         3292    i.SPI_DMAHalfTransmitCplt  stm32f4xx_hal_spi.o
    0x080057c6   0x080057c6   0x00000080   Code   RO         3296    i.SPI_DMATransmitCplt  stm32f4xx_hal_spi.o
    0x08005846   0x08005846   0x00000002   PAD
    0x08005848   0x08005848   0x00000088   Code   RO         3300    i.SPI_EndRxTxTransaction  stm32f4xx_hal_spi.o
    0x080058d0   0x080058d0   0x000000d8   Code   RO         3305    i.SPI_WaitFlagStateUntilTimeout  stm32f4xx_hal_spi.o
    0x080059a8   0x080059a8   0x00000036   Code   RO         5978    i.Set_PwmDuty       drive_tim.o
    0x080059de   0x080059de   0x00000002   PAD
    0x080059e0   0x080059e0   0x00000164   Code   RO         8902    i.Shoot_JudgeTask   chassis_task.o
    0x08005b44   0x08005b44   0x00000016   Code   RO         5124    i.SysTick_Handler   cmsis_os2.o
    0x08005b5a   0x08005b5a   0x00000002   PAD
    0x08005b5c   0x08005b5c   0x000000b4   Code   RO           15    i.SystemClock_Config  main.o
    0x08005c10   0x08005c10   0x00000014   Code   RO         3947    i.SystemInit        system_stm32f4xx.o
    0x08005c24   0x08005c24   0x000000f4   Code   RO         8399    i.System_Resource_Init  service_config.o
    0x08005d18   0x08005d18   0x00000010   Code   RO          586    i.TIM3_IRQHandler   stm32f4xx_it.o
    0x08005d28   0x08005d28   0x00000010   Code   RO          587    i.TIM4_IRQHandler   stm32f4xx_it.o
    0x08005d38   0x08005d38   0x00000010   Code   RO          588    i.TIM6_DAC_IRQHandler  stm32f4xx_it.o
    0x08005d48   0x08005d48   0x000000e0   Code   RO          928    i.TIM_Base_SetConfig  stm32f4xx_hal_tim.o
    0x08005e28   0x08005e28   0x00000022   Code   RO          929    i.TIM_CCxChannelCmd  stm32f4xx_hal_tim.o
    0x08005e4a   0x08005e4a   0x00000016   Code   RO          939    i.TIM_ETR_SetConfig  stm32f4xx_hal_tim.o
    0x08005e60   0x08005e60   0x00000012   Code   RO          940    i.TIM_ITRx_SetConfig  stm32f4xx_hal_tim.o
    0x08005e72   0x08005e72   0x00000002   PAD
    0x08005e74   0x08005e74   0x00000070   Code   RO          941    i.TIM_OC1_SetConfig  stm32f4xx_hal_tim.o
    0x08005ee4   0x08005ee4   0x0000007c   Code   RO          942    i.TIM_OC2_SetConfig  stm32f4xx_hal_tim.o
    0x08005f60   0x08005f60   0x00000078   Code   RO          943    i.TIM_OC3_SetConfig  stm32f4xx_hal_tim.o
    0x08005fd8   0x08005fd8   0x00000054   Code   RO          944    i.TIM_OC4_SetConfig  stm32f4xx_hal_tim.o
    0x0800602c   0x0800602c   0x00000026   Code   RO          946    i.TIM_TI1_ConfigInputStage  stm32f4xx_hal_tim.o
    0x08006052   0x08006052   0x00000028   Code   RO          948    i.TIM_TI2_ConfigInputStage  stm32f4xx_hal_tim.o
    0x0800607a   0x0800607a   0x00000002   PAD
    0x0800607c   0x0800607c   0x00000020   Code   RO         5980    i.Timer_Init        drive_tim.o
    0x0800609c   0x0800609c   0x00000018   Code   RO          589    i.UART4_IRQHandler  stm32f4xx_it.o
    0x080060b4   0x080060b4   0x00000012   Code   RO         3616    i.UART_DMAAbortOnError  stm32f4xx_hal_uart.o
    0x080060c6   0x080060c6   0x00000050   Code   RO         3617    i.UART_DMAError     stm32f4xx_hal_uart.o
    0x08006116   0x08006116   0x000000b4   Code   RO         3618    i.UART_DMAReceiveCplt  stm32f4xx_hal_uart.o
    0x080061ca   0x080061ca   0x00000024   Code   RO         3620    i.UART_DMARxHalfCplt  stm32f4xx_hal_uart.o
    0x080061ee   0x080061ee   0x0000006c   Code   RO         3626    i.UART_EndRxTransfer  stm32f4xx_hal_uart.o
    0x0800625a   0x0800625a   0x00000020   Code   RO         3627    i.UART_EndTransmit_IT  stm32f4xx_hal_uart.o
    0x0800627a   0x0800627a   0x00000026   Code   RO         3628    i.UART_EndTxTransfer  stm32f4xx_hal_uart.o
    0x080062a0   0x080062a0   0x000000fc   Code   RO         3629    i.UART_Receive_IT   stm32f4xx_hal_uart.o
    0x0800639c   0x0800639c   0x0000022c   Code   RO         3630    i.UART_SetConfig    stm32f4xx_hal_uart.o
    0x080065c8   0x080065c8   0x000000d8   Code   RO         3631    i.UART_Start_Receive_DMA  stm32f4xx_hal_uart.o
    0x080066a0   0x080066a0   0x00000060   Code   RO         3633    i.UART_Transmit_IT  stm32f4xx_hal_uart.o
    0x08006700   0x08006700   0x0000008c   Code   RO         3634    i.UART_WaitOnFlagUntilTimeout  stm32f4xx_hal_uart.o
    0x0800678c   0x0800678c   0x00000018   Code   RO          590    i.USART1_IRQHandler  stm32f4xx_it.o
    0x080067a4   0x080067a4   0x00000018   Code   RO          591    i.USART2_IRQHandler  stm32f4xx_it.o
    0x080067bc   0x080067bc   0x00000018   Code   RO          592    i.USART3_IRQHandler  stm32f4xx_it.o
    0x080067d4   0x080067d4   0x00000018   Code   RO          593    i.USART6_IRQHandler  stm32f4xx_it.o
    0x080067ec   0x080067ec   0x00000194   Code   RO         6049    i.Uart_Init         drive_uart.o
    0x08006980   0x08006980   0x00000018   Code   RO         6050    i.Uart_Receive_Handler  drive_uart.o
    0x08006998   0x08006998   0x00000050   Code   RO         6051    i.Uart_Rx_Idle_Callback  drive_uart.o
    0x080069e8   0x080069e8   0x00000088   Code   RO         7672    i.Update_RawPosition  position.o
    0x08006a70   0x08006a70   0x00000010   Code   RO         5981    i.Update_SystemTick  drive_tim.o
    0x08006a80   0x08006a80   0x00000004   Code   RO          594    i.UsageFault_Handler  stm32f4xx_it.o
    0x08006a84   0x08006a84   0x00000004   Code   RO         6052    i.Usart_Rx_Callback_Register  drive_uart.o
    0x08006a88   0x08006a88   0x0000000a   Code   RO         8460    i.User_Debug_Task   user_debug.o
    0x08006a92   0x08006a92   0x00000002   PAD
    0x08006a94   0x08006a94   0x000000dc   Code   RO         8055    i.View_UART1_RxCallback  viewcommunication.o
    0x08006b70   0x08006b70   0x00000030   Code   RO         6201    i.WS2812B_SetAllColor  drive_ws2812.o
    0x08006ba0   0x08006ba0   0x0000005c   Code   RO         6202    i.WS2812b_Send      drive_ws2812.o
    0x08006bfc   0x08006bfc   0x000000bc   Code   RO         6203    i.WS2812b_Set       drive_ws2812.o
    0x08006cb8   0x08006cb8   0x000000a8   Code   RO         8903    i._Z12LED_InfoSendv  chassis_task.o
    0x08006d60   0x08006d60   0x00000270   Code   RO         8904    i._Z12PidParamInitv  chassis_task.o
    0x08006fd0   0x08006fd0   0x00000040   Code   RO         6371    i._Z14pid_param_initP6_PID_T6pid_stffffffff  pid.o
    0x08007010   0x08007010   0x0000006c   Code   RO         8107    i._Z16plan_global_initv  speed_calculate.o
    0x0800707c   0x0800707c   0x00000450   Code   RO         8108    i._Z17plan_global_speedffffPfS_  speed_calculate.o
    0x080074cc   0x080074cc   0x000000dc   Code   RO         7879    i._Z18ChassisYaw_ControlfPf  speed_action.o
    0x080075a8   0x080075a8   0x00000088   Code   RO         8109    i._Z21speed_world_calculatePfS_  speed_calculate.o
    0x08007630   0x08007630   0x0000001c   Code   RO         6519    i._Z22_tool_buffer_get_int16PKhPi  tool.o
    0x0800764c   0x0800764c   0x00000030   Code   RO         6520    i._Z22_tool_buffer_get_int32PKhPi  tool.o
    0x0800767c   0x0800767c   0x0000002e   Code   RO         6526    i._Z25_tool_buffer_append_int32PhiPi  tool.o
    0x080076aa   0x080076aa   0x00000002   PAD
    0x080076ac   0x080076ac   0x00000290   Code   RO         6373    i._Z8pid_calcP6_PID_Tff  pid.o
    0x0800793c   0x0800793c   0x000000dc   Code   RO         7481    i._ZN10Motor_Base12update_angleEPh  chassis_swerve.o
    0x08007a18   0x08007a18   0x0000004e   Code   RO         8565    i._ZN10Motor_C62014CanMsg_ProcessER9CAN_TxMsg  user_debug.o
    0x08007a66   0x08007a66   0x00000028   Code   RO         8350    i._ZN10Motor_C6206updateEPh  service_communication.o
    0x08007a8e   0x08007a8e   0x00000002   PAD
    0x08007a90   0x08007a90   0x00000034   Code   RO         8975    i._ZN10Motor_C620C1Eh  chassis_task.o
    0x08007ac4   0x08007ac4   0x0000000e   Code   RO         8499    i._ZN10Motor_C620D1Ev  user_debug.o
    0x08007ad2   0x08007ad2   0x00000002   PAD
    0x08007ad4   0x08007ad4   0x00000110   Code   RO         6725    i._ZN10Reposition19Reposition_Calc_VPCEff  relocate.o
    0x08007be4   0x08007be4   0x0000000e   Code   RO         7515    i._ZN11Motor_Speed12update_speedEPh  chassis_swerve.o
    0x08007bf2   0x08007bf2   0x00000002   PAD
    0x08007bf4   0x08007bf4   0x00000048   Code   RO         8493    i._ZN11Motor_SpeedC2Eh  user_debug.o
    0x08007c3c   0x08007c3c   0x00000008   Code   RO         7429    i._ZN11Motor_SpeedD2Ev  chassis_swerve.o
    0x08007c44   0x08007c44   0x00000024   Code   RO         7126    i._ZN12Chassis_Base25ChassisVel_Trans_MotorRPMEff  omni_chassis.o
    0x08007c68   0x08007c68   0x00000014   Code   RO         7072    i._ZN12Omni_Chassis13Motor_ControlEv  omni_chassis.o
    0x08007c7c   0x08007c7c   0x00000026   Code   RO         7073    i._ZN12Omni_Chassis13Pid_Mode_InitEiffbb  omni_chassis.o
    0x08007ca2   0x08007ca2   0x00000052   Code   RO         7074    i._ZN12Omni_Chassis14Pid_Param_InitEiffffff  omni_chassis.o
    0x08007cf4   0x08007cf4   0x00000384   Code   RO         7075    i._ZN12Omni_Chassis18Velocity_CalculateE13Robot_Twist_t  omni_chassis.o
    0x08008078   0x08008078   0x0000009e   Code   RO         7076    i._ZN12Omni_Chassis7ControlE13Robot_Twist_t  omni_chassis.o
    0x08008116   0x08008116   0x00000002   PAD
    0x08008118   0x08008118   0x00000134   Code   RO         8987    i._ZN12Omni_ChassisC1Effif  chassis_task.o
    0x0800824c   0x0800824c   0x0000002c   Code   RO         9005    i._ZN12Omni_ChassisD1Ev  chassis_task.o
    0x08008278   0x08008278   0x00000048   Code   RO         7973    i._ZN12TrapePlannerC1Efffff  speed_action.o
    0x080082c0   0x080082c0   0x0000001a   Code   RO         6268    i._ZN13LowPassFilter1fEf  filter.o
    0x080082da   0x080082da   0x0000000e   Code   RO         6269    i._ZN13LowPassFilter2inEf  filter.o
    0x080082e8   0x080082e8   0x00000022   Code   RO         6270    i._ZN13LowPassFilter3outEv  filter.o
    0x0800830a   0x0800830a   0x00000002   PAD
    0x0800830c   0x0800830c   0x00000018   Code   RO         8999    i._ZN13LowPassFilterC1Ef  chassis_task.o
    0x08008324   0x08008324   0x000000d0   Code   RO         6638    i._ZN15ShootController12GetShootInfoEffffPNS_12Shoot_Info_EE  shoot.o
    0x080083f4   0x080083f4   0x000000d8   Code   RO         6640    i._ZN15ShootController19GetShootSpeed_AfterEf  shoot.o
    0x080084cc   0x080084cc   0x00000030   Code   RO         6644    i._ZN15ShootController4InitEPKNS_13SplineSegmentEPKfti  shoot.o
    0x080084fc   0x080084fc   0x0000001a   Code   RO         6646    i._ZN15ShootControllerC1Ev  shoot.o
    0x08008516   0x08008516   0x00000012   Code   RO         7792    i._ZN3PID13PID_Mode_InitEffbb  launcher.o
    0x08008528   0x08008528   0x00000018   Code   RO         6375    i._ZN3PID14PID_Param_InitEffffff  pid.o
    0x08008540   0x08008540   0x000002b8   Code   RO         6376    i._ZN3PID6AdjustEv  pid.o
    0x080087f8   0x080087f8   0x000000e0   Code   RO         8969    i._ZN3PIDC1Ev       chassis_task.o
    0x080088d8   0x080088d8   0x00000014   Code   RO         9011    i._ZN3PIDD1Ev       chassis_task.o
    0x080088ec   0x080088ec   0x0000002c   Code   RO         8357    i._ZN4VESC11update_vescEP13CAN_RxMessage  service_communication.o
    0x08008918   0x08008918   0x00000024   Code   RO         7549    i._ZN4VESC12update_angleEPh  chassis_swerve.o
    0x0800893c   0x0800893c   0x00000060   Code   RO         7543    i._ZN4VESC12update_speedEPh  chassis_swerve.o
    0x0800899c   0x0800899c   0x000000e0   Code   RO         7530    i._ZN4VESC14CanMsg_ProcessER9CAN_TxMsg  chassis_swerve.o
    0x08008a7c   0x08008a7c   0x00000030   Code   RO         7536    i._ZN4VESC6updateEPh  chassis_swerve.o
    0x08008aac   0x08008aac   0x00000078   Code   RO         7414    i._ZN4VESCC1ERKS_   chassis_swerve.o
    0x08008b24   0x08008b24   0x00000034   Code   RO         8981    i._ZN4VESCC1Eh      chassis_task.o
    0x08008b58   0x08008b58   0x00000010   Code   RO         7408    i._ZN4VESCD1Ev      chassis_swerve.o
    0x08008b68   0x08008b68   0x000000c8   Code   RO         6950    i._ZN6AirJoy11data_updateEtt  air_joy.o
    0x08008c30   0x08008c30   0x0000008c   Code   RO         8957    i._ZN8Launcher13Pid_Mode_InitEiffbb  chassis_task.o
    0x08008cbc   0x08008cbc   0x000000c4   Code   RO         8963    i._ZN8Launcher14Pid_Param_InitEiffffff  chassis_task.o
    0x08008d80   0x08008d80   0x0000007c   Code   RO         7723    i._ZN8Launcher15LaunchMotorCtrlEv  launcher.o
    0x08008dfc   0x08008dfc   0x000001ec   Code   RO         8993    i._ZN8LauncherC1Efff  chassis_task.o
    0x08008fe8   0x08008fe8   0x0000006c   Code   RO         9008    i._ZN8LauncherD1Ev  chassis_task.o
    0x08009054   0x08009054   0x0000007c   Code   RO         6377    i._ZN8PidTimer16update_timeStampEv  pid.o
    0x080090d0   0x080090d0   0x00000014   Code   RO         6378    i._ZN8PidTimer19getMicroTick_registEPFjvE  pid.o
    0x080090e4   0x080090e4   0x00000010   Code   RO         8502    i._ZN9DM_DriverD1Ev  user_debug.o
    0x080090f4   0x080090f4   0x00000010   Code   RO         8508    i._ZN9RM_CommonD2Ev  user_debug.o
    0x08009104   0x08009104   0x0000000c   Code   RO         7494    i._ZNK10Motor_Base19ENCODER_ANGLE_RATIOEv  chassis_swerve.o
    0x08009110   0x08009110   0x00000006   Code   RO         7475    i._ZNK10Motor_Base21GET_MOTOR_DESCRIPTIONEv  chassis_swerve.o
    0x08009116   0x08009116   0x00000002   PAD
    0x08009118   0x08009118   0x0000000c   Code   RO         8559    i._ZNK10Motor_C62011MAX_CURRENTEv  user_debug.o
    0x08009124   0x08009124   0x00000006   Code   RO         8572    i._ZNK10Motor_C62021GET_MOTOR_DESCRIPTIONEv  user_debug.o
    0x0800912a   0x0800912a   0x00000006   Code   RO         7521    i._ZNK4VESC14GET_MOTOR_FLAGEv  chassis_swerve.o
    0x08009130   0x08009130   0x00000008   Code   RO         8547    i._ZNK9RM_Common11send_id_lowEv  user_debug.o
    0x08009138   0x08009138   0x00000008   Code   RO         8541    i._ZNK9RM_Common12send_id_highEv  user_debug.o
    0x08009140   0x08009140   0x00000070   Code   RO         8614    i._ZNK9RM_Common13prepareCANMsgER9CAN_TxMsgs  user_debug.o
    0x080091b0   0x080091b0   0x00000006   Code   RO         8526    i._ZNK9RM_Common14GET_MOTOR_FLAGEv  user_debug.o
    0x080091b6   0x080091b6   0x00000018   Code   RO         6771    i._ZSt3cosf         relocate.o
    0x080091ce   0x080091ce   0x00000022   Code   RO         8151    i._ZSt3powfi        speed_calculate.o
    0x080091f0   0x080091f0   0x00000018   Code   RO         6765    i._ZSt3sinf         relocate.o
    0x08009208   0x08009208   0x00000026   Code   RO         9806    i.__ARM_fpclassifyf  m_wm.l(fpclassifyf.o)
    0x0800922e   0x0800922e   0x00000002   PAD
    0x08009230   0x08009230   0x00000010   Code   RO         2856    i.__NVIC_GetPriorityGrouping  stm32f4xx_hal_cortex.o
    0x08009240   0x08009240   0x00000028   Code   RO         2857    i.__NVIC_SetPriority  stm32f4xx_hal_cortex.o
    0x08009268   0x08009268   0x00000024   Code   RO         9419    i.__aeabi_vec_ctor_nocookie_nodtor  cpprt_w.l(aeabi_vec_ctor_nocookie_nodtor.o)
    0x0800928c   0x0800928c   0x00000010   Code   RO         9307    i.__cxa_guard_acquire  cpprt_w.l(cxa_guard_acquire.o)
    0x0800929c   0x0800929c   0x00000006   Code   RO         5126    i.__get_IPSR        cmsis_os2.o
    0x080092a2   0x080092a2   0x00000002   PAD
    0x080092a4   0x080092a4   0x00000250   Code   RO         9463    i.__hardfp_atan2f   m_wm.l(atan2f.o)
    0x080094f4   0x080094f4   0x00000150   Code   RO         9475    i.__hardfp_cosf     m_wm.l(cosf.o)
    0x08009644   0x08009644   0x00000664   Code   RO         9487    i.__hardfp_powf     m_wm.l(powf.o)
    0x08009ca8   0x08009ca8   0x00000190   Code   RO         9501    i.__hardfp_sinf     m_wm.l(sinf.o)
    0x08009e38   0x08009e38   0x0000007a   Code   RO         9513    i.__hardfp_sqrt     m_wm.l(sqrt.o)
    0x08009eb2   0x08009eb2   0x0000003a   Code   RO         9525    i.__hardfp_sqrtf    m_wm.l(sqrtf.o)
    0x08009eec   0x08009eec   0x00000014   Code   RO         9808    i.__mathlib_flt_divzero  m_wm.l(funder.o)
    0x08009f00   0x08009f00   0x00000006   Code   RO         9809    i.__mathlib_flt_infnan  m_wm.l(funder.o)
    0x08009f06   0x08009f06   0x00000006   Code   RO         9810    i.__mathlib_flt_infnan2  m_wm.l(funder.o)
    0x08009f0c   0x08009f0c   0x00000010   Code   RO         9811    i.__mathlib_flt_invalid  m_wm.l(funder.o)
    0x08009f1c   0x08009f1c   0x00000010   Code   RO         9812    i.__mathlib_flt_overflow  m_wm.l(funder.o)
    0x08009f2c   0x08009f2c   0x00000010   Code   RO         9814    i.__mathlib_flt_underflow  m_wm.l(funder.o)
    0x08009f3c   0x08009f3c   0x00000154   Code   RO         9822    i.__mathlib_rredf2  m_wm.l(rredf.o)
    0x0800a090   0x0800a090   0x00000038   Code   RO         6951    i.__sti___11_air_joy_cpp_air_joy  air_joy.o
    0x0800a0c8   0x0800a0c8   0x00000028   Code   RO         8843    i.__sti___11_fsm_joy_cpp_24180372  fsm_joy.o
    0x0800a0f0   0x0800a0f0   0x00000028   Code   RO         7725    i.__sti___12_launcher_cpp_5270b09b  launcher.o
    0x0800a118   0x0800a118   0x00000028   Code   RO         8191    i.__sti___13_data_pool_cpp_35791fe7  data_pool.o
    0x0800a140   0x0800a140   0x0000010c   Code   RO         8461    i.__sti___14_user_debug_cpp_M3508  user_debug.o
    0x0800a24c   0x0800a24c   0x000000a4   Code   RO         8906    i.__sti___16_chassis_task_cpp_ebda1355  chassis_task.o
    0x0800a2f0   0x0800a2f0   0x0000004c   Code   RO         7881    i.__sti___16_speed_action_cpp_0b24b1b6  speed_action.o
    0x0800a33c   0x0800a33c   0x0000005c   Code   RO         9223    i.__sti___17_relocate_task_cpp_relocate  relocate_task.o
    0x0800a398   0x0800a398   0x00000028   Code   RO         8400    i.__sti___18_service_config_cpp_be46bf9b  service_config.o
    0x0800a3c0   0x0800a3c0   0x00000028   Code   RO         8284    i.__sti___25_service_communication_cpp_06a294b1  service_communication.o
    0x0800a3e8   0x0800a3e8   0x0000003c   Code   RO         5793    i.comm_can_transmit_extid  drive_can.o
    0x0800a424   0x0800a424   0x0000003a   Code   RO         5794    i.comm_can_transmit_stdid  drive_can.o
    0x0800a45e   0x0800a45e   0x00000050   Code   RO           16    i.main              main.o
    0x0800a4ae   0x0800a4ae   0x0000001e   Code   RO         5127    i.osDelay           cmsis_os2.o
    0x0800a4cc   0x0800a4cc   0x0000002c   Code   RO         5141    i.osKernelInitialize  cmsis_os2.o
    0x0800a4f8   0x0800a4f8   0x00000060   Code   RO         5144    i.osKernelStart     cmsis_os2.o
    0x0800a558   0x0800a558   0x000000b8   Code   RO         5186    i.osThreadNew       cmsis_os2.o
    0x0800a610   0x0800a610   0x000000ac   Code   RO         6146    i.parse_data        drive_atk_mw1278d_uart.o
    0x0800a6bc   0x0800a6bc   0x0000007c   Code   RO         4564    i.prvAddCurrentTaskToDelayedList  tasks.o
    0x0800a738   0x0800a738   0x000000b8   Code   RO         4565    i.prvAddNewTaskToReadyList  tasks.o
    0x0800a7f0   0x0800a7f0   0x00000074   Code   RO         4940    i.prvCheckForValidListAndQueue  timers.o
    0x0800a864   0x0800a864   0x00000048   Code   RO         4566    i.prvCheckTasksWaitingTermination  tasks.o
    0x0800a8ac   0x0800a8ac   0x0000002a   Code   RO         4151    i.prvCopyDataFromQueue  queue.o
    0x0800a8d6   0x0800a8d6   0x0000007e   Code   RO         4152    i.prvCopyDataToQueue  queue.o
    0x0800a954   0x0800a954   0x00000050   Code   RO         4567    i.prvDeleteTCB      tasks.o
    0x0800a9a4   0x0800a9a4   0x00000028   Code   RO         4941    i.prvGetNextExpireTime  timers.o
    0x0800a9cc   0x0800a9cc   0x0000007c   Code   RO         5654    i.prvHeapInit       heap_4.o
    0x0800aa48   0x0800aa48   0x00000028   Code   RO         4568    i.prvIdleTask       tasks.o
    0x0800aa70   0x0800aa70   0x0000002a   Code   RO         4155    i.prvInitialiseNewQueue  queue.o
    0x0800aa9a   0x0800aa9a   0x000000be   Code   RO         4569    i.prvInitialiseNewTask  tasks.o
    0x0800ab58   0x0800ab58   0x00000068   Code   RO         4570    i.prvInitialiseTaskLists  tasks.o
    0x0800abc0   0x0800abc0   0x00000068   Code   RO         5655    i.prvInsertBlockIntoFreeList  heap_4.o
    0x0800ac28   0x0800ac28   0x00000058   Code   RO         4943    i.prvInsertTimerInActiveList  timers.o
    0x0800ac80   0x0800ac80   0x0000001a   Code   RO         4156    i.prvIsQueueEmpty   queue.o
    0x0800ac9a   0x0800ac9a   0x0000001e   Code   RO         4157    i.prvIsQueueFull    queue.o
    0x0800acb8   0x0800acb8   0x00000074   Code   RO         4944    i.prvProcessExpiredTimer  timers.o
    0x0800ad2c   0x0800ad2c   0x00000164   Code   RO         4945    i.prvProcessReceivedCommands  timers.o
    0x0800ae90   0x0800ae90   0x00000074   Code   RO         4946    i.prvProcessTimerOrBlockTask  timers.o
    0x0800af04   0x0800af04   0x00000034   Code   RO         4572    i.prvResetNextTaskUnblockTime  tasks.o
    0x0800af38   0x0800af38   0x0000002c   Code   RO         4947    i.prvSampleTimeNow  timers.o
    0x0800af64   0x0800af64   0x000000a4   Code   RO         4948    i.prvSwitchTimerLists  timers.o
    0x0800b008   0x0800b008   0x00000040   Code   RO         5710    i.prvTaskExitError  port.o
    0x0800b048   0x0800b048   0x0000001a   Code   RO         4949    i.prvTimerTask      timers.o
    0x0800b062   0x0800b062   0x0000007e   Code   RO         4158    i.prvUnlockQueue    queue.o
    0x0800b0e0   0x0800b0e0   0x0000014c   Code   RO         5656    i.pvPortMalloc      heap_4.o
    0x0800b22c   0x0800b22c   0x0000002c   Code   RO         5711    i.pxPortInitialiseStack  port.o
    0x0800b258   0x0800b258   0x000000bc   Code   RO         9224    i.relocate_task     relocate_task.o
    0x0800b314   0x0800b314   0x00000028   Code   RO         4111    i.uxListRemove      list.o
    0x0800b33c   0x0800b33c   0x00000018   Code   RO         5198    i.vApplicationGetIdleTaskMemory  cmsis_os2.o
    0x0800b354   0x0800b354   0x00000018   Code   RO         5199    i.vApplicationGetTimerTaskMemory  cmsis_os2.o
    0x0800b36c   0x0800b36c   0x0000001a   Code   RO         4112    i.vListInitialise   list.o
    0x0800b386   0x0800b386   0x00000006   Code   RO         4113    i.vListInitialiseItem  list.o
    0x0800b38c   0x0800b38c   0x00000034   Code   RO         4114    i.vListInsert       list.o
    0x0800b3c0   0x0800b3c0   0x00000018   Code   RO         4115    i.vListInsertEnd    list.o
    0x0800b3d8   0x0800b3d8   0x00000054   Code   RO         5713    i.vPortEnterCritical  port.o
    0x0800b42c   0x0800b42c   0x0000003c   Code   RO         5714    i.vPortExitCritical  port.o
    0x0800b468   0x0800b468   0x000000a4   Code   RO         5657    i.vPortFree         heap_4.o
    0x0800b50c   0x0800b50c   0x00000028   Code   RO         5715    i.vPortSetupTimerInterrupt  port.o
    0x0800b534   0x0800b534   0x00000078   Code   RO         5716    i.vPortValidateInterruptPriority  port.o
    0x0800b5ac   0x0800b5ac   0x0000002c   Code   RO         4164    i.vQueueAddToRegistry  queue.o
    0x0800b5d8   0x0800b5d8   0x0000004a   Code   RO         4168    i.vQueueWaitForMessageRestricted  queue.o
    0x0800b622   0x0800b622   0x00000002   PAD
    0x0800b624   0x0800b624   0x0000005c   Code   RO         4585    i.vTaskDelay        tasks.o
    0x0800b680   0x0800b680   0x000000d4   Code   RO         4586    i.vTaskDelayUntil   tasks.o
    0x0800b754   0x0800b754   0x00000018   Code   RO         4590    i.vTaskInternalSetTimeOutState  tasks.o
    0x0800b76c   0x0800b76c   0x0000000c   Code   RO         4591    i.vTaskMissedYield  tasks.o
    0x0800b778   0x0800b778   0x00000038   Code   RO         4593    i.vTaskPlaceOnEventList  tasks.o
    0x0800b7b0   0x0800b7b0   0x00000040   Code   RO         4594    i.vTaskPlaceOnEventListRestricted  tasks.o
    0x0800b7f0   0x0800b7f0   0x000000b8   Code   RO         4602    i.vTaskStartScheduler  tasks.o
    0x0800b8a8   0x0800b8a8   0x00000010   Code   RO         4604    i.vTaskSuspendAll   tasks.o
    0x0800b8b8   0x0800b8b8   0x00000090   Code   RO         4605    i.vTaskSwitchContext  tasks.o
    0x0800b948   0x0800b948   0x00000168   Code   RO         5717    i.xPortStartScheduler  port.o
    0x0800bab0   0x0800bab0   0x00000034   Code   RO         5718    i.xPortSysTickHandler  port.o
    0x0800bae4   0x0800bae4   0x0000005a   Code   RO         4173    i.xQueueGenericCreate  queue.o
    0x0800bb3e   0x0800bb3e   0x000000e0   Code   RO         4174    i.xQueueGenericCreateStatic  queue.o
    0x0800bc1e   0x0800bc1e   0x00000002   PAD
    0x0800bc20   0x0800bc20   0x00000098   Code   RO         4175    i.xQueueGenericReset  queue.o
    0x0800bcb8   0x0800bcb8   0x000001a8   Code   RO         4176    i.xQueueGenericSend  queue.o
    0x0800be60   0x0800be60   0x000000fc   Code   RO         4177    i.xQueueGenericSendFromISR  queue.o
    0x0800bf5c   0x0800bf5c   0x00000168   Code   RO         4186    i.xQueueReceive     queue.o
    0x0800c0c4   0x0800c0c4   0x0000008c   Code   RO         4607    i.xTaskCheckForTimeOut  tasks.o
    0x0800c150   0x0800c150   0x00000064   Code   RO         4608    i.xTaskCreate       tasks.o
    0x0800c1b4   0x0800c1b4   0x000000ba   Code   RO         4609    i.xTaskCreateStatic  tasks.o
    0x0800c26e   0x0800c26e   0x00000002   PAD
    0x0800c270   0x0800c270   0x00000020   Code   RO         4613    i.xTaskGetSchedulerState  tasks.o
    0x0800c290   0x0800c290   0x0000000c   Code   RO         4614    i.xTaskGetTickCount  tasks.o
    0x0800c29c   0x0800c29c   0x00000144   Code   RO         4616    i.xTaskIncrementTick  tasks.o
    0x0800c3e0   0x0800c3e0   0x000000a4   Code   RO         4619    i.xTaskPriorityDisinherit  tasks.o
    0x0800c484   0x0800c484   0x00000098   Code   RO         4621    i.xTaskRemoveFromEventList  tasks.o
    0x0800c51c   0x0800c51c   0x00000104   Code   RO         4622    i.xTaskResumeAll    tasks.o
    0x0800c620   0x0800c620   0x00000078   Code   RO         4958    i.xTimerCreateTimerTask  timers.o
    0x0800c698   0x0800c698   0x00000084   Code   RO         4959    i.xTimerGenericCommand  timers.o
    0x0800c71c   0x0800c71c   0x0000002c   Code   RO         9900    locale$$code        c_w.l(lc_ctype_c.o)
    0x0800c748   0x0800c748   0x000001a4   Code   RO         7118    t._Z14Motor_SendMsgsI10Motor_C620Li3EEvP17CAN_HandleTypeDefRAT0__T_  omni_chassis.o
    0x0800c8ec   0x0800c8ec   0x000001a4   Code   RO         7784    t._Z14Motor_SendMsgsI10Motor_C620Li4EEvP17CAN_HandleTypeDefRAT0__T_  launcher.o
    0x0800ca90   0x0800ca90   0x0000002c   Code   RO         7394    t._Z14Motor_SendMsgsI4VESCEvP17CAN_HandleTypeDefRT_  chassis_swerve.o
    0x0800cabc   0x0800cabc   0x00000160   Code   RO         7386    t._Z14Motor_SendMsgsI4VESCLi1EEvP17CAN_HandleTypeDefRAT0__T_  chassis_swerve.o
    0x0800cc1c   0x0800cc1c   0x00000028   Code   RO         6441    t._Z15_tool_ConstrainIfEvPT_S0_S0_  pid.o
    0x0800cc44   0x0800cc44   0x00000028   Code   RO         8486    t._Z16motor_constraintIfEvPT_S0_S0_  user_debug.o
    0x0800cc6c   0x0800cc6c   0x0000001a   Code   RO         6434    t._Z9_tool_AbsIfET_S0_  pid.o
    0x0800cc86   0x0800cc86   0x0000000e   Code   RO         8869    t._Z9_tool_AbsIiET_S0_  fsm_joy.o
    0x0800cc94   0x0800cc94   0x00000062   Code   RO         9425    x$fpl$d2f           fz_wm.l(d2f.o)
    0x0800ccf6   0x0800ccf6   0x00000002   PAD
    0x0800ccf8   0x0800ccf8   0x00000150   Code   RO         9427    x$fpl$dadd          fz_wm.l(daddsub_clz.o)
    0x0800ce48   0x0800ce48   0x00000018   Code   RO         9783    x$fpl$dcmpinf       fz_wm.l(dcmpi.o)
    0x0800ce60   0x0800ce60   0x000002b0   Code   RO         9434    x$fpl$ddiv          fz_wm.l(ddiv.o)
    0x0800d110   0x0800d110   0x0000002e   Code   RO         9438    x$fpl$dflt          fz_wm.l(dflt_clz.o)
    0x0800d13e   0x0800d13e   0x00000002   PAD
    0x0800d140   0x0800d140   0x00000078   Code   RO         9443    x$fpl$dleqf         fz_wm.l(dleqf.o)
    0x0800d1b8   0x0800d1b8   0x00000154   Code   RO         9445    x$fpl$dmul          fz_wm.l(dmul.o)
    0x0800d30c   0x0800d30c   0x0000009c   Code   RO         9785    x$fpl$dnaninf       fz_wm.l(dnaninf.o)
    0x0800d3a8   0x0800d3a8   0x0000000c   Code   RO         9787    x$fpl$dretinf       fz_wm.l(dretinf.o)
    0x0800d3b4   0x0800d3b4   0x0000006c   Code   RO         9447    x$fpl$drleqf        fz_wm.l(drleqf.o)
    0x0800d420   0x0800d420   0x00000198   Code   RO         9789    x$fpl$dsqrt         fz_wm.l(dsqrt_umaal.o)
    0x0800d5b8   0x0800d5b8   0x000001d4   Code   RO         9429    x$fpl$dsub          fz_wm.l(daddsub_clz.o)
    0x0800d78c   0x0800d78c   0x00000056   Code   RO         9449    x$fpl$f2d           fz_wm.l(f2d.o)
    0x0800d7e2   0x0800d7e2   0x0000008c   Code   RO         9791    x$fpl$fnaninf       fz_wm.l(fnaninf.o)
    0x0800d86e   0x0800d86e   0x0000000a   Code   RO         9942    x$fpl$fpinit        fz_wm.l(fpinit.o)
    0x0800d878   0x0800d878   0x0000000a   Code   RO         9793    x$fpl$fretinf       fz_wm.l(fretinf.o)
    0x0800d882   0x0800d882   0x00000000   Code   RO         9805    x$fpl$usenofp       fz_wm.l(usenofp.o)
    0x0800d882   0x0800d882   0x00000002   PAD
    0x0800d884   0x0800d884   0x00000168   Data   RO          283    .constdata          freertos.o
    0x0800d9ec   0x0800d9ec   0x00000008   Data   RO         2570    .constdata          stm32f4xx_hal_dma.o
    0x0800d9f4   0x0800d9f4   0x00000018   Data   RO         3948    .constdata          system_stm32f4xx.o
    0x0800da0c   0x0800da0c   0x00000014   Data   RO         6956    .constdata          air_joy.o
    0x0800da20   0x0800da20   0x00000020   Data   RO         8847    .constdata          fsm_joy.o
    0x0800da40   0x0800da40   0x000001bc   Data   RO         8914    .constdata          chassis_task.o
    0x0800dbfc   0x0800dbfc   0x00000140   Data   RO         9490    .constdata          m_wm.l(powf.o)
    0x0800dd3c   0x0800dd3c   0x00000020   Data   RO         9823    .constdata          m_wm.l(rredf.o)
    0x0800dd5c   0x0800dd5c   0x00000038   Data   RO         7436    .constdata__ZTV10Motor_Base  chassis_swerve.o
    0x0800dd94   0x0800dd94   0x00000048   Data   RO         8517    .constdata__ZTV10Motor_C620  user_debug.o
    0x0800dddc   0x0800dddc   0x00000040   Data   RO         7438    .constdata__ZTV11Motor_Speed  chassis_swerve.o
    0x0800de1c   0x0800de1c   0x00000014   Data   RO         7980    .constdata__ZTV11PlannerBase  speed_action.o
    0x0800de30   0x0800de30   0x00000014   Data   RO         6475    .constdata__ZTV12TrapePlanner  speed_plan.o
    0x0800de44   0x0800de44   0x00000040   Data   RO         7440    .constdata__ZTV4VESC  chassis_swerve.o
    0x0800de84   0x0800de84   0x00000044   Data   RO         8519    .constdata__ZTV9DM_Driver  user_debug.o
    0x0800dec8   0x0800dec8   0x00000048   Data   RO         8515    .constdata__ZTV9RM_Common  user_debug.o
    0x0800df10   0x0800df10   0x00000070   Data   RO          284    .conststring        freertos.o
    0x0800df80   0x0800df80   0x00000020   Data   RO        10083    Region$$Table       anon$$obj.o
    0x0800dfa0   0x0800dfa0   0x00000110   Data   RO         9899    locale$$data        c_w.l(lc_ctype_c.o)
    0x0800e0b0   0x0800e0b0   0x00000004   Data   RO         6957    .init_array         air_joy.o
    0x0800e0b4   0x0800e0b0   0x00000004   Data   RO         7736    .init_array         launcher.o
    0x0800e0b8   0x0800e0b0   0x00000004   Data   RO         7897    .init_array         speed_action.o
    0x0800e0bc   0x0800e0b0   0x00000004   Data   RO         8196    .init_array         data_pool.o
    0x0800e0c0   0x0800e0b0   0x00000004   Data   RO         8295    .init_array         service_communication.o
    0x0800e0c4   0x0800e0b0   0x00000004   Data   RO         8405    .init_array         service_config.o
    0x0800e0c8   0x0800e0b0   0x00000004   Data   RO         8465    .init_array         user_debug.o
    0x0800e0cc   0x0800e0b0   0x00000004   Data   RO         8849    .init_array         fsm_joy.o
    0x0800e0d0   0x0800e0b0   0x00000004   Data   RO         8916    .init_array         chassis_task.o
    0x0800e0d4   0x0800e0b0   0x00000004   Data   RO         9228    .init_array         relocate_task.o
    0x0800e0d8   0x0800e0b0   0x00000000   Data   RO         9296    .init_array         c_w.l(init_aeabi.o)


    Execution Region RW_IRAM1 (Exec base: 0x20000000, Load base: 0x0800e0d8, Size: 0x00006f18, Max: 0x00020000, ABSOLUTE, COMPRESSED[0x00000080])

    Exec Addr    Load Addr    Size         Type   Attr      Idx    E Section Name        Object

    0x20000000   COMPRESSED   0x00000028   Data   RW          285    .data               freertos.o
    0x20000028   COMPRESSED   0x00000004   Data   RW          329    .data               can.o
    0x2000002c   COMPRESSED   0x00000009   Data   RW         3020    .data               stm32f4xx_hal.o
    0x20000035   COMPRESSED   0x00000003   PAD
    0x20000038   COMPRESSED   0x00000004   Data   RW         3949    .data               system_stm32f4xx.o
    0x2000003c   COMPRESSED   0x0000003c   Data   RW         4625    .data               tasks.o
    0x20000078   COMPRESSED   0x00000014   Data   RW         4967    .data               timers.o
    0x2000008c   COMPRESSED   0x00000004   Data   RW         5201    .data               cmsis_os2.o
    0x20000090   COMPRESSED   0x00000020   Data   RW         5663    .data               heap_4.o
    0x200000b0   COMPRESSED   0x0000000c   Data   RW         5719    .data               port.o
    0x200000bc   COMPRESSED   0x00000008   Data   RW         5796    .data               drive_can.o
    0x200000c4   COMPRESSED   0x0000000c   Data   RW         5984    .data               drive_tim.o
    0x200000d0   COMPRESSED   0x00000002   Data   RW         6057    .data               drive_uart.o
    0x200000d2   COMPRESSED   0x00000002   PAD
    0x200000d4   COMPRESSED   0x00000036   Data   RW         6148    .data               drive_atk_mw1278d_uart.o
    0x2000010a   COMPRESSED   0x00000078   Data   RW         6205    .data               drive_ws2812.o
    0x20000182   COMPRESSED   0x00000002   PAD
    0x20000184   COMPRESSED   0x00000004   Data   RW         6388    .data               pid.o
    0x20000188   COMPRESSED   0x00000074   Data   RW         7735    .data               launcher.o
    0x200001fc   COMPRESSED   0x00000064   Data   RW         7896    .data               speed_action.o
    0x20000260   COMPRESSED   0x0000000c   Data   RW         8057    .data               viewcommunication.o
    0x2000026c   COMPRESSED   0x00000014   Data   RW         8116    .data               speed_calculate.o
    0x20000280   COMPRESSED   0x0000004c   Data   RW         8195    .data               data_pool.o
    0x200002cc   COMPRESSED   0x00000010   Data   RW         8294    .data               service_communication.o
    0x200002dc   COMPRESSED   0x00000010   Data   RW         8404    .data               service_config.o
    0x200002ec   COMPRESSED   0x00000024   Data   RW         8749    .data               laserpositioning_task.o
    0x20000310   COMPRESSED   0x0000002c   Data   RW         8848    .data               fsm_joy.o
    0x2000033c   COMPRESSED   0x00000044   Data   RW         8915    .data               chassis_task.o
    0x20000380   COMPRESSED   0x00000002   Data   RW         9083    .data               led.o
    0x20000382   COMPRESSED   0x00000002   PAD
    0x20000384   COMPRESSED   0x00000019   Data   RW         9227    .data               relocate_task.o
    0x2000039d   COMPRESSED   0x00000003   PAD
    0x200003a0        -       0x00000050   Zero   RW          328    .bss                can.o
    0x200003f0        -       0x000000b8   Zero   RW          400    .bss                spi.o
    0x200004a8        -       0x000000d8   Zero   RW          445    .bss                tim.o
    0x20000580        -       0x00000528   Zero   RW          506    .bss                usart.o
    0x20000aa8        -       0x00000048   Zero   RW          797    .bss                stm32f4xx_hal_timebase_tim.o
    0x20000af0        -       0x00000040   Zero   RW         4190    .bss                queue.o
    0x20000b30        -       0x000004c4   Zero   RW         4624    .bss                tasks.o
    0x20000ff4        -       0x00000118   Zero   RW         4966    .bss                timers.o
    0x2000110c        -       0x000006d8   Zero   RW         5200    .bss                cmsis_os2.o
    0x200017e4        -       0x00003c00   Zero   RW         5662    .bss                heap_4.o
    0x200053e4        -       0x00000048   Zero   RW         5795    .bss                drive_can.o
    0x2000542c        -       0x000000b4   Zero   RW         6056    .bss                drive_uart.o
    0x200054e0        -       0x00000128   Zero   RW         6147    .bss                drive_atk_mw1278d_uart.o
    0x20005608        -       0x000003c0   Zero   RW         6204    .bss                drive_ws2812.o
    0x200059c8        -       0x0000003c   Zero   RW         6955    .bss                air_joy.o
    0x20005a04        -       0x00000060   Zero   RW         7673    .bss                position.o
    0x20005a64        -       0x0000004c   Zero   RW         7895    .bss                speed_action.o
    0x20005ab0        -       0x0000002c   Zero   RW         8056    .bss                viewcommunication.o
    0x20005adc        -       0x000000d0   Zero   RW         8115    .bss                speed_calculate.o
    0x20005bac        -       0x000000b9   Zero   RW         8194    .bss                data_pool.o
    0x20005c65   COMPRESSED   0x00000003   PAD
    0x20005c68        -       0x000000bc   Zero   RW         8464    .bss                user_debug.o
    0x20005d24        -       0x00000038   Zero   RW         8748    .bss                laserpositioning_task.o
    0x20005d5c        -       0x00000058   Zero   RW         8846    .bss                fsm_joy.o
    0x20005db4   COMPRESSED   0x00000004   PAD
    0x20005db8        -       0x00000afc   Zero   RW         8913    .bss                chassis_task.o
    0x200068b4        -       0x00000060   Zero   RW         9826    .bss                c_w.l(libspace.o)
    0x20006914   COMPRESSED   0x00000004   PAD
    0x20006918        -       0x00000200   Zero   RW            2    HEAP                startup_stm32f407xx.o
    0x20006b18        -       0x00000400   Zero   RW            1    STACK               startup_stm32f407xx.o


==============================================================================

Image component sizes


      Code (inc. data)   RO Data    RW Data    ZI Data      Debug   Object Name

       276         18         24          0         60       6003   air_joy.o
       524         46          0          4         80       2654   can.o
      1202         82        184          0          0      17469   chassis_swerve.o
      3576        456        448         68       2812      30154   chassis_task.o
       430         38          0          4       1752      65739   cmsis_os2.o
       296         68          4         76        185      17755   data_pool.o
       248          6          0          0          0        962   dma.o
       372         56          0         54        296       3368   drive_atk_mw1278d_uart.o
       522         60          0          8         72       5365   drive_can.o
       168         16          0         12          0       4409   drive_tim.o
       512         46          0          2        180       4473   drive_uart.o
       412         24          0        120        960       6510   drive_ws2812.o
         0          0          0          0          0      19648   event_groups.o
        74          0          0          0          0       5628   filter.o
       264        120        472         40          0       2331   freertos.o
      1578        114         36         44         88       3691   fsm_joy.o
       336         14          0          0          0       1215   gpio.o
       724         74          0         32      15360       5103   heap_4.o
       930         88          0         36         56       9528   laserpositioning_task.o
       602         44          4        116          0      15998   launcher.o
       224         26          0          2          0       5154   led.o
       148          0          0          0          0       3802   list.o
        12          0          0          0          0        561   lora.o
       306         20          0          0          0     727372   main.o
      1654         42          0          0          0     625628   omni_chassis.o
      1650         34          0          4          0      10602   pid.o
      1014         92          0         12          0      12169   port.o
       544         32          0          0         96       4320   position.o
      2012         20          0          0         64      19078   queue.o
       320         20          0          0          0       7668   relocate.o
       280         60          4         25          0       2369   relocate_task.o
       564         70          4         16          0      18259   service_communication.o
       316        104          4         16          0      14958   service_config.o
       498         62          0          0          0       5370   shoot.o
       368         80         24        100         76       5756   speed_action.o
      1382        112          0         20        208       5048   speed_calculate.o
         0          0         20          0          0        291   speed_plan.o
       272         30          0          0        184       1914   spi.o
        64         26        392          0       1536        884   startup_stm32f407xx.o
        96         20          0          9          0       8318   stm32f4xx_hal.o
      2196          4          0          0          0      15281   stm32f4xx_hal_can.o
       260         22          0          0          0      33794   stm32f4xx_hal_cortex.o
      1436         16          8          0          0       7386   stm32f4xx_hal_dma.o
       540         50          0          0          0       2903   stm32f4xx_hal_gpio.o
        84          6          0          0          0        938   stm32f4xx_hal_msp.o
      1888         94          0          0          0       6601   stm32f4xx_hal_rcc.o
       992         26          0          0          0       8084   stm32f4xx_hal_spi.o
      2358        142          0          0          0      17452   stm32f4xx_hal_tim.o
       184         30          0          0          0       2685   stm32f4xx_hal_tim_ex.o
       180         20          0          0         72       1587   stm32f4xx_hal_timebase_tim.o
      3028         28          0          0          0      18493   stm32f4xx_hal_uart.o
       440        148          0          0          0      16043   stm32f4xx_it.o
         0          0          0          0          0        392   stream_buffer.o
        20          6         24          4          0       1247   system_stm32f4xx.o
      3020        358          0         60       1220      29832   tasks.o
       572         56          0          0        216       3932   tim.o
      1318        124          0         20        280      31071   timers.o
       122          0          0          0          0       3734   tool.o
      1628        152          0          0       1320       5624   usart.o
       666         78        216          0        188      14197   user_debug.o
       220         24          0         12         44       2423   viewcommunication.o

    ----------------------------------------------------------------------
     45984       3604       1900        928      27412    1931223   Object Totals
         0          0         32          0          0          0   (incl. Generated)
        62          0          0         12          7          0   (incl. Padding)

    ----------------------------------------------------------------------

      Code (inc. data)   RO Data    RW Data    ZI Data      Debug   Library Member Name

        90          0          0          0          0          0   __dczerorl2.o
         8          0          0          0          0         68   __main.o
         0          0          0          0          0          0   __rtentry.o
        12          0          0          0          0          0   __rtentry2.o
         6          0          0          0          0          0   __rtentry4.o
        52          8          0          0          0          0   __scatter.o
        28          0          0          0          0          0   __scatter_zi.o
        28          0          0          0          0         68   _chval.o
        22          0          0          0          0        100   _rserrno.o
       158          0          0          0          0         92   _strtoul.o
        46          0          0          0          0         84   aeabi_atexit.o
        16          0          0          0          0         68   aeabi_memset.o
        26          0          0          0          0         80   atoi.o
        66          0          0          0          0         84   cxa_finalize.o
        10          0          0          0          0         68   defsig_exit.o
        50          0          0          0          0         88   defsig_general.o
        80         58          0          0          0         76   defsig_rtmem_inner.o
        14          0          0          0          0         80   defsig_rtmem_outer.o
        18          0          0          0          0         80   exit.o
        94          0          0          0          0         80   h1_alloc.o
        52          0          0          0          0         68   h1_extend.o
        78          0          0          0          0         80   h1_free.o
        14          0          0          0          0         84   h1_init.o
         6          0          0          0          0        152   heapauxi.o
         4          0          0          0          0        136   hguard.o
         0          0          0          0          0          0   indicate_semi.o
        36         10          0          0          0         80   init_aeabi.o
       138          0          0          0          0        168   init_alloc.o
        44         10        272          0          0         76   lc_ctype_c.o
         2          0          0          0          0          0   libinit.o
        36          0          0          0          0          0   libinit2.o
         2          0          0          0          0          0   libshutdown.o
         8          0          0          0          0          0   libshutdown2.o
         8          4          0          0         96         68   libspace.o
       238          0          0          0          0        100   lludivv7m.o
         0          0          0          0          0          0   maybetermalloc1.o
        16          4          0          0          0         76   rt_ctype_table.o
         8          4          0          0          0         68   rt_ddtor_pointer_addr_intlibspace.o
         8          4          0          0          0         68   rt_errno_addr_intlibspace.o
         8          4          0          0          0         68   rt_heap_descriptor_intlibspace.o
         8          4          0          0          0         68   rt_locale_intlibspace.o
        68          0          0          0          0         68   rt_memclr.o
        78          0          0          0          0         80   rt_memclr_w.o
       138          0          0          0          0         68   rt_memcpy_v6.o
       100          0          0          0          0         80   rt_memcpy_w.o
         2          0          0          0          0          0   rtexit.o
        10          0          0          0          0          0   rtexit2.o
        20          0          0          0          0         68   strchr.o
       128          0          0          0          0         68   strcmpv7m.o
       112          0          0          0          0         88   strtol.o
        12          4          0          0          0         68   sys_exit.o
        74          0          0          0          0         80   sys_stackheap_outer.o
        14          0          0          0          0         76   sys_wrch.o
         2          0          0          0          0         68   use_no_semi.o
        36          0          0          0          0         84   aeabi_vec_ctor_nocookie_nodtor.o
        34          0          0          0          0         84   aeabi_vec_dtor_noexceptions.o
        16          0          0          0          0         68   cxa_guard_acquire.o
        98          4          0          0          0        140   d2f.o
       804         16          0          0          0        368   daddsub_clz.o
        24          0          0          0          0        116   dcmpi.o
       688        140          0          0          0        256   ddiv.o
        46          0          0          0          0        116   dflt_clz.o
       120          4          0          0          0        140   dleqf.o
       340         12          0          0          0        152   dmul.o
       156          4          0          0          0        140   dnaninf.o
        12          0          0          0          0        116   dretinf.o
       108          0          0          0          0        128   drleqf.o
       408         56          0          0          0        168   dsqrt_umaal.o
        86          4          0          0          0        132   f2d.o
       140          4          0          0          0        132   fnaninf.o
        10          0          0          0          0        116   fpinit.o
        10          0          0          0          0        116   fretinf.o
         0          0          0          0          0          0   usenofp.o
       592         90          0          0          0        184   atan2f.o
       336         56          0          0          0        136   cosf.o
        38          0          0          0          0        116   fpclassifyf.o
        80         24          0          0          0        696   funder.o
      1636        110        320          0          0        372   powf.o
       340         24         32          0          0        160   rredf.o
       400         56          0          0          0        212   sinf.o
       122          0          0          0          0        148   sqrt.o
        58          0          0          0          0        136   sqrtf.o

    ----------------------------------------------------------------------
      9052        718        624          0        100       8020   Library Totals
        18          0          0          0          4          0   (incl. Padding)

    ----------------------------------------------------------------------

      Code (inc. data)   RO Data    RW Data    ZI Data      Debug   Library Name

      2296        114        272          0         96       3288   c_w.l
        86          0          0          0          0        236   cpprt_w.l
      3050        244          0          0          0       2336   fz_wm.l
      3602        360        352          0          0       2160   m_wm.l

    ----------------------------------------------------------------------
      9052        718        624          0        100       8020   Library Totals

    ----------------------------------------------------------------------

==============================================================================


      Code (inc. data)   RO Data    RW Data    ZI Data      Debug   

     55036       4322       2524        928      27512    1897563   Grand Totals
     55036       4322       2524        128      27512    1897563   ELF Image Totals (compressed)
     55036       4322       2524        128          0          0   ROM Totals

==============================================================================

    Total RO  Size (Code + RO Data)                57560 (  56.21kB)
    Total RW  Size (RW Data + ZI Data)             28440 (  27.77kB)
    Total ROM Size (Code + RO Data + RW Data)      57688 (  56.34kB)

==============================================================================

